Component: ARM Compiler 5.06 update 7 (build 960) Tool: armlink [4d3601]

==============================================================================

Section Cross References

    startup_stm32h750xx.o(RESET) refers to startup_stm32h750xx.o(STACK) for __initial_sp
    startup_stm32h750xx.o(RESET) refers to startup_stm32h750xx.o(.text) for Reset_Handler
    startup_stm32h750xx.o(RESET) refers to stm32h7xx_it.o(i.NMI_Handler) for NMI_Handler
    startup_stm32h750xx.o(RESET) refers to stm32h7xx_it.o(i.HardFault_Handler) for HardFault_Handler
    startup_stm32h750xx.o(RESET) refers to stm32h7xx_it.o(i.MemManage_Handler) for MemManage_Handler
    startup_stm32h750xx.o(RESET) refers to stm32h7xx_it.o(i.BusFault_Handler) for BusFault_Handler
    startup_stm32h750xx.o(RESET) refers to stm32h7xx_it.o(i.UsageFault_Handler) for UsageFault_Handler
    startup_stm32h750xx.o(RESET) refers to port.o(.emb_text) for SVC_Handler
    startup_stm32h750xx.o(RESET) refers to stm32h7xx_it.o(i.DebugMon_Handler) for DebugMon_Handler
    startup_stm32h750xx.o(RESET) refers to cmsis_os2.o(i.SysTick_Handler) for SysTick_Handler
    startup_stm32h750xx.o(RESET) refers to stm32h7xx_it.o(i.TIM1_UP_IRQHandler) for TIM1_UP_IRQHandler
    startup_stm32h750xx.o(RESET) refers to stm32h7xx_it.o(i.ETH_IRQHandler) for ETH_IRQHandler
    startup_stm32h750xx.o(.text) refers to system_stm32h7xx.o(i.ExitRun0Mode) for ExitRun0Mode
    startup_stm32h750xx.o(.text) refers to system_stm32h7xx.o(i.SystemInit) for SystemInit
    startup_stm32h750xx.o(.text) refers to entry.o(.ARM.Collect$$$$00000000) for __main
    main.o(i.HAL_TIM_PeriodElapsedCallback) refers to stm32h7xx_hal.o(i.HAL_IncTick) for HAL_IncTick
    main.o(i.MPU_Config) refers to stm32h7xx_hal_cortex.o(i.HAL_MPU_Disable) for HAL_MPU_Disable
    main.o(i.MPU_Config) refers to stm32h7xx_hal_cortex.o(i.HAL_MPU_ConfigRegion) for HAL_MPU_ConfigRegion
    main.o(i.MPU_Config) refers to stm32h7xx_hal_cortex.o(i.HAL_MPU_Enable) for HAL_MPU_Enable
    main.o(i.MX_GPIO_Init) refers to memseta.o(.text) for __aeabi_memclr4
    main.o(i.MX_GPIO_Init) refers to stm32h7xx_hal_gpio.o(i.HAL_GPIO_WritePin) for HAL_GPIO_WritePin
    main.o(i.MX_GPIO_Init) refers to stm32h7xx_hal_gpio.o(i.HAL_GPIO_Init) for HAL_GPIO_Init
    main.o(i.RTT_Test) refers to segger_rtt.o(i.SEGGER_RTT_WriteString) for SEGGER_RTT_WriteString
    main.o(i.RTT_Test) refers to segger_rtt_printf.o(i.SEGGER_RTT_printf) for SEGGER_RTT_printf
    main.o(i.RTT_Test) refers to main.o(.data) for counter_rtt
    main.o(i.RTT_start) refers to segger_rtt.o(i.SEGGER_RTT_ConfigUpBuffer) for SEGGER_RTT_ConfigUpBuffer
    main.o(i.StartDefaultTask) refers to lwip.o(i.MX_LWIP_Init) for MX_LWIP_Init
    main.o(i.StartDefaultTask) refers to main.o(i.RTT_Test) for RTT_Test
    main.o(i.StartDefaultTask) refers to cmsis_os2.o(i.osDelay) for osDelay
    main.o(i.SystemClock_Config) refers to memseta.o(.text) for __aeabi_memclr4
    main.o(i.SystemClock_Config) refers to stm32h7xx_hal_pwr_ex.o(i.HAL_PWREx_ConfigSupply) for HAL_PWREx_ConfigSupply
    main.o(i.SystemClock_Config) refers to stm32h7xx_hal_rcc.o(i.HAL_RCC_OscConfig) for HAL_RCC_OscConfig
    main.o(i.SystemClock_Config) refers to main.o(i.Error_Handler) for Error_Handler
    main.o(i.SystemClock_Config) refers to stm32h7xx_hal_rcc.o(i.HAL_RCC_ClockConfig) for HAL_RCC_ClockConfig
    main.o(i.ledStartTask) refers to stm32h7xx_hal_gpio.o(i.HAL_GPIO_TogglePin) for HAL_GPIO_TogglePin
    main.o(i.ledStartTask) refers to cmsis_os2.o(i.osDelay) for osDelay
    main.o(i.main) refers to trcstreamingrecorder.o(i.xTraceInitialize) for xTraceInitialize
    main.o(i.main) refers to main.o(i.MPU_Config) for MPU_Config
    main.o(i.main) refers to stm32h7xx_hal.o(i.HAL_Init) for HAL_Init
    main.o(i.main) refers to main.o(i.SystemClock_Config) for SystemClock_Config
    main.o(i.main) refers to main.o(i.MX_GPIO_Init) for MX_GPIO_Init
    main.o(i.main) refers to main.o(i.RTT_start) for RTT_start
    main.o(i.main) refers to cmsis_os2.o(i.osKernelInitialize) for osKernelInitialize
    main.o(i.main) refers to cmsis_os2.o(i.osThreadNew) for osThreadNew
    main.o(i.main) refers to cmsis_os2.o(i.osKernelStart) for osKernelStart
    main.o(i.main) refers to main.o(.constdata) for defaultTask_attributes
    main.o(i.main) refers to main.o(i.StartDefaultTask) for StartDefaultTask
    main.o(i.main) refers to main.o(.data) for defaultTaskHandle
    main.o(i.main) refers to main.o(i.ledStartTask) for ledStartTask
    main.o(i.send_data_tcp) refers to sockets.o(i.lwip_socket) for lwip_socket
    main.o(i.send_data_tcp) refers to def.o(i.lwip_htons) for lwip_htons
    main.o(i.send_data_tcp) refers to ip4_addr.o(i.ipaddr_addr) for ipaddr_addr
    main.o(i.send_data_tcp) refers to sockets.o(i.lwip_connect) for lwip_connect
    main.o(i.send_data_tcp) refers to printf6.o(i.__0sprintf$6) for __2sprintf
    main.o(i.send_data_tcp) refers to sockets.o(i.lwip_send) for lwip_send
[...]
    sys_timeouts_sleeptime                   0x0800b67d   Thumb Code    86  timeouts.o(i.sys_timeouts_sleeptime)
    tcp_abandon                              0x0800b749   Thumb Code   284  tcp.o(i.tcp_abandon)
    tcp_abort                                0x0800b91d   Thumb Code    14  tcp.o(i.tcp_abort)
    tcp_alloc                                0x0800b92d   Thumb Code   174  tcp.o(i.tcp_alloc)
    tcp_close                                0x0800b9ed   Thumb Code    64  tcp.o(i.tcp_close)
    tcp_eff_send_mss_netif                   0x0800bf65   Thumb Code    82  tcp.o(i.tcp_eff_send_mss_netif)
    tcp_enqueue_flags                        0x0800c039   Thumb Code   408  tcp_out.o(i.tcp_enqueue_flags)
    tcp_fasttmr                              0x0800c2f9   Thumb Code   142  tcp.o(i.tcp_fasttmr)
    tcp_free                                 0x0800c395   Thumb Code    40  tcp.o(i.tcp_free)
    tcp_free_ooseq                           0x0800c621   Thumb Code    20  tcp.o(i.tcp_free_ooseq)
    tcp_init                                 0x0800c6b1   Thumb Code    20  tcp.o(i.tcp_init)
    tcp_input                                0x0800c6c9   Thumb Code  1994  tcp_in.o(i.tcp_input)
    tcp_keepalive                            0x0800cfc9   Thumb Code    98  tcp_out.o(i.tcp_keepalive)
    tcp_netif_ip_addr_changed                0x0800d4e1   Thumb Code    64  tcp.o(i.tcp_netif_ip_addr_changed)
    tcp_next_iss                             0x0800d5fd   Thumb Code    50  tcp.o(i.tcp_next_iss)
    tcp_output                               0x0800d7d9   Thumb Code   684  tcp_out.o(i.tcp_output)
    tcp_pcb_purge                            0x0800e38d   Thumb Code   104  tcp.o(i.tcp_pcb_purge)
    tcp_pcb_remove                           0x0800e469   Thumb Code   246  tcp.o(i.tcp_pcb_remove)
    tcp_process_refused_data                 0x0800ed85   Thumb Code   180  tcp.o(i.tcp_process_refused_data)
    tcp_recv_null                            0x0800fb35   Thumb Code    78  tcp.o(i.tcp_recv_null)
    tcp_recved                               0x0800fbf9   Thumb Code   130  tcp.o(i.tcp_recved)
    tcp_rexmit                               0x0800fdc9   Thumb Code   142  tcp_out.o(i.tcp_rexmit)
    tcp_rexmit_fast                          0x0800fecd   Thumb Code   142  tcp_out.o(i.tcp_rexmit_fast)
    tcp_rexmit_rto                           0x0800ffd9   Thumb Code    46  tcp_out.o(i.tcp_rexmit_rto)
    tcp_rexmit_rto_commit                    0x08010081   Thumb Code    56  tcp_out.o(i.tcp_rexmit_rto_commit)
    tcp_rexmit_rto_prepare                   0x08010139   Thumb Code   150  tcp_out.o(i.tcp_rexmit_rto_prepare)
    tcp_rst                                  0x08010271   Thumb Code   146  tcp_out.o(i.tcp_rst)
    tcp_seg_copy                             0x08010399   Thumb Code    62  tcp.o(i.tcp_seg_copy)
    tcp_seg_free                             0x0801044d   Thumb Code    26  tcp.o(i.tcp_seg_free)
    tcp_segs_free                            0x08010467   Thumb Code    24  tcp.o(i.tcp_segs_free)
    tcp_send_empty_ack                       0x08010481   Thumb Code   194  tcp_out.o(i.tcp_send_empty_ack)
    tcp_send_fin                             0x080105c1   Thumb Code   104  tcp_out.o(i.tcp_send_fin)
    tcp_slowtmr                              0x080106a1   Thumb Code  1702  tcp.o(i.tcp_slowtmr)
    tcp_split_unsent_seg                     0x08010dd5   Thumb Code   510  tcp_out.o(i.tcp_split_unsent_seg)
    tcp_timer_needed                         0x080110a5   Thumb Code    38  timeouts.o(i.tcp_timer_needed)
    tcp_tmr                                  0x08011221   Thumb Code    30  tcp.o(i.tcp_tmr)
    tcp_trigger_input_pcb_close              0x08011245   Thumb Code    14  tcp_in.o(i.tcp_trigger_input_pcb_close)
    tcp_update_rcv_ann_wnd                   0x08011259   Thumb Code   128  tcp.o(i.tcp_update_rcv_ann_wnd)
    tcp_zero_window_probe                    0x08011371   Thumb Code   238  tcp_out.o(i.tcp_zero_window_probe)
    tcpip_init                               0x080114e1   Thumb Code   104  tcpip.o(i.tcpip_init)
    tcpip_inpkt                              0x0801160d   Thumb Code    94  tcpip.o(i.tcpip_inpkt)
    tcpip_input                              0x080116d9   Thumb Code    40  tcpip.o(i.tcpip_input)
    tcpip_try_callback                       0x08011945   Thumb Code    88  tcpip.o(i.tcpip_try_callback)
    udp_init                                 0x08011a09   Thumb Code    20  udp.o(i.udp_init)
    udp_input                                0x08011a21   Thumb Code   412  udp.o(i.udp_input)
    udp_netif_ip_addr_changed                0x08011da5   Thumb Code    42  udp.o(i.udp_netif_ip_addr_changed)
    uxListRemove                             0x08011dd5   Thumb Code    40  list.o(i.uxListRemove)
    vApplicationGetIdleTaskMemory            0x08011dfd   Thumb Code    14  cmsis_os2.o(i.vApplicationGetIdleTaskMemory)
    vApplicationGetTimerTaskMemory           0x08011e15   Thumb Code    16  cmsis_os2.o(i.vApplicationGetTimerTaskMemory)
    vListInitialise                          0x08011e2d   Thumb Code    26  list.o(i.vListInitialise)
    vListInitialiseItem                      0x08011e47   Thumb Code     6  list.o(i.vListInitialiseItem)
    vListInsert                              0x08011e4d   Thumb Code    52  list.o(i.vListInsert)
    vListInsertEnd                           0x08011e81   Thumb Code    24  list.o(i.vListInsertEnd)
    vPortEnterCritical                       0x08011e99   Thumb Code    76  port.o(i.vPortEnterCritical)
    vPortExitCritical                        0x08011eed   Thumb Code    56  port.o(i.vPortExitCritical)
    vPortFree                                0x08011f29   Thumb Code   150  heap_4.o(i.vPortFree)
    vPortSetupTimerInterrupt                 0x08011fcd   Thumb Code    36  port.o(i.vPortSetupTimerInterrupt)
    vPortValidateInterruptPriority           0x08011ff5   Thumb Code   106  port.o(i.vPortValidateInterruptPriority)
    vQueueAddToRegistry                      0x0801206d   Thumb Code    38  queue.o(i.vQueueAddToRegistry)
    vQueueDelete                             0x08012099   Thumb Code    50  queue.o(i.vQueueDelete)
    vQueueUnregisterQueue                    0x080120cd   Thumb Code    44  queue.o(i.vQueueUnregisterQueue)
    vQueueWaitForMessageRestricted           0x080120fd   Thumb Code    74  queue.o(i.vQueueWaitForMessageRestricted)
    vTaskDelay                               0x08012149   Thumb Code    82  tasks.o(i.vTaskDelay)
    vTaskInternalSetTimeOutState             0x080121a5   Thumb Code    14  tasks.o(i.vTaskInternalSetTimeOutState)
    vTaskMissedYield                         0x080121bd   Thumb Code     8  tasks.o(i.vTaskMissedYield)
    vTaskPlaceOnEventList                    0x080121c9   Thumb Code    52  tasks.o(i.vTaskPlaceOnEventList)
    vTaskPlaceOnEventListRestricted          0x08012201   Thumb Code    60  tasks.o(i.vTaskPlaceOnEventListRestricted)
    vTaskPriorityDisinheritAfterTimeout      0x08012241   Thumb Code   194  tasks.o(i.vTaskPriorityDisinheritAfterTimeout)
    vTaskStartScheduler                      0x08012311   Thumb Code   156  tasks.o(i.vTaskStartScheduler)
    vTaskSuspendAll                          0x080123c9   Thumb Code    12  tasks.o(i.vTaskSuspendAll)
    vTaskSwitchContext                       0x080123d9   Thumb Code   122  tasks.o(i.vTaskSwitchContext)
    xPortStartScheduler                      0x08012469   Thumb Code   330  port.o(i.xPortStartScheduler)
    xPortSysTickHandler                      0x080125d1   Thumb Code    46  port.o(i.xPortSysTickHandler)
    xQueueCreateCountingSemaphore            0x08012605   Thumb Code    92  queue.o(i.xQueueCreateCountingSemaphore)
    xQueueCreateCountingSemaphoreStatic      0x08012661   Thumb Code   100  queue.o(i.xQueueCreateCountingSemaphoreStatic)
    xQueueCreateMutex                        0x080126c5   Thumb Code    34  queue.o(i.xQueueCreateMutex)
    xQueueCreateMutexStatic                  0x080126e7   Thumb Code    42  queue.o(i.xQueueCreateMutexStatic)
    xQueueGenericCreate                      0x08012711   Thumb Code    90  queue.o(i.xQueueGenericCreate)
    xQueueGenericCreateStatic                0x0801276b   Thumb Code   224  queue.o(i.xQueueGenericCreateStatic)
    xQueueGenericReset                       0x0801284d   Thumb Code   146  queue.o(i.xQueueGenericReset)
    xQueueGenericSend                        0x080128e5   Thumb Code   420  queue.o(i.xQueueGenericSend)
    xQueueGenericSendFromISR                 0x08012a8d   Thumb Code   252  queue.o(i.xQueueGenericSendFromISR)
    xQueueGiveFromISR                        0x08012b89   Thumb Code   224  queue.o(i.xQueueGiveFromISR)
    xQueueGiveMutexRecursive                 0x08012c69   Thumb Code    72  queue.o(i.xQueueGiveMutexRecursive)
    xQueueReceive                            0x08012cb1   Thumb Code   356  queue.o(i.xQueueReceive)
    xQueueReceiveFromISR                     0x08012e19   Thumb Code   202  queue.o(i.xQueueReceiveFromISR)
    xQueueSemaphoreTake                      0x08012ee5   Thumb Code   434  queue.o(i.xQueueSemaphoreTake)
    xQueueTakeMutexRecursive                 0x0801309d   Thumb Code    78  queue.o(i.xQueueTakeMutexRecursive)
    xTaskCheckForTimeOut                     0x080130ed   Thumb Code   132  tasks.o(i.xTaskCheckForTimeOut)
    xTaskCreate                              0x08013179   Thumb Code   100  tasks.o(i.xTaskCreate)
    xTaskCreateStatic                        0x080131dd   Thumb Code   186  tasks.o(i.xTaskCreateStatic)
    xTaskGetCurrentTaskHandle                0x08013299   Thumb Code     6  tasks.o(i.xTaskGetCurrentTaskHandle)
    xTaskGetSchedulerState                   0x080132a5   Thumb Code    24  tasks.o(i.xTaskGetSchedulerState)
    xTaskGetTickCount                        0x080132c5   Thumb Code     6  tasks.o(i.xTaskGetTickCount)
    xTaskGetTickCountFromISR                 0x080132d1   Thumb Code    16  tasks.o(i.xTaskGetTickCountFromISR)
    xTaskIncrementTick                       0x080132e5   Thumb Code   280  tasks.o(i.xTaskIncrementTick)
    xTaskPriorityDisinherit                  0x08013429   Thumb Code   152  tasks.o(i.xTaskPriorityDisinherit)
    xTaskPriorityInherit                     0x080134cd   Thumb Code   150  tasks.o(i.xTaskPriorityInherit)
    xTaskRemoveFromEventList                 0x08013571   Thumb Code   126  tasks.o(i.xTaskRemoveFromEventList)
    xTaskResumeAll                           0x08013609   Thumb Code   222  tasks.o(i.xTaskResumeAll)
    xTimerCreateTimerTask                    0x0801370d   Thumb Code   100  timers.o(i.xTimerCreateTimerTask)
    xTimerGenericCommand                     0x08013785   Thumb Code   128  timers.o(i.xTimerGenericCommand)
    xTraceCounterInitialize                  0x08013809   Thumb Code    30  trccounter.o(i.xTraceCounterInitialize)
    xTraceDiagnosticsAdd                     0x08013831   Thumb Code    24  trcdiagnostics.o(i.xTraceDiagnosticsAdd)
    xTraceDiagnosticsIncrease                0x0801384d   Thumb Code    14  trcdiagnostics.o(i.xTraceDiagnosticsIncrease)
    xTraceDiagnosticsInitialize              0x0801385d   Thumb Code    44  trcdiagnostics.o(i.xTraceDiagnosticsInitialize)
    xTraceDiagnosticsSetIfHigher             0x08013891   Thumb Code    26  trcdiagnostics.o(i.xTraceDiagnosticsSetIfHigher)
    xTraceDisable                            0x080138b1   Thumb Code    10  trcstreamingrecorder.o(i.xTraceDisable)
    xTraceEntryCreate                        0x080138bd   Thumb Code   112  trcentrytable.o(i.xTraceEntryCreate)
    xTraceEntryIndexTableInitialize          0x08013935   Thumb Code    14  trcentrytable.o(i.xTraceEntryIndexTableInitialize)
    xTraceEntrySetSymbol                     0x08013949   Thumb Code    66  trcentrytable.o(i.xTraceEntrySetSymbol)
    xTraceEntryTableInitialize               0x08013991   Thumb Code   126  trcentrytable.o(i.xTraceEntryTableInitialize)
    xTraceError                              0x08013a19   Thumb Code    90  trcerror.o(i.xTraceError)
    xTraceErrorInitialize                    0x08013aa5   Thumb Code    42  trcerror.o(i.xTraceErrorInitialize)
    xTraceEventAddData                       0x08013ad9   Thumb Code    42  trcevent.o(i.xTraceEventAddData)
    xTraceEventBeginRawOffline               0x08013b05   Thumb Code   138  trcevent.o(i.xTraceEventBeginRawOffline)
    xTraceEventEndOffline                    0x08013ba1   Thumb Code    54  trcevent.o(i.xTraceEventEndOffline)
    xTraceEventInitialize                    0x08013bdd   Thumb Code    90  trcevent.o(i.xTraceEventInitialize)
    xTraceExtensionInitialize                0x08013c41   Thumb Code    30  trcextension.o(i.xTraceExtensionInitialize)
    xTraceHardwarePortInitCortexM            0x08013c69   Thumb Code    76  trchardwareport.o(i.xTraceHardwarePortInitCortexM)
    xTraceHeaderInitialize                   0x08013cc5   Thumb Code   206  trcstreamingrecorder.o(i.xTraceHeaderInitialize)
    xTraceISRInitialize                      0x08013da9   Thumb Code    72  trcisr.o(i.xTraceISRInitialize)
    xTraceInitialize                         0x08013df9   Thumb Code   370  trcstreamingrecorder.o(i.xTraceInitialize)
    xTraceKernelPortInitialize               0x08013f79   Thumb Code    30  trckernelport.o(i.xTraceKernelPortInitialize)
    xTracePrint                              0x08013f9d   Thumb Code    58  trcprint.o(i.xTracePrint)
    xTracePrintF                             0x08013fe1   Thumb Code    48  trcprint.o(i.xTracePrintF)
    xTracePrintInitialize                    0x08014015   Thumb Code    36  trcprint.o(i.xTracePrintInitialize)
    xTraceStaticBufferInitialize             0x08014041   Thumb Code    22  trcstaticbuffer.o(i.xTraceStaticBufferInitialize)
    xTraceStreamPortInitialize               0x08014061   Thumb Code    16  trcstreamport.o(i.xTraceStreamPortInitialize)
    xTraceStringRegister                     0x08014075   Thumb Code   324  trcstring.o(i.xTraceStringRegister)
    xTraceTaskInitialize                     0x080141cd   Thumb Code    44  trctask.o(i.xTraceTaskInitialize)
    xTraceTimestampInitialize                0x08014201   Thumb Code    76  trctimestamp.o(i.xTraceTimestampInitialize)
    xTraceVPrintF                            0x08014255   Thumb Code    94  trcprint.o(i.xTraceVPrintF)
    defaultTask_attributes                   0x080142bc   Data          36  main.o(.constdata)
    ledTask_attributes                       0x080142e0   Data          36  main.o(.constdata)
    D1CorePrescTable                         0x08014304   Data          16  system_stm32h7xx.o(.constdata)
    memp_RX_POOL                             0x08014314   Data          12  ethernetif.o(.constdata)
    ethbroadcast                             0x08014320   Data           6  ethernet.o(.constdata)
    ethzero                                  0x08014326   Data           6  ethernet.o(.constdata)
    memp_UDP_PCB                             0x0801432c   Data          12  memp.o(.constdata)
    memp_TCP_PCB                             0x08014338   Data          12  memp.o(.constdata)
    memp_TCP_PCB_LISTEN                      0x08014344   Data          12  memp.o(.constdata)
    memp_TCP_SEG                             0x08014350   Data          12  memp.o(.constdata)
    memp_REASSDATA                           0x0801435c   Data          12  memp.o(.constdata)
    memp_FRAG_PBUF                           0x08014368   Data          12  memp.o(.constdata)
    memp_NETBUF                              0x08014374   Data          12  memp.o(.constdata)
    memp_NETCONN                             0x08014380   Data          12  memp.o(.constdata)
    memp_TCPIP_MSG_API                       0x0801438c   Data          12  memp.o(.constdata)
    memp_TCPIP_MSG_INPKT                     0x08014398   Data          12  memp.o(.constdata)
    memp_SYS_TIMEOUT                         0x080143a4   Data          12  memp.o(.constdata)
    memp_PBUF                                0x080143b0   Data          12  memp.o(.constdata)
    memp_PBUF_POOL                           0x080143bc   Data          12  memp.o(.constdata)
    memp_pools                               0x080143c8   Data          52  memp.o(.constdata)
    tcp_pcb_lists                            0x0801443c   Data          16  tcp.o(.constdata)
    lwip_cyclic_timers                       0x0801444c   Data          24  timeouts.o(.constdata)
    lwip_num_cyclic_timers                   0x08014464   Data           4  timeouts.o(.constdata)
    ip_addr_any                              0x08014468   Data           4  ip4_addr.o(.constdata)
    ip_addr_broadcast                        0x0801446c   Data           4  ip4_addr.o(.constdata)
    Region$$Table$$Base                      0x08014610   Number         0  anon$$obj.o(Region$$Table)
    Region$$Table$$Limit                     0x08014630   Number         0  anon$$obj.o(Region$$Table)
    memp_memory_RX_POOL_base                 0x24000000   Data       18819  ethernetif.o(.Rx_PoolSection)
    defaultTaskHandle                        0x24004984   Data           4  main.o(.data)
    ledTaskHandle                            0x24004988   Data           4  main.o(.data)
    _Cnt                                     0x2400498c   Data           4  main.o(.data)
    counter_rtt                              0x24004990   Data           4  main.o(.data)
    counter                                  0x24004994   Data           2  main.o(.data)
    uwTick                                   0x24004998   Data           4  stm32h7xx_hal.o(.data)
    uwTickPrio                               0x2400499c   Data           4  stm32h7xx_hal.o(.data)
    uwTickFreq                               0x240049a0   Data           1  stm32h7xx_hal.o(.data)
    SystemCoreClock                          0x240049a4   Data           4  system_stm32h7xx.o(.data)
    SystemD2Clock                            0x240049a8   Data           4  system_stm32h7xx.o(.data)
    RxPktSemaphore                           0x240049b4   Data           4  ethernetif.o(.data)
    TxPktSemaphore                           0x240049b8   Data           4  ethernetif.o(.data)
    LAN8742_IOCtx                            0x240049bc   Data          20  ethernetif.o(.data)
    ipaddr                                   0x240049d0   Data           4  lwip.o(.data)
    netmask                                  0x240049d4   Data           4  lwip.o(.data)
    gw                                       0x240049d8   Data           4  lwip.o(.data)
    IP_ADDRESS                               0x240049dc   Data           4  lwip.o(.data)
    NETMASK_ADDRESS                          0x240049e0   Data           4  lwip.o(.data)
    GATEWAY_ADDRESS                          0x240049e4   Data           4  lwip.o(.data)
    lock_tcpip_core                          0x240049f4   Data           4  tcpip.o(.data)
    netif_list                               0x24004a3c   Data           4  netif.o(.data)
    netif_default                            0x24004a40   Data           4  netif.o(.data)
    pbuf_free_ooseq_pending                  0x24004a45   Data           1  pbuf.o(.data)
    tcp_ticks                                0x24004a4c   Data           4  tcp.o(.data)
    tcp_bound_pcbs                           0x24004a50   Data           4  tcp.o(.data)
    tcp_listen_pcbs                          0x24004a54   Data           4  tcp.o(.data)
    tcp_active_pcbs                          0x24004a58   Data           4  tcp.o(.data)
    tcp_tw_pcbs                              0x24004a5c   Data           4  tcp.o(.data)
    tcp_active_pcbs_changed                  0x24004a60   Data           1  tcp.o(.data)
    tcp_input_pcb                            0x24004a8c   Data           4  tcp_in.o(.data)
    udp_pcbs                                 0x24004aa0   Data           4  udp.o(.data)
    errno                                    0x24004ab0   Data           4  sys_arch.o(.data)
    lwip_sys_mutex                           0x24004ab4   Data           4  sys_arch.o(.data)
    pxCurrentTCB                             0x24004ab8   Data           4  tasks.o(.data)
    pxTraceEventDataTable                    0x24004b4c   Data           4  trcevent.o(.data)
    pxTraceISRData                           0x24004b54   Data           4  trcisr.o(.data)
    pxTraceStaticBufferTable                 0x24004b60   Data           4  trcstaticbuffer.o(.data)
    pxTraceRecorderData                      0x24004b64   Data           4  trcstreamingrecorder.o(.data)
    RecorderInitialized                      0x24004b6c   Data           4  trcstreamingrecorder.o(.data)
    pxTraceTaskData                          0x24004b70   Data           4  trctask.o(.data)
    pxTraceTimestamp                         0x24004b74   Data           4  trctimestamp.o(.data)
    __stdout                                 0x24004b80   Data           4  stdout.o(.data)
    htim1                                    0x24004b84   Data          76  stm32h7xx_hal_timebase_tim.o(.bss)
    heth                                     0x24004bd0   Data         176  ethernetif.o(.bss)
    TxConfig                                 0x24004c80   Data          56  ethernetif.o(.bss)
    LAN8742                                  0x24004cb8   Data          32  ethernetif.o(.bss)
    gnetif                                   0x24004cd8   Data          52  lwip.o(.bss)
    attributes                               0x24004d0c   Data          36  lwip.o(.bss)
    ip_data                                  0x24004d30   Data          24  ip.o(.bss)
    memp_memory_UDP_PCB_base                 0x24004d48   Data         131  memp.o(.bss)
    memp_memory_TCP_PCB_base                 0x24004dcb   Data         783  memp.o(.bss)
    memp_memory_TCP_PCB_LISTEN_base          0x240050da   Data         227  memp.o(.bss)
    memp_memory_TCP_SEG_base                 0x240051bd   Data         259  memp.o(.bss)
    memp_memory_REASSDATA_base               0x240052c0   Data         163  memp.o(.bss)
    memp_memory_FRAG_PBUF_base               0x24005363   Data         363  memp.o(.bss)
    memp_memory_NETBUF_base                  0x240054ce   Data          35  memp.o(.bss)
    memp_memory_NETCONN_base                 0x240054f1   Data         163  memp.o(.bss)
    memp_memory_TCPIP_MSG_API_base           0x24005594   Data         131  memp.o(.bss)
    memp_memory_TCPIP_MSG_INPKT_base         0x24005617   Data         131  memp.o(.bss)
    memp_memory_SYS_TIMEOUT_base             0x2400569a   Data          51  memp.o(.bss)
    memp_memory_PBUF_base                    0x240056cd   Data         259  memp.o(.bss)
    memp_memory_PBUF_POOL_base               0x240057d0   Data        9731  memp.o(.bss)
    xQueueRegistry                           0x24007ed4   Data          64  queue.o(.bss)
    _SEGGER_RTT                              0x2400c7a8   Data         168  segger_rtt.o(.bss)
    __initial_sp                             0x2400f2c0   Data           0  startup_stm32h750xx.o(STACK)
    DMARxDscrTab                             0x30040000   Data          96  ethernetif.o(.ARM.__AT_0x30040000)
    DMATxDscrTab                             0x30040060   Data          96  ethernetif.o(.ARM.__AT_0x30040060)



==============================================================================

Memory Map of the image

  Image Entry point : 0x08000299

  Load Region LR_IROM1 (Base: 0x08000000, Size: 0x000191b4, Max: 0x00020000, ABSOLUTE, COMPRESSED[0x000146f0])

    Execution Region ER_IROM1 (Exec base: 0x08000000, Load base: 0x08000000, Size: 0x00014630, Max: 0x00020000, ABSOLUTE)

    Exec Addr    Load Addr    Size         Type   Attr      Idx    E Section Name        Object

    0x08000000   0x08000000   0x00000298   Data   RO            3    RESET               startup_stm32h750xx.o
    0x08000298   0x08000298   0x00000000   Code   RO        13653  * .ARM.Collect$$$$00000000  mc_w.l(entry.o)
    0x08000298   0x08000298   0x00000004   Code   RO        13972    .ARM.Collect$$$$00000001  mc_w.l(entry2.o)
    0x0800029c   0x0800029c   0x00000004   Code   RO        13975    .ARM.Collect$$$$00000004  mc_w.l(entry5.o)
    0x080002a0   0x080002a0   0x00000000   Code   RO        13977    .ARM.Collect$$$$00000008  mc_w.l(entry7b.o)
    0x080002a0   0x080002a0   0x00000000   Code   RO        13979    .ARM.Collect$$$$0000000A  mc_w.l(entry8b.o)
    0x080002a0   0x080002a0   0x00000008   Code   RO        13980    .ARM.Collect$$$$0000000B  mc_w.l(entry9a.o)
    0x080002a8   0x080002a8   0x00000004   Code   RO        13987    .ARM.Collect$$$$0000000E  mc_w.l(entry12b.o)
    0x080002ac   0x080002ac   0x00000000   Code   RO        13982    .ARM.Collect$$$$0000000F  mc_w.l(entry10a.o)
    0x080002ac   0x080002ac   0x00000000   Code   RO        13984    .ARM.Collect$$$$00000011  mc_w.l(entry11a.o)
    0x080002ac   0x080002ac   0x00000004   Code   RO        13973    .ARM.Collect$$$$00002712  mc_w.l(entry2.o)
    0x080002b0   0x080002b0   0x000000be   Code   RO        11913    .emb_text           port.o
    0x0800036e   0x0800036e   0x00000002   PAD
    0x08000370   0x08000370   0x0000002c   Code   RO            4    .text               startup_stm32h750xx.o
    0x0800039c   0x0800039c   0x00000024   Code   RO        13684    .text               mc_w.l(rand.o)
    0x080003c0   0x080003c0   0x00000040   Code   RO        13689    .text               mc_w.l(memmovea.o)
    0x08000400   0x08000400   0x00000024   Code   RO        13693    .text               mc_w.l(memseta.o)
    0x08000424   0x08000424   0x0000000e   Code   RO        13697    .text               mc_w.l(strlen.o)
    0x08000432   0x08000432   0x0000001a   Code   RO        13701    .text               mc_w.l(memcmp.o)
    0x0800044c   0x0800044c   0x0000002c   Code   RO        13991    .text               mc_w.l(uidiv.o)
    0x08000478   0x08000478   0x00000024   Code   RO        14015    .text               mc_w.l(init.o)
    0x0800049c   0x0800049c   0x00000000   Code   RO        14017    .text               mc_w.l(semi.o)
    0x0800049c   0x0800049c   0x00000000   Code   RO        14026    .text               mc_w.l(iusesemip.o)
    0x0800049c   0x0800049c   0x00000056   Code   RO        14039    .text               mc_w.l(__dczerorl2.o)
    0x080004f2   0x080004f2   0x00000004   Code   RO          540    i.BusFault_Handler  stm32h7xx_it.o
    0x080004f6   0x080004f6   0x00000002   Code   RO          541    i.DebugMon_Handler  stm32h7xx_it.o
    0x080004f8   0x080004f8   0x00000060   Code   RO         1691    i.ETH_DMARxDescListInit  stm32h7xx_hal_eth.o
    0x08000558   0x08000558   0x00000052   Code   RO         1692    i.ETH_DMATxDescListInit  stm32h7xx_hal_eth.o
    0x080005aa   0x080005aa   0x00000002   PAD
    0x080005ac   0x080005ac   0x00000010   Code   RO          542    i.ETH_IRQHandler    stm32h7xx_it.o
    0x080005bc   0x080005bc   0x00000106   Code   RO         1693    i.ETH_MACDMAConfig  stm32h7xx_hal_eth.o
    0x080006c2   0x080006c2   0x00000004   Code   RO         4703    i.ETH_PHY_IO_DeInit  ethernetif.o
    0x080006c6   0x080006c6   0x00000008   Code   RO         4704    i.ETH_PHY_IO_GetTick  ethernetif.o
    0x080006ce   0x080006ce   0x00000002   PAD
    0x080006d0   0x080006d0   0x00000010   Code   RO         4705    i.ETH_PHY_IO_Init   ethernetif.o
    0x080006e0   0x080006e0   0x00000024   Code   RO         4706    i.ETH_PHY_IO_ReadReg  ethernetif.o
    0x08000704   0x08000704   0x00000024   Code   RO         4707    i.ETH_PHY_IO_WriteReg  ethernetif.o
    0x08000728   0x08000728   0x000003ec   Code   RO         1694    i.ETH_Prepare_Tx_Descriptors  stm32h7xx_hal_eth.o
    0x08000b14   0x08000b14   0x000000bc   Code   RO         1695    i.ETH_SetDMAConfig  stm32h7xx_hal_eth.o
    0x08000bd0   0x08000bd0   0x00000194   Code   RO         1696    i.ETH_SetMACConfig  stm32h7xx_hal_eth.o
    0x08000d64   0x08000d64   0x000000a6   Code   RO         1697    i.ETH_UpdateDescriptor  stm32h7xx_hal_eth.o
    0x08000e0a   0x08000e0a   0x00000006   Code   RO           13    i.Error_Handler     main.o
    0x08000e10   0x08000e10   0x00000024   Code   RO         4660    i.ExitRun0Mode      system_stm32h7xx.o
    0x08000e34   0x08000e34   0x00000002   Code   RO         1699    i.HAL_ETH_EEECallback  stm32h7xx_hal_eth.o
    0x08000e36   0x08000e36   0x00000002   PAD
    0x08000e38   0x08000e38   0x00000020   Code   RO         4708    i.HAL_ETH_ErrorCallback  ethernetif.o
    0x08000e58   0x08000e58   0x00000008   Code   RO         1704    i.HAL_ETH_GetDMAError  stm32h7xx_hal_eth.o
    0x08000e60   0x08000e60   0x00000008   Code   RO         1705    i.HAL_ETH_GetError  stm32h7xx_hal_eth.o
    0x08000e68   0x08000e68   0x000001d6   Code   RO         1706    i.HAL_ETH_GetMACConfig  stm32h7xx_hal_eth.o
    0x0800103e   0x0800103e   0x00000002   PAD
    0x08001040   0x08001040   0x00000174   Code   RO         1713    i.HAL_ETH_IRQHandler  stm32h7xx_hal_eth.o
    0x080011b4   0x080011b4   0x00000190   Code   RO         1714    i.HAL_ETH_Init      stm32h7xx_hal_eth.o
    0x08001344   0x08001344   0x00000170   Code   RO         4710    i.HAL_ETH_MspInit   ethernetif.o
    0x080014b4   0x080014b4   0x00000002   Code   RO         1717    i.HAL_ETH_PMTCallback  stm32h7xx_hal_eth.o
    0x080014b6   0x080014b6   0x000000fc   Code   RO         1718    i.HAL_ETH_ReadData  stm32h7xx_hal_eth.o
    0x080015b2   0x080015b2   0x00000078   Code   RO         1719    i.HAL_ETH_ReadPHYRegister  stm32h7xx_hal_eth.o
    0x0800162a   0x0800162a   0x00000086   Code   RO         1723    i.HAL_ETH_ReleaseTxPacket  stm32h7xx_hal_eth.o
    0x080016b0   0x080016b0   0x00000048   Code   RO         4711    i.HAL_ETH_RxAllocateCallback  ethernetif.o
    0x080016f8   0x080016f8   0x00000014   Code   RO         4712    i.HAL_ETH_RxCpltCallback  ethernetif.o
    0x0800170c   0x0800170c   0x000000a4   Code   RO         4713    i.HAL_ETH_RxLinkCallback  ethernetif.o
    0x080017b0   0x080017b0   0x00000024   Code   RO         1729    i.HAL_ETH_SetMACConfig  stm32h7xx_hal_eth.o
    0x080017d4   0x080017d4   0x0000006c   Code   RO         1731    i.HAL_ETH_SetMDIOClockRange  stm32h7xx_hal_eth.o
    0x08001840   0x08001840   0x000000b8   Code   RO         1736    i.HAL_ETH_Start_IT  stm32h7xx_hal_eth.o
    0x080018f8   0x080018f8   0x000000b0   Code   RO         1738    i.HAL_ETH_Stop_IT   stm32h7xx_hal_eth.o
    0x080019a8   0x080019a8   0x00000082   Code   RO         1740    i.HAL_ETH_Transmit_IT  stm32h7xx_hal_eth.o
    0x08001a2a   0x08001a2a   0x00000002   PAD
    0x08001a2c   0x08001a2c   0x00000014   Code   RO         4714    i.HAL_ETH_TxCpltCallback  ethernetif.o
    0x08001a40   0x08001a40   0x0000000c   Code   RO         4715    i.HAL_ETH_TxFreeCallback  ethernetif.o
    0x08001a4c   0x08001a4c   0x00000002   Code   RO         1746    i.HAL_ETH_WakeUpCallback  stm32h7xx_hal_eth.o
    0x08001a4e   0x08001a4e   0x00000002   PAD
    0x08001a50   0x08001a50   0x00000080   Code   RO         1747    i.HAL_ETH_WritePHYRegister  stm32h7xx_hal_eth.o
    0x08001ad0   0x08001ad0   0x000001fc   Code   RO         2738    i.HAL_GPIO_Init     stm32h7xx_hal_gpio.o
    0x08001ccc   0x08001ccc   0x00000014   Code   RO         2741    i.HAL_GPIO_TogglePin  stm32h7xx_hal_gpio.o
    0x08001ce0   0x08001ce0   0x0000000c   Code   RO         2742    i.HAL_GPIO_WritePin  stm32h7xx_hal_gpio.o
    0x08001cec   0x08001cec   0x0000000c   Code   RO         3768    i.HAL_GetREVID      stm32h7xx_hal.o
    0x08001cf8   0x08001cf8   0x0000000c   Code   RO         3769    i.HAL_GetTick       stm32h7xx_hal.o
    0x08001d04   0x08001d04   0x00000018   Code   RO         3775    i.HAL_IncTick       stm32h7xx_hal.o
    0x08001d1c   0x08001d1c   0x00000060   Code   RO         3776    i.HAL_Init          stm32h7xx_hal.o
    0x08001d7c   0x08001d7c   0x00000094   Code   RO          634    i.HAL_InitTick      stm32h7xx_hal_timebase_tim.o
    0x08001e10   0x08001e10   0x0000005c   Code   RO         3593    i.HAL_MPU_ConfigRegion  stm32h7xx_hal_cortex.o
    0x08001e6c   0x08001e6c   0x0000002c   Code   RO         3594    i.HAL_MPU_Disable   stm32h7xx_hal_cortex.o
    0x08001e98   0x08001e98   0x00000040   Code   RO         3596    i.HAL_MPU_Enable    stm32h7xx_hal_cortex.o
    0x08001ed8   0x08001ed8   0x00000030   Code   RO          610    i.HAL_MspInit       stm32h7xx_hal_msp.o
    0x08001f08   0x08001f08   0x00000028   Code   RO         3600    i.HAL_NVIC_EnableIRQ  stm32h7xx_hal_cortex.o
    0x08001f30   0x08001f30   0x0000007a   Code   RO         3606    i.HAL_NVIC_SetPriority  stm32h7xx_hal_cortex.o
    0x08001faa   0x08001faa   0x00000002   PAD
    0x08001fac   0x08001fac   0x00000028   Code   RO         3607    i.HAL_NVIC_SetPriorityGrouping  stm32h7xx_hal_cortex.o
    0x08001fd4   0x08001fd4   0x00000060   Code   RO         3339    i.HAL_PWREx_ConfigSupply  stm32h7xx_hal_pwr_ex.o
    0x08002034   0x08002034   0x00000320   Code   RO         2186    i.HAL_RCC_ClockConfig  stm32h7xx_hal_rcc.o
    0x08002354   0x08002354   0x0000006c   Code   RO         2190    i.HAL_RCC_GetClockConfig  stm32h7xx_hal_rcc.o
    0x080023c0   0x080023c0   0x0000004c   Code   RO         2191    i.HAL_RCC_GetHCLKFreq  stm32h7xx_hal_rcc.o
    0x0800240c   0x0800240c   0x00000024   Code   RO         2194    i.HAL_RCC_GetPCLK2Freq  stm32h7xx_hal_rcc.o
    0x08002430   0x08002430   0x0000022c   Code   RO         2195    i.HAL_RCC_GetSysClockFreq  stm32h7xx_hal_rcc.o
    0x0800265c   0x0800265c   0x00000858   Code   RO         2198    i.HAL_RCC_OscConfig  stm32h7xx_hal_rcc.o
    0x08002eb4   0x08002eb4   0x00000014   Code   RO         3788    i.HAL_SYSCFG_ETHInterfaceSelect  stm32h7xx_hal.o
    0x08002ec8   0x08002ec8   0x00000002   Code   RO         1400    i.HAL_TIMEx_Break2Callback  stm32h7xx_hal_tim_ex.o
    0x08002eca   0x08002eca   0x00000002   Code   RO         1401    i.HAL_TIMEx_BreakCallback  stm32h7xx_hal_tim_ex.o
    0x08002ecc   0x08002ecc   0x00000002   Code   RO         1402    i.HAL_TIMEx_CommutCallback  stm32h7xx_hal_tim_ex.o
    0x08002ece   0x08002ece   0x0000006e   Code   RO          675    i.HAL_TIM_Base_Init  stm32h7xx_hal_tim.o
    0x08002f3c   0x08002f3c   0x00000002   Code   RO          677    i.HAL_TIM_Base_MspInit  stm32h7xx_hal_tim.o
    0x08002f3e   0x08002f3e   0x00000002   PAD
    0x08002f40   0x08002f40   0x000000b4   Code   RO          680    i.HAL_TIM_Base_Start_IT  stm32h7xx_hal_tim.o
    0x08002ff4   0x08002ff4   0x00000002   Code   RO          709    i.HAL_TIM_IC_CaptureCallback  stm32h7xx_hal_tim.o
    0x08002ff6   0x08002ff6   0x00000198   Code   RO          723    i.HAL_TIM_IRQHandler  stm32h7xx_hal_tim.o
    0x0800318e   0x0800318e   0x00000002   Code   RO          726    i.HAL_TIM_OC_DelayElapsedCallback  stm32h7xx_hal_tim.o
    0x08003190   0x08003190   0x00000002   Code   RO          753    i.HAL_TIM_PWM_PulseFinishedCallback  stm32h7xx_hal_tim.o
    0x08003192   0x08003192   0x00000002   PAD
    0x08003194   0x08003194   0x00000018   Code   RO           14    i.HAL_TIM_PeriodElapsedCallback  main.o
    0x080031ac   0x080031ac   0x00000002   Code   RO          766    i.HAL_TIM_TriggerCallback  stm32h7xx_hal_tim.o
    0x080031ae   0x080031ae   0x00000004   Code   RO          543    i.HardFault_Handler  stm32h7xx_it.o
    0x080031b2   0x080031b2   0x000000ea   Code   RO         4968    i.LAN8742_GetLinkState  lan8742.o
    0x0800329c   0x0800329c   0x00000062   Code   RO         4969    i.LAN8742_Init      lan8742.o
    0x080032fe   0x080032fe   0x0000002e   Code   RO         4970    i.LAN8742_RegisterBusIO  lan8742.o
    0x0800332c   0x0800332c   0x000000b4   Code   RO           15    i.MPU_Config        main.o
    0x080033e0   0x080033e0   0x00000088   Code   RO           16    i.MX_GPIO_Init      main.o
    0x08003468   0x08003468   0x00000258   Code   RO         4895    i.MX_LWIP_Init      lwip.o
    0x080036c0   0x080036c0   0x00000004   Code   RO          544    i.MemManage_Handler  stm32h7xx_it.o
    0x080036c4   0x080036c4   0x00000004   Code   RO          545    i.NMI_Handler       stm32h7xx_it.o
    0x080036c8   0x080036c8   0x00000084   Code   RO           17    i.RTT_Test          main.o
    0x0800374c   0x0800374c   0x00000014   Code   RO           18    i.RTT_start         main.o
    0x08003760   0x08003760   0x00000078   Code   RO        11993    i.SEGGER_RTT_ConfigUpBuffer  segger_rtt.o
    0x080037d8   0x080037d8   0x0000004c   Code   RO        12015    i.SEGGER_RTT_Write  segger_rtt.o
    0x08003824   0x08003824   0x00000084   Code   RO        12018    i.SEGGER_RTT_WriteNoLock  segger_rtt.o
    0x080038a8   0x080038a8   0x0000001a   Code   RO        12020    i.SEGGER_RTT_WriteString  segger_rtt.o
    0x080038c2   0x080038c2   0x00000022   Code   RO        12221    i.SEGGER_RTT_printf  segger_rtt_printf.o
    0x080038e4   0x080038e4   0x00000250   Code   RO        12222    i.SEGGER_RTT_vprintf  segger_rtt_printf.o
    0x08003b34   0x08003b34   0x00000014   Code   RO           19    i.StartDefaultTask  main.o
    0x08003b48   0x08003b48   0x00000016   Code   RO        11328    i.SysTick_Handler   cmsis_os2.o
    0x08003b5e   0x08003b5e   0x00000002   PAD
    0x08003b60   0x08003b60   0x000000b0   Code   RO           20    i.SystemClock_Config  main.o
    0x08003c10   0x08003c10   0x00000118   Code   RO         4662    i.SystemInit        system_stm32h7xx.o
    0x08003d28   0x08003d28   0x00000010   Code   RO          546    i.TIM1_UP_IRQHandler  stm32h7xx_it.o
    0x08003d38   0x08003d38   0x000000d4   Code   RO          768    i.TIM_Base_SetConfig  stm32h7xx_hal_tim.o
    0x08003e0c   0x08003e0c   0x00000004   Code   RO          547    i.UsageFault_Handler  stm32h7xx_it.o
    0x08003e10   0x08003e10   0x00000070   Code   RO        12022    i._DoInit           segger_rtt.o
    0x08003e80   0x08003e80   0x0000001c   Code   RO        12023    i._GetAvailWriteSpace  segger_rtt.o
    0x08003e9c   0x08003e9c   0x000000ec   Code   RO        12223    i._PrintInt         segger_rtt_printf.o
    0x08003f88   0x08003f88   0x000000ec   Code   RO        12224    i._PrintUnsigned    segger_rtt_printf.o
    0x08004074   0x08004074   0x00000044   Code   RO        12225    i._StoreChar        segger_rtt_printf.o
    0x080040b8   0x080040b8   0x00000076   Code   RO        12025    i._WriteBlocking    segger_rtt.o
    0x0800412e   0x0800412e   0x00000058   Code   RO        12026    i._WriteNoCheck     segger_rtt.o
    0x08004186   0x08004186   0x00000002   PAD
    0x08004188   0x08004188   0x00000020   Code   RO        13864    i.__0printf$6       mc_w.l(printf6.o)
    0x080041a8   0x080041a8   0x00000010   Code   RO         3613    i.__NVIC_GetPriorityGrouping  stm32h7xx_hal_cortex.o
    0x080041b8   0x080041b8   0x00000028   Code   RO         3614    i.__NVIC_SetPriority  stm32h7xx_hal_cortex.o
    0x080041e0   0x080041e0   0x00000006   Code   RO        11330    i.__get_IPSR        cmsis_os2.o
    0x080041e6   0x080041e6   0x00000006   Code   RO        12565    i.__get_PRIMASK     trcevent.o
    0x080041ec   0x080041ec   0x0000000e   Code   RO        14033    i.__scatterload_copy  mc_w.l(handlers.o)
    0x080041fa   0x080041fa   0x00000002   Code   RO        14034    i.__scatterload_null  mc_w.l(handlers.o)
    0x080041fc   0x080041fc   0x0000000e   Code   RO        14035    i.__scatterload_zeroinit  mc_w.l(handlers.o)
    0x0800420a   0x0800420a   0x00000006   Code   RO        12422    i.__set_PRIMASK     trcentrytable.o
    0x08004210   0x08004210   0x00000006   Code   RO        12566    i.__set_PRIMASK     trcevent.o
    0x08004216   0x08004216   0x00000006   Code   RO        13373    i.__set_PRIMASK     trcstreamingrecorder.o
    0x0800421c   0x0800421c   0x000002f0   Code   RO        13871    i._printf_core      mc_w.l(printf6.o)
    0x0800450c   0x0800450c   0x00000024   Code   RO        13872    i._printf_post_padding  mc_w.l(printf6.o)
    0x08004530   0x08004530   0x0000002e   Code   RO        13873    i._printf_pre_padding  mc_w.l(printf6.o)
    0x0800455e   0x0800455e   0x00000002   PAD
    0x08004560   0x08004560   0x000000bc   Code   RO         7677    i.do_memp_free_pool  memp.o
    0x0800461c   0x0800461c   0x000000c8   Code   RO         7678    i.do_memp_malloc_pool  memp.o
    0x080046e4   0x080046e4   0x00000038   Code   RO         9153    i.etharp_cleanup_netif  etharp.o
    0x0800471c   0x0800471c   0x00000300   Code   RO         9155    i.etharp_find_entry  etharp.o
    0x08004a1c   0x08004a1c   0x00000040   Code   RO         9156    i.etharp_free_entry  etharp.o
    0x08004a5c   0x08004a5c   0x0000013c   Code   RO         9158    i.etharp_input      etharp.o
    0x08004b98   0x08004b98   0x00000224   Code   RO         9159    i.etharp_output     etharp.o
    0x08004dbc   0x08004dbc   0x00000168   Code   RO         9160    i.etharp_output_to_arp_index  etharp.o
    0x08004f24   0x08004f24   0x000002a4   Code   RO         9161    i.etharp_query      etharp.o
    0x080051c8   0x080051c8   0x0000018c   Code   RO         9162    i.etharp_raw        etharp.o
    0x08005354   0x08005354   0x00000018   Code   RO         9163    i.etharp_request    etharp.o
    0x0800536c   0x0800536c   0x0000002c   Code   RO         9164    i.etharp_request_dst  etharp.o
    0x08005398   0x08005398   0x000000dc   Code   RO         9165    i.etharp_tmr        etharp.o
    0x08005474   0x08005474   0x0000015c   Code   RO         9166    i.etharp_update_arp_entry  etharp.o
    0x080055d0   0x080055d0   0x000000c4   Code   RO         5687    i.ethernet_input    ethernet.o
    0x08005694   0x08005694   0x00000002   Code   RO         4896    i.ethernet_link_status_updated  lwip.o
    0x08005696   0x08005696   0x00000002   PAD
    0x08005698   0x08005698   0x000000d4   Code   RO         4716    i.ethernet_link_thread  ethernetif.o
    0x0800576c   0x0800576c   0x00000104   Code   RO         5688    i.ethernet_output   ethernet.o
    0x08005870   0x08005870   0x00000098   Code   RO         4717    i.ethernetif_init   ethernetif.o
    0x08005908   0x08005908   0x00000040   Code   RO         4718    i.ethernetif_input  ethernetif.o
    0x08005948   0x08005948   0x00000012   Code   RO        13988    i.fputc             mc_w.l(fputc.o)
    0x0800595a   0x0800595a   0x00000012   Code   RO         9260    i.icmp_dest_unreach  icmp.o
    0x0800596c   0x0800596c   0x000002a4   Code   RO         9261    i.icmp_input        icmp.o
    0x08005c10   0x08005c10   0x00000124   Code   RO         9262    i.icmp_send_response  icmp.o
    0x08005d34   0x08005d34   0x00000012   Code   RO         9263    i.icmp_time_exceeded  icmp.o
    0x08005d46   0x08005d46   0x00000014   Code   RO         7436    i.inet_chksum       inet_chksum.o
    0x08005d5a   0x08005d5a   0x00000056   Code   RO         7437    i.inet_chksum_pbuf  inet_chksum.o
    0x08005db0   0x08005db0   0x0000004e   Code   RO         9389    i.ip4_addr_isbroadcast_u32  ip4_addr.o
    0x08005dfe   0x08005dfe   0x00000002   PAD
    0x08005e00   0x08005e00   0x000002cc   Code   RO         9461    i.ip4_frag          ip4_frag.o
    0x080060cc   0x080060cc   0x0000019c   Code   RO         9330    i.ip4_input         ip4.o
    0x08006268   0x08006268   0x00000034   Code   RO         9331    i.ip4_input_accept  ip4.o
    0x0800629c   0x0800629c   0x00000036   Code   RO         9333    i.ip4_output_if     ip4.o
    0x080062d2   0x080062d2   0x00000002   PAD
    0x080062d4   0x080062d4   0x0000019c   Code   RO         9334    i.ip4_output_if_src  ip4.o
    0x08006470   0x08006470   0x000002fc   Code   RO         9462    i.ip4_reass         ip4_frag.o
    0x0800676c   0x0800676c   0x00000094   Code   RO         9335    i.ip4_route         ip4.o
    0x08006800   0x08006800   0x0000000a   Code   RO         9463    i.ip_frag_alloc_pbuf_custom_ref  ip4_frag.o
    0x0800680a   0x0800680a   0x00000002   PAD
    0x0800680c   0x0800680c   0x00000098   Code   RO         9464    i.ip_frag_free_pbuf_custom_ref  ip4_frag.o
    0x080068a4   0x080068a4   0x00000304   Code   RO         9465    i.ip_reass_chain_frag_into_datagram_and_validate  ip4_frag.o
    0x08006ba8   0x08006ba8   0x000000c4   Code   RO         9466    i.ip_reass_dequeue_datagram  ip4_frag.o
    0x08006c6c   0x08006c6c   0x00000054   Code   RO         9467    i.ip_reass_enqueue_new_datagram  ip4_frag.o
    0x08006cc0   0x08006cc0   0x000001e0   Code   RO         9468    i.ip_reass_free_complete_datagram  ip4_frag.o
    0x08006ea0   0x08006ea0   0x00000088   Code   RO         9469    i.ip_reass_remove_oldest_datagram  ip4_frag.o
    0x08006f28   0x08006f28   0x00000034   Code   RO         9470    i.ip_reass_tmr      ip4_frag.o
    0x08006f5c   0x08006f5c   0x000000c8   Code   RO         9471    i.ipfrag_free_pbuf_custom  ip4_frag.o
    0x08007024   0x08007024   0x00000018   Code   RO           21    i.ledStartTask      main.o
    0x0800703c   0x0800703c   0x000001f0   Code   RO         4719    i.low_level_init    ethernetif.o
    0x0800722c   0x0800722c   0x00000024   Code   RO         4720    i.low_level_input   ethernetif.o
    0x08007250   0x08007250   0x000000e4   Code   RO         4721    i.low_level_output  ethernetif.o
    0x08007334   0x08007334   0x00000050   Code   RO         8883    i.lwip_cyclic_timer  timeouts.o
    0x08007384   0x08007384   0x0000001a   Code   RO         7356    i.lwip_htonl        def.o
    0x0800739e   0x0800739e   0x0000000c   Code   RO         7357    i.lwip_htons        def.o
    0x080073aa   0x080073aa   0x00000002   PAD
    0x080073ac   0x080073ac   0x000000a0   Code   RO         7513    i.lwip_init         init.o
    0x0800744c   0x0800744c   0x0000005e   Code   RO         7444    i.lwip_standard_chksum  inet_chksum.o
    0x080074aa   0x080074aa   0x00000002   PAD
    0x080074ac   0x080074ac   0x00000184   Code   RO           22    i.main              main.o
    0x08007630   0x08007630   0x00000210   Code   RO         7594    i.mem_free          mem.o
    0x08007840   0x08007840   0x000000f0   Code   RO         7595    i.mem_init          mem.o
    0x08007930   0x08007930   0x00000058   Code   RO         7596    i.mem_link_valid    mem.o
    0x08007988   0x08007988   0x000002bc   Code   RO         7597    i.mem_malloc        mem.o
    0x08007c44   0x08007c44   0x00000010   Code   RO         7598    i.mem_to_ptr        mem.o
    0x08007c54   0x08007c54   0x0000024c   Code   RO         7599    i.mem_trim          mem.o
    0x08007ea0   0x08007ea0   0x000000b0   Code   RO         7679    i.memp_free         memp.o
    0x08007f50   0x08007f50   0x000000a0   Code   RO         7680    i.memp_free_pool    memp.o
    0x08007ff0   0x08007ff0   0x00000020   Code   RO         7681    i.memp_init         memp.o
    0x08008010   0x08008010   0x0000002c   Code   RO         7682    i.memp_init_pool    memp.o
    0x0800803c   0x0800803c   0x000000b0   Code   RO         7683    i.memp_malloc       memp.o
    0x080080ec   0x080080ec   0x00000098   Code   RO         7684    i.memp_malloc_pool  memp.o
    0x08008184   0x08008184   0x00000230   Code   RO         7787    i.netif_add         netif.o
    0x080083b4   0x080083b4   0x00000018   Code   RO         7789    i.netif_do_ip_addr_changed  netif.o
    0x080083cc   0x080083cc   0x00000026   Code   RO         7790    i.netif_do_set_gw   netif.o
    0x080083f2   0x080083f2   0x00000002   PAD
    0x080083f4   0x080083f4   0x000000e0   Code   RO         7791    i.netif_do_set_ipaddr  netif.o
    0x080084d4   0x080084d4   0x00000026   Code   RO         7792    i.netif_do_set_netmask  netif.o
    0x080084fa   0x080084fa   0x00000002   PAD
    0x080084fc   0x080084fc   0x00000028   Code   RO         7794    i.netif_get_by_index  netif.o
    0x08008524   0x08008524   0x00000002   Code   RO         7796    i.netif_init        netif.o
    0x08008526   0x08008526   0x00000002   PAD
    0x08008528   0x08008528   0x000000d8   Code   RO         7798    i.netif_issue_reports  netif.o
    0x08008600   0x08008600   0x00000008   Code   RO         7800    i.netif_null_output_ip4  netif.o
    0x08008608   0x08008608   0x00000060   Code   RO         7802    i.netif_set_addr    netif.o
    0x08008668   0x08008668   0x0000000c   Code   RO         7803    i.netif_set_default  netif.o
    0x08008674   0x08008674   0x000000cc   Code   RO         7804    i.netif_set_down    netif.o
    0x08008740   0x08008740   0x00000006   Code   RO         7807    i.netif_set_link_callback  netif.o
    0x08008746   0x08008746   0x00000002   PAD
    0x08008748   0x08008748   0x000000cc   Code   RO         7808    i.netif_set_link_down  netif.o
    0x08008814   0x08008814   0x000000d4   Code   RO         7809    i.netif_set_link_up  netif.o
    0x080088e8   0x080088e8   0x000000c0   Code   RO         7811    i.netif_set_up      netif.o
    0x080089a8   0x080089a8   0x0000001e   Code   RO        11331    i.osDelay           cmsis_os2.o
    0x080089c6   0x080089c6   0x0000001a   Code   RO        11343    i.osKernelGetTickCount  cmsis_os2.o
    0x080089e0   0x080089e0   0x0000002c   Code   RO        11345    i.osKernelInitialize  cmsis_os2.o
    0x08008a0c   0x08008a0c   0x00000060   Code   RO        11348    i.osKernelStart     cmsis_os2.o
    0x08008a6c   0x08008a6c   0x00000080   Code   RO        11360    i.osMessageQueueGet  cmsis_os2.o
    0x08008aec   0x08008aec   0x0000009a   Code   RO        11365    i.osMessageQueueNew  cmsis_os2.o
    0x08008b86   0x08008b86   0x00000002   PAD
    0x08008b88   0x08008b88   0x00000084   Code   RO        11366    i.osMessageQueuePut  cmsis_os2.o
    0x08008c0c   0x08008c0c   0x00000062   Code   RO        11368    i.osMutexAcquire    cmsis_os2.o
    0x08008c6e   0x08008c6e   0x000000b2   Code   RO        11371    i.osMutexNew        cmsis_os2.o
    0x08008d20   0x08008d20   0x0000004e   Code   RO        11372    i.osMutexRelease    cmsis_os2.o
    0x08008d6e   0x08008d6e   0x00000002   PAD
    0x08008d70   0x08008d70   0x0000006c   Code   RO        11373    i.osSemaphoreAcquire  cmsis_os2.o
    0x08008ddc   0x08008ddc   0x000000cc   Code   RO        11376    i.osSemaphoreNew    cmsis_os2.o
    0x08008ea8   0x08008ea8   0x0000005c   Code   RO        11377    i.osSemaphoreRelease  cmsis_os2.o
    0x08008f04   0x08008f04   0x000000b8   Code   RO        11390    i.osThreadNew       cmsis_os2.o
    0x08008fbc   0x08008fbc   0x00000012   Code   RO         7980    i.pbuf_add_header   pbuf.o
    0x08008fce   0x08008fce   0x00000002   PAD
    0x08008fd0   0x08008fd0   0x000000e8   Code   RO         7982    i.pbuf_add_header_impl  pbuf.o
    0x080090b8   0x080090b8   0x0000029c   Code   RO         7983    i.pbuf_alloc        pbuf.o
    0x08009354   0x08009354   0x000000bc   Code   RO         7984    i.pbuf_alloc_reference  pbuf.o
    0x08009410   0x08009410   0x00000052   Code   RO         7985    i.pbuf_alloced_custom  pbuf.o
    0x08009462   0x08009462   0x00000002   PAD
    0x08009464   0x08009464   0x00000150   Code   RO         7986    i.pbuf_cat          pbuf.o
    0x080095b4   0x080095b4   0x00000012   Code   RO         7988    i.pbuf_clen         pbuf.o
    0x080095c6   0x080095c6   0x00000002   PAD
    0x080095c8   0x080095c8   0x000000b0   Code   RO         7989    i.pbuf_clone        pbuf.o
    0x08009678   0x08009678   0x00000228   Code   RO         7991    i.pbuf_copy         pbuf.o
    0x080098a0   0x080098a0   0x00000140   Code   RO         7992    i.pbuf_copy_partial  pbuf.o
    0x080099e0   0x080099e0   0x000001a8   Code   RO         7994    i.pbuf_free         pbuf.o
    0x08009b88   0x08009b88   0x00000034   Code   RO         4722    i.pbuf_free_custom  ethernetif.o
    0x08009bbc   0x08009bbc   0x0000003c   Code   RO         7996    i.pbuf_free_ooseq   pbuf.o
    0x08009bf8   0x08009bf8   0x0000000a   Code   RO         7997    i.pbuf_free_ooseq_callback  pbuf.o
    0x08009c02   0x08009c02   0x00000012   Code   RO         8001    i.pbuf_header_force  pbuf.o
    0x08009c14   0x08009c14   0x00000022   Code   RO         8002    i.pbuf_header_impl  pbuf.o
    0x08009c36   0x08009c36   0x0000001e   Code   RO         8003    i.pbuf_init_alloced_pbuf  pbuf.o
    0x08009c54   0x08009c54   0x00000044   Code   RO         8006    i.pbuf_pool_is_empty  pbuf.o
    0x08009c98   0x08009c98   0x00000164   Code   RO         8008    i.pbuf_realloc      pbuf.o
    0x08009dfc   0x08009dfc   0x000000a8   Code   RO         8009    i.pbuf_ref          pbuf.o
    0x08009ea4   0x08009ea4   0x000000f4   Code   RO         8010    i.pbuf_remove_header  pbuf.o
    0x08009f98   0x08009f98   0x000001dc   Code   RO         7600    i.plug_holes        mem.o
    0x0800a174   0x0800a174   0x0000007c   Code   RO        10765    i.prvAddCurrentTaskToDelayedList  tasks.o
    0x0800a1f0   0x0800a1f0   0x000000b8   Code   RO        10766    i.prvAddNewTaskToReadyList  tasks.o
    0x0800a2a8   0x0800a2a8   0x00000074   Code   RO        11141    i.prvCheckForValidListAndQueue  timers.o
    0x0800a31c   0x0800a31c   0x00000048   Code   RO        10767    i.prvCheckTasksWaitingTermination  tasks.o
    0x0800a364   0x0800a364   0x0000002a   Code   RO        10352    i.prvCopyDataFromQueue  queue.o
    0x0800a38e   0x0800a38e   0x0000007e   Code   RO        10353    i.prvCopyDataToQueue  queue.o
    0x0800a40c   0x0800a40c   0x00000050   Code   RO        10768    i.prvDeleteTCB      tasks.o
    0x0800a45c   0x0800a45c   0x00000020   Code   RO        12423    i.prvEntryIndexInitialize  trcentrytable.o
    0x0800a47c   0x0800a47c   0x00000050   Code   RO        12424    i.prvEntryIndexTake  trcentrytable.o
    0x0800a4cc   0x0800a4cc   0x00000014   Code   RO        10354    i.prvGetDisinheritPriorityAfterTimeout  queue.o
    0x0800a4e0   0x0800a4e0   0x00000028   Code   RO        11142    i.prvGetNextExpireTime  timers.o
    0x0800a508   0x0800a508   0x0000007c   Code   RO        11858    i.prvHeapInit       heap_4.o
    0x0800a584   0x0800a584   0x00000028   Code   RO        10769    i.prvIdleTask       tasks.o
    0x0800a5ac   0x0800a5ac   0x0000001e   Code   RO        10355    i.prvInitialiseMutex  queue.o
    0x0800a5ca   0x0800a5ca   0x0000002a   Code   RO        10356    i.prvInitialiseNewQueue  queue.o
    0x0800a5f4   0x0800a5f4   0x000000be   Code   RO        10770    i.prvInitialiseNewTask  tasks.o
    0x0800a6b2   0x0800a6b2   0x00000002   PAD
    0x0800a6b4   0x0800a6b4   0x00000068   Code   RO        10771    i.prvInitialiseTaskLists  tasks.o
    0x0800a71c   0x0800a71c   0x00000068   Code   RO        11859    i.prvInsertBlockIntoFreeList  heap_4.o
    0x0800a784   0x0800a784   0x00000058   Code   RO        11144    i.prvInsertTimerInActiveList  timers.o
    0x0800a7dc   0x0800a7dc   0x00000004   Code   RO        13374    i.prvIs64bit        trcstreamingrecorder.o
    0x0800a7e0   0x0800a7e0   0x0000001a   Code   RO        10357    i.prvIsQueueEmpty   queue.o
    0x0800a7fa   0x0800a7fa   0x0000001e   Code   RO        10358    i.prvIsQueueFull    queue.o
    0x0800a818   0x0800a818   0x00000074   Code   RO        11145    i.prvProcessExpiredTimer  timers.o
    0x0800a88c   0x0800a88c   0x00000164   Code   RO        11146    i.prvProcessReceivedCommands  timers.o
    0x0800a9f0   0x0800a9f0   0x00000074   Code   RO        11147    i.prvProcessTimerOrBlockTask  timers.o
    0x0800aa64   0x0800aa64   0x00000034   Code   RO        10773    i.prvResetNextTaskUnblockTime  tasks.o
    0x0800aa98   0x0800aa98   0x0000002c   Code   RO        11148    i.prvSampleTimeNow  timers.o
    0x0800aac4   0x0800aac4   0x00000030   Code   RO        13377    i.prvSetRecorderDisabled  trcstreamingrecorder.o
    0x0800aaf4   0x0800aaf4   0x000000a4   Code   RO        11149    i.prvSwitchTimerLists  timers.o
    0x0800ab98   0x0800ab98   0x00000040   Code   RO        11914    i.prvTaskExitError  port.o
    0x0800abd8   0x0800abd8   0x0000001a   Code   RO        11150    i.prvTimerTask      timers.o
    0x0800abf2   0x0800abf2   0x00000002   PAD
    0x0800abf4   0x0800abf4   0x00000218   Code   RO        12505    i.prvTraceErrorGetDescription  trcerror.o
    0x0800ae0c   0x0800ae0c   0x000000ac   Code   RO        12506    i.prvTraceErrorPrint  trcerror.o
    0x0800aeb8   0x0800aeb8   0x000001bc   Code   RO        13182    i.prvTraceVPrintF   trcprint.o
    0x0800b074   0x0800b074   0x0000007e   Code   RO        10359    i.prvUnlockQueue    queue.o
    0x0800b0f2   0x0800b0f2   0x00000010   Code   RO        13383    i.prvVerifySizeAlignment  trcstreamingrecorder.o
    0x0800b102   0x0800b102   0x00000002   PAD
    0x0800b104   0x0800b104   0x00000010   Code   RO         7601    i.ptr_to_mem        mem.o
    0x0800b114   0x0800b114   0x0000014c   Code   RO        11860    i.pvPortMalloc      heap_4.o
    0x0800b260   0x0800b260   0x00000020   Code   RO        10776    i.pvTaskIncrementMutexHeldCount  tasks.o
    0x0800b280   0x0800b280   0x0000002c   Code   RO        11915    i.pxPortInitialiseStack  port.o
    0x0800b2ac   0x0800b2ac   0x00000048   Code   RO         9765    i.sys_arch_mbox_fetch  sys_arch.o
    0x0800b2f4   0x0800b2f4   0x00000018   Code   RO         9767    i.sys_arch_protect  sys_arch.o
    0x0800b30c   0x0800b30c   0x00000014   Code   RO         9769    i.sys_arch_unprotect  sys_arch.o
    0x0800b320   0x0800b320   0x00000054   Code   RO         8884    i.sys_check_timeouts  timeouts.o
    0x0800b374   0x0800b374   0x00000014   Code   RO         9770    i.sys_init          sys_arch.o
    0x0800b388   0x0800b388   0x00000020   Code   RO         9772    i.sys_mbox_new      sys_arch.o
    0x0800b3a8   0x0800b3a8   0x0000001e   Code   RO         9775    i.sys_mbox_trypost  sys_arch.o
    0x0800b3c6   0x0800b3c6   0x0000000e   Code   RO         9777    i.sys_mbox_valid    sys_arch.o
    0x0800b3d4   0x0800b3d4   0x00000010   Code   RO         9779    i.sys_mutex_lock    sys_arch.o
    0x0800b3e4   0x0800b3e4   0x0000001a   Code   RO         9780    i.sys_mutex_new     sys_arch.o
    0x0800b3fe   0x0800b3fe   0x0000000c   Code   RO         9781    i.sys_mutex_unlock  sys_arch.o
    0x0800b40a   0x0800b40a   0x00000008   Code   RO         4723    i.sys_now           ethernetif.o
    0x0800b412   0x0800b412   0x00000032   Code   RO         9787    i.sys_thread_new    sys_arch.o
    0x0800b444   0x0800b444   0x000000d0   Code   RO         8886    i.sys_timeout       timeouts.o
    0x0800b514   0x0800b514   0x00000140   Code   RO         8887    i.sys_timeout_abs   timeouts.o
    0x0800b654   0x0800b654   0x00000028   Code   RO         8888    i.sys_timeouts_init  timeouts.o
    0x0800b67c   0x0800b67c   0x000000cc   Code   RO         8889    i.sys_timeouts_sleeptime  timeouts.o
    0x0800b748   0x0800b748   0x000001d4   Code   RO         8292    i.tcp_abandon       tcp.o
    0x0800b91c   0x0800b91c   0x0000000e   Code   RO         8293    i.tcp_abort         tcp.o
    0x0800b92a   0x0800b92a   0x00000002   PAD
    0x0800b92c   0x0800b92c   0x000000c0   Code   RO         8296    i.tcp_alloc         tcp.o
    0x0800b9ec   0x0800b9ec   0x000000b0   Code   RO         8300    i.tcp_close         tcp.o
    0x0800ba9c   0x0800ba9c   0x0000020c   Code   RO         8301    i.tcp_close_shutdown  tcp.o
    0x0800bca8   0x0800bca8   0x000000e8   Code   RO         8302    i.tcp_close_shutdown_fin  tcp.o
    0x0800bd90   0x0800bd90   0x000001d4   Code   RO         8719    i.tcp_create_segment  tcp_out.o
    0x0800bf64   0x0800bf64   0x000000d4   Code   RO         8305    i.tcp_eff_send_mss_netif  tcp.o
    0x0800c038   0x0800c038   0x000002c0   Code   RO         8720    i.tcp_enqueue_flags  tcp_out.o
    0x0800c2f8   0x0800c2f8   0x0000009c   Code   RO         8307    i.tcp_fasttmr       tcp.o
    0x0800c394   0x0800c394   0x00000094   Code   RO         8308    i.tcp_free          tcp.o
    0x0800c428   0x0800c428   0x0000015c   Code   RO         8626    i.tcp_free_acked_segments  tcp_in.o
    0x0800c584   0x0800c584   0x0000009c   Code   RO         8309    i.tcp_free_listen   tcp.o
    0x0800c620   0x0800c620   0x00000014   Code   RO         8310    i.tcp_free_ooseq    tcp.o
    0x0800c634   0x0800c634   0x00000048   Code   RO         8627    i.tcp_get_next_optbyte  tcp_in.o
    0x0800c67c   0x0800c67c   0x00000034   Code   RO         8311    i.tcp_handle_closepend  tcp.o
    0x0800c6b0   0x0800c6b0   0x00000018   Code   RO         8312    i.tcp_init          tcp.o
    0x0800c6c8   0x0800c6c8   0x00000818   Code   RO         8628    i.tcp_input         tcp_in.o
    0x0800cee0   0x0800cee0   0x000000e8   Code   RO         8629    i.tcp_input_delayed_close  tcp_in.o
    0x0800cfc8   0x0800cfc8   0x000000dc   Code   RO         8721    i.tcp_keepalive     tcp_out.o
    0x0800d0a4   0x0800d0a4   0x00000068   Code   RO         8313    i.tcp_kill_prio     tcp.o
    0x0800d10c   0x0800d10c   0x000000d0   Code   RO         8314    i.tcp_kill_state    tcp.o
    0x0800d1dc   0x0800d1dc   0x0000003c   Code   RO         8315    i.tcp_kill_timewait  tcp.o
    0x0800d218   0x0800d218   0x000000d4   Code   RO         8316    i.tcp_listen_closed  tcp.o
    0x0800d2ec   0x0800d2ec   0x000001f4   Code   RO         8630    i.tcp_listen_input  tcp_in.o
    0x0800d4e0   0x0800d4e0   0x0000004c   Code   RO         8319    i.tcp_netif_ip_addr_changed  tcp.o
    0x0800d52c   0x0800d52c   0x000000d0   Code   RO         8320    i.tcp_netif_ip_addr_changed_pcblist  tcp.o
    0x0800d5fc   0x0800d5fc   0x000000b0   Code   RO         8324    i.tcp_next_iss      tcp.o
    0x0800d6ac   0x0800d6ac   0x0000012c   Code   RO         8631    i.tcp_oos_insert_segment  tcp_in.o
    0x0800d7d8   0x0800d7d8   0x00000364   Code   RO         8722    i.tcp_output        tcp_out.o
    0x0800db3c   0x0800db3c   0x000000dc   Code   RO         8723    i.tcp_output_alloc_header  tcp_out.o
    0x0800dc18   0x0800dc18   0x00000124   Code   RO         8724    i.tcp_output_alloc_header_common  tcp_out.o
    0x0800dd3c   0x0800dd3c   0x000000fc   Code   RO         8725    i.tcp_output_control_segment  tcp_out.o
    0x0800de38   0x0800de38   0x00000124   Code   RO         8726    i.tcp_output_fill_options  tcp_out.o
    0x0800df5c   0x0800df5c   0x0000024c   Code   RO         8727    i.tcp_output_segment  tcp_out.o
    0x0800e1a8   0x0800e1a8   0x000000b4   Code   RO         8728    i.tcp_output_segment_busy  tcp_out.o
    0x0800e25c   0x0800e25c   0x00000130   Code   RO         8632    i.tcp_parseopt      tcp_in.o
    0x0800e38c   0x0800e38c   0x000000dc   Code   RO         8325    i.tcp_pcb_purge     tcp.o
    0x0800e468   0x0800e468   0x000001d8   Code   RO         8326    i.tcp_pcb_remove    tcp.o
    0x0800e640   0x0800e640   0x00000744   Code   RO         8633    i.tcp_process       tcp_in.o
    0x0800ed84   0x0800ed84   0x00000134   Code   RO         8328    i.tcp_process_refused_data  tcp.o
    0x0800eeb8   0x0800eeb8   0x00000c7c   Code   RO         8634    i.tcp_receive       tcp_in.o
    0x0800fb34   0x0800fb34   0x000000c4   Code   RO         8330    i.tcp_recv_null     tcp.o
    0x0800fbf8   0x0800fbf8   0x0000011c   Code   RO         8331    i.tcp_recved        tcp.o
    0x0800fd14   0x0800fd14   0x000000b4   Code   RO         8332    i.tcp_remove_listener  tcp.o
    0x0800fdc8   0x0800fdc8   0x00000104   Code   RO         8730    i.tcp_rexmit        tcp_out.o
    0x0800fecc   0x0800fecc   0x0000010c   Code   RO         8731    i.tcp_rexmit_fast   tcp_out.o
    0x0800ffd8   0x0800ffd8   0x000000a8   Code   RO         8732    i.tcp_rexmit_rto    tcp_out.o
    0x08010080   0x08010080   0x000000b8   Code   RO         8733    i.tcp_rexmit_rto_commit  tcp_out.o
    0x08010138   0x08010138   0x00000118   Code   RO         8734    i.tcp_rexmit_rto_prepare  tcp_out.o
    0x08010250   0x08010250   0x0000001e   Code   RO         8735    i.tcp_route         tcp_out.o
    0x0801026e   0x0801026e   0x00000002   PAD
    0x08010270   0x08010270   0x00000128   Code   RO         8736    i.tcp_rst           tcp_out.o
    0x08010398   0x08010398   0x000000b4   Code   RO         8333    i.tcp_seg_copy      tcp.o
    0x0801044c   0x0801044c   0x0000001a   Code   RO         8334    i.tcp_seg_free      tcp.o
    0x08010466   0x08010466   0x00000018   Code   RO         8335    i.tcp_segs_free     tcp.o
    0x0801047e   0x0801047e   0x00000002   PAD
    0x08010480   0x08010480   0x00000140   Code   RO         8737    i.tcp_send_empty_ack  tcp_out.o
    0x080105c0   0x080105c0   0x000000e0   Code   RO         8738    i.tcp_send_fin      tcp_out.o
    0x080106a0   0x080106a0   0x00000734   Code   RO         8339    i.tcp_slowtmr       tcp.o
    0x08010dd4   0x08010dd4   0x000002d0   Code   RO         8739    i.tcp_split_unsent_seg  tcp_out.o
    0x080110a4   0x080110a4   0x00000038   Code   RO         8891    i.tcp_timer_needed  timeouts.o
    0x080110dc   0x080110dc   0x00000144   Code   RO         8635    i.tcp_timewait_input  tcp_in.o
    0x08011220   0x08011220   0x00000024   Code   RO         8341    i.tcp_tmr           tcp.o
    0x08011244   0x08011244   0x00000014   Code   RO         8636    i.tcp_trigger_input_pcb_close  tcp_in.o
    0x08011258   0x08011258   0x00000118   Code   RO         8343    i.tcp_update_rcv_ann_wnd  tcp.o
    0x08011370   0x08011370   0x00000170   Code   RO         8742    i.tcp_zero_window_probe  tcp_out.o
    0x080114e0   0x080114e0   0x0000012c   Code   RO         7166    i.tcpip_init        tcpip.o
    0x0801160c   0x0801160c   0x000000cc   Code   RO         7167    i.tcpip_inpkt       tcpip.o
    0x080116d8   0x080116d8   0x00000030   Code   RO         7168    i.tcpip_input       tcpip.o
    0x08011708   0x08011708   0x00000038   Code   RO         8892    i.tcpip_tcp_timer   timeouts.o
    0x08011740   0x08011740   0x000000d0   Code   RO         7170    i.tcpip_thread      tcpip.o
    0x08011810   0x08011810   0x000000d4   Code   RO         7171    i.tcpip_thread_handle_msg  tcpip.o
    0x080118e4   0x080118e4   0x00000060   Code   RO         7172    i.tcpip_timeouts_mbox_fetch  tcpip.o
    0x08011944   0x08011944   0x000000c4   Code   RO         7173    i.tcpip_try_callback  tcpip.o
    0x08011a08   0x08011a08   0x00000018   Code   RO         8979    i.udp_init          udp.o
    0x08011a20   0x08011a20   0x0000024c   Code   RO         8980    i.udp_input         udp.o
    0x08011c6c   0x08011c6c   0x00000138   Code   RO         8981    i.udp_input_local_match  udp.o
    0x08011da4   0x08011da4   0x00000030   Code   RO         8982    i.udp_netif_ip_addr_changed  udp.o
    0x08011dd4   0x08011dd4   0x00000028   Code   RO        10315    i.uxListRemove      list.o
    0x08011dfc   0x08011dfc   0x00000018   Code   RO        11402    i.vApplicationGetIdleTaskMemory  cmsis_os2.o
    0x08011e14   0x08011e14   0x00000018   Code   RO        11403    i.vApplicationGetTimerTaskMemory  cmsis_os2.o
    0x08011e2c   0x08011e2c   0x0000001a   Code   RO        10316    i.vListInitialise   list.o
    0x08011e46   0x08011e46   0x00000006   Code   RO        10317    i.vListInitialiseItem  list.o
    0x08011e4c   0x08011e4c   0x00000034   Code   RO        10318    i.vListInsert       list.o
    0x08011e80   0x08011e80   0x00000018   Code   RO        10319    i.vListInsertEnd    list.o
    0x08011e98   0x08011e98   0x00000054   Code   RO        11917    i.vPortEnterCritical  port.o
    0x08011eec   0x08011eec   0x0000003c   Code   RO        11918    i.vPortExitCritical  port.o
    0x08011f28   0x08011f28   0x000000a4   Code   RO        11861    i.vPortFree         heap_4.o
    0x08011fcc   0x08011fcc   0x00000028   Code   RO        11919    i.vPortSetupTimerInterrupt  port.o
    0x08011ff4   0x08011ff4   0x00000078   Code   RO        11920    i.vPortValidateInterruptPriority  port.o
    0x0801206c   0x0801206c   0x0000002c   Code   RO        10365    i.vQueueAddToRegistry  queue.o
    0x08012098   0x08012098   0x00000032   Code   RO        10366    i.vQueueDelete      queue.o
    0x080120ca   0x080120ca   0x00000002   PAD
    0x080120cc   0x080120cc   0x00000030   Code   RO        10368    i.vQueueUnregisterQueue  queue.o
    0x080120fc   0x080120fc   0x0000004a   Code   RO        10369    i.vQueueWaitForMessageRestricted  queue.o
    0x08012146   0x08012146   0x00000002   PAD
    0x08012148   0x08012148   0x0000005c   Code   RO        10786    i.vTaskDelay        tasks.o
    0x080121a4   0x080121a4   0x00000018   Code   RO        10791    i.vTaskInternalSetTimeOutState  tasks.o
    0x080121bc   0x080121bc   0x0000000c   Code   RO        10792    i.vTaskMissedYield  tasks.o
    0x080121c8   0x080121c8   0x00000038   Code   RO        10794    i.vTaskPlaceOnEventList  tasks.o
    0x08012200   0x08012200   0x00000040   Code   RO        10795    i.vTaskPlaceOnEventListRestricted  tasks.o
    0x08012240   0x08012240   0x000000d0   Code   RO        10797    i.vTaskPriorityDisinheritAfterTimeout  tasks.o
    0x08012310   0x08012310   0x000000b8   Code   RO        10803    i.vTaskStartScheduler  tasks.o
    0x080123c8   0x080123c8   0x00000010   Code   RO        10805    i.vTaskSuspendAll   tasks.o
    0x080123d8   0x080123d8   0x00000090   Code   RO        10806    i.vTaskSwitchContext  tasks.o
    0x08012468   0x08012468   0x00000168   Code   RO        11921    i.xPortStartScheduler  port.o
    0x080125d0   0x080125d0   0x00000034   Code   RO        11922    i.xPortSysTickHandler  port.o
    0x08012604   0x08012604   0x0000005c   Code   RO        10370    i.xQueueCreateCountingSemaphore  queue.o
    0x08012660   0x08012660   0x00000064   Code   RO        10371    i.xQueueCreateCountingSemaphoreStatic  queue.o
    0x080126c4   0x080126c4   0x00000022   Code   RO        10372    i.xQueueCreateMutex  queue.o
    0x080126e6   0x080126e6   0x0000002a   Code   RO        10373    i.xQueueCreateMutexStatic  queue.o
    0x08012710   0x08012710   0x0000005a   Code   RO        10374    i.xQueueGenericCreate  queue.o
    0x0801276a   0x0801276a   0x000000e0   Code   RO        10375    i.xQueueGenericCreateStatic  queue.o
    0x0801284a   0x0801284a   0x00000002   PAD
    0x0801284c   0x0801284c   0x00000098   Code   RO        10376    i.xQueueGenericReset  queue.o
    0x080128e4   0x080128e4   0x000001a8   Code   RO        10377    i.xQueueGenericSend  queue.o
    0x08012a8c   0x08012a8c   0x000000fc   Code   RO        10378    i.xQueueGenericSendFromISR  queue.o
    0x08012b88   0x08012b88   0x000000e0   Code   RO        10381    i.xQueueGiveFromISR  queue.o
    0x08012c68   0x08012c68   0x00000048   Code   RO        10382    i.xQueueGiveMutexRecursive  queue.o
    0x08012cb0   0x08012cb0   0x00000168   Code   RO        10387    i.xQueueReceive     queue.o
    0x08012e18   0x08012e18   0x000000ca   Code   RO        10388    i.xQueueReceiveFromISR  queue.o
    0x08012ee2   0x08012ee2   0x00000002   PAD
    0x08012ee4   0x08012ee4   0x000001b8   Code   RO        10389    i.xQueueSemaphoreTake  queue.o
    0x0801309c   0x0801309c   0x0000004e   Code   RO        10390    i.xQueueTakeMutexRecursive  queue.o
    0x080130ea   0x080130ea   0x00000002   PAD
    0x080130ec   0x080130ec   0x0000008c   Code   RO        10808    i.xTaskCheckForTimeOut  tasks.o
    0x08013178   0x08013178   0x00000064   Code   RO        10809    i.xTaskCreate       tasks.o
    0x080131dc   0x080131dc   0x000000ba   Code   RO        10810    i.xTaskCreateStatic  tasks.o
    0x08013296   0x08013296   0x00000002   PAD
    0x08013298   0x08013298   0x0000000c   Code   RO        10813    i.xTaskGetCurrentTaskHandle  tasks.o
    0x080132a4   0x080132a4   0x00000020   Code   RO        10814    i.xTaskGetSchedulerState  tasks.o
    0x080132c4   0x080132c4   0x0000000c   Code   RO        10815    i.xTaskGetTickCount  tasks.o
    0x080132d0   0x080132d0   0x00000014   Code   RO        10816    i.xTaskGetTickCountFromISR  tasks.o
    0x080132e4   0x080132e4   0x00000144   Code   RO        10817    i.xTaskIncrementTick  tasks.o
    0x08013428   0x08013428   0x000000a4   Code   RO        10820    i.xTaskPriorityDisinherit  tasks.o
    0x080134cc   0x080134cc   0x000000a4   Code   RO        10821    i.xTaskPriorityInherit  tasks.o
    0x08013570   0x08013570   0x00000098   Code   RO        10822    i.xTaskRemoveFromEventList  tasks.o
    0x08013608   0x08013608   0x00000104   Code   RO        10823    i.xTaskResumeAll    tasks.o
    0x0801370c   0x0801370c   0x00000078   Code   RO        11159    i.xTimerCreateTimerTask  timers.o
    0x08013784   0x08013784   0x00000084   Code   RO        11160    i.xTimerGenericCommand  timers.o
    0x08013808   0x08013808   0x00000028   Code   RO        12281    i.xTraceCounterInitialize  trccounter.o
    0x08013830   0x08013830   0x0000001c   Code   RO        12348    i.xTraceDiagnosticsAdd  trcdiagnostics.o
    0x0801384c   0x0801384c   0x0000000e   Code   RO        12352    i.xTraceDiagnosticsIncrease  trcdiagnostics.o
    0x0801385a   0x0801385a   0x00000002   PAD
    0x0801385c   0x0801385c   0x00000034   Code   RO        12353    i.xTraceDiagnosticsInitialize  trcdiagnostics.o
    0x08013890   0x08013890   0x00000020   Code   RO        12355    i.xTraceDiagnosticsSetIfHigher  trcdiagnostics.o
    0x080138b0   0x080138b0   0x0000000a   Code   RO        13386    i.xTraceDisable     trcstreamingrecorder.o
    0x080138ba   0x080138ba   0x00000002   PAD
    0x080138bc   0x080138bc   0x00000078   Code   RO        12425    i.xTraceEntryCreate  trcentrytable.o
    0x08013934   0x08013934   0x00000014   Code   RO        12430    i.xTraceEntryIndexTableInitialize  trcentrytable.o
    0x08013948   0x08013948   0x00000048   Code   RO        12431    i.xTraceEntrySetSymbol  trcentrytable.o
    0x08013990   0x08013990   0x00000088   Code   RO        12432    i.xTraceEntryTableInitialize  trcentrytable.o
    0x08013a18   0x08013a18   0x0000008c   Code   RO        12507    i.xTraceError       trcerror.o
    0x08013aa4   0x08013aa4   0x00000034   Code   RO        12510    i.xTraceErrorInitialize  trcerror.o
    0x08013ad8   0x08013ad8   0x0000002a   Code   RO        12567    i.xTraceEventAddData  trcevent.o
    0x08013b02   0x08013b02   0x00000002   PAD
    0x08013b04   0x08013b04   0x0000009c   Code   RO        12568    i.xTraceEventBeginRawOffline  trcevent.o
    0x08013ba0   0x08013ba0   0x0000003c   Code   RO        12577    i.xTraceEventEndOffline  trcevent.o
    0x08013bdc   0x08013bdc   0x00000064   Code   RO        12579    i.xTraceEventInitialize  trcevent.o
    0x08013c40   0x08013c40   0x00000028   Code   RO        12754    i.xTraceExtensionInitialize  trcextension.o
    0x08013c68   0x08013c68   0x0000005c   Code   RO        12795    i.xTraceHardwarePortInitCortexM  trchardwareport.o
    0x08013cc4   0x08013cc4   0x000000e4   Code   RO        13389    i.xTraceHeaderInitialize  trcstreamingrecorder.o
    0x08013da8   0x08013da8   0x00000050   Code   RO        12918    i.xTraceISRInitialize  trcisr.o
    0x08013df8   0x08013df8   0x00000180   Code   RO        13390    i.xTraceInitialize  trcstreamingrecorder.o
    0x08013f78   0x08013f78   0x00000024   Code   RO        12985    i.xTraceKernelPortInitialize  trckernelport.o
    0x08013f9c   0x08013f9c   0x00000044   Code   RO        13184    i.xTracePrint       trcprint.o
    0x08013fe0   0x08013fe0   0x00000034   Code   RO        13186    i.xTracePrintF      trcprint.o
    0x08014014   0x08014014   0x0000002c   Code   RO        13187    i.xTracePrintInitialize  trcprint.o
    0x08014040   0x08014040   0x00000020   Code   RO        13339    i.xTraceStaticBufferInitialize  trcstaticbuffer.o
    0x08014060   0x08014060   0x00000014   Code   RO        13624    i.xTraceStreamPortInitialize  trcstreamport.o
    0x08014074   0x08014074   0x00000158   Code   RO        13503    i.xTraceStringRegister  trcstring.o
    0x080141cc   0x080141cc   0x00000034   Code   RO        13532    i.xTraceTaskInitialize  trctask.o
    0x08014200   0x08014200   0x00000054   Code   RO        13590    i.xTraceTimestampInitialize  trctimestamp.o
    0x08014254   0x08014254   0x00000068   Code   RO        13188    i.xTraceVPrintF     trcprint.o
    0x080142bc   0x080142bc   0x00000048   Data   RO           24    .constdata          main.o
    0x08014304   0x08014304   0x00000010   Data   RO         4663    .constdata          system_stm32h7xx.o
    0x08014314   0x08014314   0x0000000c   Data   RO         4728    .constdata          ethernetif.o
    0x08014320   0x08014320   0x0000000c   Data   RO         5689    .constdata          ethernet.o
    0x0801432c   0x0801432c   0x000000d0   Data   RO         7686    .constdata          memp.o
    0x080143fc   0x080143fc   0x00000050   Data   RO         8344    .constdata          tcp.o
    0x0801444c   0x0801444c   0x0000001c   Data   RO         8893    .constdata          timeouts.o
    0x08014468   0x08014468   0x00000008   Data   RO         9396    .constdata          ip4_addr.o
    0x08014470   0x08014470   0x00000021   Data   RO        12028    .constdata          segger_rtt.o
    0x08014491   0x08014491   0x00000010   Data   RO        12226    .constdata          segger_rtt_printf.o
    0x080144a1   0x080144a1   0x00000003   PAD
    0x080144a4   0x080144a4   0x00000014   Data   RO           25    .conststring        main.o
    0x080144b8   0x080144b8   0x00000041   Data   RO         7514    .conststring        init.o
    0x080144f9   0x080144f9   0x00000003   PAD
    0x080144fc   0x080144fc   0x00000075   Data   RO         8345    .conststring        tcp.o
    0x08014571   0x08014571   0x00000003   PAD
    0x08014574   0x08014574   0x00000055   Data   RO         8743    .conststring        tcp_out.o
    0x080145c9   0x080145c9   0x00000003   PAD
    0x080145cc   0x080145cc   0x00000041   Data   RO         9168    .conststring        etharp.o
    0x0801460d   0x0801460d   0x00000003   PAD
    0x08014610   0x08014610   0x00000020   Data   RO        14031    Region$$Table       anon$$obj.o


    Execution Region RW_IRAM1 (Exec base: 0x20000000, Load base: 0x08014630, Size: 0x00000000, Max: 0x00020000, ABSOLUTE)

    **** No section assigned to this execution region ****


    Execution Region RW_IRAM2 (Exec base: 0x24000000, Load base: 0x08014630, Size: 0x0000f2c0, Max: 0x00080000, ABSOLUTE, COMPRESSED[0x000000c0])

    Exec Addr    Load Addr    Size         Type   Attr      Idx    E Section Name        Object

    0x24000000   COMPRESSED   0x00004983   Data   RW         4726    .Rx_PoolSection     ethernetif.o
    0x24004983   COMPRESSED   0x00000001   PAD
    0x24004984   COMPRESSED   0x00000012   Data   RW           26    .data               main.o
    0x24004996   COMPRESSED   0x00000002   PAD
    0x24004998   COMPRESSED   0x00000009   Data   RW         3798    .data               stm32h7xx_hal.o
    0x240049a1   COMPRESSED   0x00000003   PAD
    0x240049a4   COMPRESSED   0x00000008   Data   RW         4664    .data               system_stm32h7xx.o
    0x240049ac   COMPRESSED   0x00000024   Data   RW         4729    .data               ethernetif.o
    0x240049d0   COMPRESSED   0x00000018   Data   RW         4902    .data               lwip.o
    0x240049e8   COMPRESSED   0x00000010   Data   RW         7174    .data               tcpip.o
    0x240049f8   COMPRESSED   0x00000010   Data   RW         7602    .data               mem.o
    0x24004a08   COMPRESSED   0x00000034   Data   RW         7687    .data               memp.o
    0x24004a3c   COMPRESSED   0x00000009   Data   RW         7812    .data               netif.o
    0x24004a45   COMPRESSED   0x00000001   Data   RW         8017    .data               pbuf.o
    0x24004a46   COMPRESSED   0x00000002   PAD
    0x24004a48   COMPRESSED   0x00000020   Data   RW         8346    .data               tcp.o
    0x24004a68   COMPRESSED   0x00000028   Data   RW         8638    .data               tcp_in.o
    0x24004a90   COMPRESSED   0x0000000c   Data   RW         8894    .data               timeouts.o
    0x24004a9c   COMPRESSED   0x00000008   Data   RW         8992    .data               udp.o
    0x24004aa4   COMPRESSED   0x00000001   Data   RW         9169    .data               etharp.o
    0x24004aa5   COMPRESSED   0x00000001   PAD
    0x24004aa6   COMPRESSED   0x00000002   Data   RW         9336    .data               ip4.o
    0x24004aa8   COMPRESSED   0x00000006   Data   RW         9472    .data               ip4_frag.o
    0x24004aae   COMPRESSED   0x00000002   PAD
    0x24004ab0   COMPRESSED   0x00000008   Data   RW         9788    .data               sys_arch.o
    0x24004ab8   COMPRESSED   0x0000003c   Data   RW        10826    .data               tasks.o
    0x24004af4   COMPRESSED   0x00000014   Data   RW        11168    .data               timers.o
    0x24004b08   COMPRESSED   0x00000004   Data   RW        11405    .data               cmsis_os2.o
    0x24004b0c   COMPRESSED   0x00000020   Data   RW        11867    .data               heap_4.o
    0x24004b2c   COMPRESSED   0x0000000c   Data   RW        11923    .data               port.o
    0x24004b38   COMPRESSED   0x00000004   Data   RW        12284    .data               trccounter.o
    0x24004b3c   COMPRESSED   0x00000004   Data   RW        12357    .data               trcdiagnostics.o
    0x24004b40   COMPRESSED   0x00000008   Data   RW        12433    .data               trcentrytable.o
    0x24004b48   COMPRESSED   0x00000004   Data   RW        12512    .data               trcerror.o
    0x24004b4c   COMPRESSED   0x00000004   Data   RW        12580    .data               trcevent.o
    0x24004b50   COMPRESSED   0x00000004   Data   RW        12755    .data               trcextension.o
    0x24004b54   COMPRESSED   0x00000004   Data   RW        12921    .data               trcisr.o
    0x24004b58   COMPRESSED   0x00000004   Data   RW        12988    .data               trckernelport.o
    0x24004b5c   COMPRESSED   0x00000004   Data   RW        13189    .data               trcprint.o
    0x24004b60   COMPRESSED   0x00000004   Data   RW        13340    .data               trcstaticbuffer.o
    0x24004b64   COMPRESSED   0x0000000c   Data   RW        13393    .data               trcstreamingrecorder.o
    0x24004b70   COMPRESSED   0x00000004   Data   RW        13537    .data               trctask.o
    0x24004b74   COMPRESSED   0x00000004   Data   RW        13591    .data               trctimestamp.o
    0x24004b78   COMPRESSED   0x00000004   Data   RW        13626    .data               trcstreamport.o
    0x24004b7c   COMPRESSED   0x00000004   Data   RW        13685    .data               mc_w.l(rand.o)
    0x24004b80   COMPRESSED   0x00000004   Data   RW        13990    .data               mc_w.l(stdout.o)
    0x24004b84        -       0x0000004c   Zero   RW          637    .bss                stm32h7xx_hal_timebase_tim.o
    0x24004bd0        -       0x00000108   Zero   RW         4727    .bss                ethernetif.o
    0x24004cd8        -       0x00000058   Zero   RW         4901    .bss                lwip.o
    0x24004d30        -       0x00000018   Zero   RW         7565    .bss                ip.o
    0x24004d48        -       0x0000308b   Zero   RW         7685    .bss                memp.o
    0x24007dd3   COMPRESSED   0x00000001   PAD
    0x24007dd4        -       0x00000010   Zero   RW         8637    .bss                tcp_in.o
    0x24007de4        -       0x000000f0   Zero   RW         9167    .bss                etharp.o
    0x24007ed4        -       0x00000040   Zero   RW        10391    .bss                queue.o
    0x24007f14        -       0x000004c4   Zero   RW        10825    .bss                tasks.o
    0x240083d8        -       0x00000118   Zero   RW        11167    .bss                timers.o
    0x240084f0        -       0x000006b8   Zero   RW        11404    .bss                cmsis_os2.o
    0x24008ba8        -       0x00003c00   Zero   RW        11866    .bss                heap_4.o
    0x2400c7a8        -       0x000004b8   Zero   RW        12027    .bss                segger_rtt.o
    0x2400cc60        -       0x0000225c   Zero   RW        13392    .bss                trcstreamingrecorder.o
    0x2400eebc   COMPRESSED   0x00000004   PAD
    0x2400eec0        -       0x00000400   Zero   RW            1    STACK               startup_stm32h750xx.o



  Load Region LR$$.ARM.__AT_0x30040000 (Base: 0x30040000, Size: 0x00000000, Max: 0x00000060, ABSOLUTE)

    Execution Region ER$$.ARM.__AT_0x30040000 (Exec base: 0x30040000, Load base: 0x30040000, Size: 0x00000060, Max: 0x00000060, ABSOLUTE, UNINIT)

    Exec Addr    Load Addr    Size         Type   Attr      Idx    E Section Name        Object

    0x30040000        -       0x00000060   Zero   RW         4724    .ARM.__AT_0x30040000  ethernetif.o



  Load Region LR$$.ARM.__AT_0x30040060 (Base: 0x30040060, Size: 0x00000000, Max: 0x00000060, ABSOLUTE)

    Execution Region ER$$.ARM.__AT_0x30040060 (Exec base: 0x30040060, Load base: 0x30040060, Size: 0x00000060, Max: 0x00000060, ABSOLUTE, UNINIT)

    Exec Addr    Load Addr    Size         Type   Attr      Idx    E Section Name        Object

    0x30040060        -       0x00000060   Zero   RW         4725    .ARM.__AT_0x30040060  ethernetif.o


==============================================================================

Image component sizes


      Code (inc. data)   RO Data    RW Data    ZI Data      Debug   Object Name

         0          0          0          0          0       2724   api_lib.o
         0          0          0          0          0       4567   api_msg.o
         0          0          0          0          0       2188   auth.o
         0          0          0          0          0       5791   bridgeif.o
      1628         54          0          4       1720      79808   cmsis_os2.o
        38          0          0          0          0       1146   def.o
         0          0          0          0          0       1820   err.o
      3820       1206         65          1        240      12463   etharp.o
       456        154         12          0          0       2890   ethernet.o
      2036        266         12      18855        456      60661   ethernetif.o
         0          0          0          0          0      17020   event_groups.o
         0          0          0          0          0        608   fs.o
       724         74          0         32      15360       5007   heap_4.o
         0          0          0          0          0       5471   httpd.o
      1004        350          0          0          0       4890   icmp.o
       200          0          0          0          0       2984   inet_chksum.o
       160         92         65          0          0      10127   init.o
         0          0          0          0         24       3226   ip.o
      1078        184          0          2          0       5800   ip4.o
        78          0          8          0          0       8802   ip4_addr.o
      3562       1192          0          6          0      12730   ip4_frag.o
       378          0          0          0          0       2782   lan8742.o
       148          0          0          0          0       3710   list.o
       602         56          0         24         88       2136   lwip.o
      1106        172         92         18          0    1388928   main.o
      2652       1120          0         16          0       8730   mem.o
      1128        720        208         52      12427      12604   memp.o
         0          0          0          0          0       7952   netbuf.o
      2076        998          0          9          0      16338   netif.o
      4002       1800          0          1          0      17525   pbuf.o
      1014         92          0         12          0      11849   port.o
      3444         30          0          0         64      31124   queue.o
       700         48         33          0       1208      11467   segger_rtt.o
      1166         16         16          0          0       6057   segger_rtt_printf.o
        44         12        664          0       1024        844   startup_stm32h750xx.o
       164         38          0          9          0      22785   stm32h7xx_hal.o
       458         40          0          0          0      41576   stm32h7xx_hal_cortex.o
      4734         82          0          0          0      26889   stm32h7xx_hal_eth.o
       540         52          0          0          0       2913   stm32h7xx_hal_gpio.o
        48          6          0          0          0        950   stm32h7xx_hal_msp.o
        96          6          0          0          0        777   stm32h7xx_hal_pwr_ex.o
      3712        114          0          0          0       7142   stm32h7xx_hal_rcc.o
       920         68          0          0          0       6794   stm32h7xx_hal_tim.o
         6          0          0          0          0       2332   stm32h7xx_hal_tim_ex.o
       148         20          0          0         76       1619   stm32h7xx_hal_timebase_tim.o
        54         12          0          0          0       3831   stm32h7xx_it.o
         0          0          0          0          0        392   stream_buffer.o
       316         18          0          8          0      15220   sys_arch.o
       316         48         16          8          0       1969   system_stm32h7xx.o
      3244        390          0         60       1220      31518   tasks.o
      7468       3234        197         32          0      35088   tcp.o
      9228       2264          0         40         16      23187   tcp_in.o
      7202       3062         85          0          0      29554   tcp_out.o
      1264        682          0         16          0       8340   tcpip.o
      1048        492         28         12          0       7747   timeouts.o
      1318        124          0         20        280      33055   timers.o
        40         10          0          4          0       1214   trccounter.o
       126         18          0          4          0       3168   trcdiagnostics.o
       466         40          0          8          0       5990   trcentrytable.o
       900        544          0          4          0       3510   trcerror.o
       370         34          0          4          0      11438   trcevent.o
        40         10          0          4          0       1536   trcextension.o
        92         16          0          0          0        604   trchardwareport.o
        80          8          0          4          0       2611   trcisr.o
        36          6          0          4          0       1605   trckernelport.o
       712         64          0          4          0       4973   trcprint.o
        32         10          0          4          0       2030   trcstaticbuffer.o
       696         40          0         12       8796      10703   trcstreamingrecorder.o
        20          4          0          4          0       1349   trcstreamport.o
       344         20          0          0          0       1403   trcstring.o
        52          8          0          4          0       3473   trctask.o
        84          8          0          4          0       3011   trctimestamp.o
       972        354          0          8          0       5870   udp.o

    ----------------------------------------------------------------------
     80674      20582       1548      19324      43004    2140935   Object Totals
         0          0         32          0          0          0   (incl. Generated)
        84          0         15         11          5          0   (incl. Padding)

    ----------------------------------------------------------------------

      Code (inc. data)   RO Data    RW Data    ZI Data      Debug   Library Member Name

        86          0          0          0          0          0   __dczerorl2.o
         0          0          0          0          0          0   entry.o
         0          0          0          0          0          0   entry10a.o
         0          0          0          0          0          0   entry11a.o
         4          0          0          0          0          0   entry12b.o
         8          4          0          0          0          0   entry2.o
         4          0          0          0          0          0   entry5.o
         0          0          0          0          0          0   entry7b.o
         0          0          0          0          0          0   entry8b.o
         8          4          0          0          0          0   entry9a.o
        18          0          0          0          0         80   fputc.o
        30          0          0          0          0          0   handlers.o
        36          8          0          0          0         68   init.o
         0          0          0          0          0          0   iusesemip.o
        26          0          0          0          0         80   memcmp.o
        64          0          0          0          0         76   memmovea.o
        36          0          0          0          0        108   memseta.o
       866         14          0          0          0        352   printf6.o
        36         10          0          4          0        136   rand.o
         0          0          0          0          0          0   semi.o
         0          0          0          4          0          0   stdout.o
        14          0          0          0          0         68   strlen.o
        44          0          0          0          0         80   uidiv.o

    ----------------------------------------------------------------------
      1282         40          0          8          0       1048   Library Totals
         2          0          0          0          0          0   (incl. Padding)

    ----------------------------------------------------------------------

      Code (inc. data)   RO Data    RW Data    ZI Data      Debug   Library Name

      1280         40          0          8          0       1048   mc_w.l

    ----------------------------------------------------------------------
      1282         40          0          8          0       1048   Library Totals

    ----------------------------------------------------------------------

==============================================================================


      Code (inc. data)   RO Data    RW Data    ZI Data      Debug   

     81956      20622       1548      19332      43004    2097351   Grand Totals
     81956      20622       1548        192      43004    2097351   ELF Image Totals (compressed)
     81956      20622       1548        192          0          0   ROM Totals

==============================================================================

    Total RO  Size (Code + RO Data)                83504 (  81.55kB)
    Total RW  Size (RW Data + ZI Data)             62336 (  60.88kB)
    Total ROM Size (Code + RO Data + RW Data)      83696 (  81.73kB)

==============================================================================

