<html>
<body>
<pre>
<h1>µVision Build Log</h1>
<h2>Tool Versions:</h2>
IDE-Version: µVision V5.34.0.0
Copyright (C) 2021 ARM Ltd and ARM Germany GmbH. All rights reserved.
License Information: Amin Bakhshoodeh, Bakhshoodeh, LIC=NHYH9-4RC3U-24FSS-LQVRF-LF28S-X3IYN
 
Tool Versions:
Toolchain:       MDK-ARM Professional  Version: 5.34.0.0
Toolchain Path:  C:\Keil_v5\ARM\ARMCC\Bin
C Compiler:      Armcc.exe V5.06 update 7 (build 960)
Assembler:       Armasm.exe V5.06 update 7 (build 960)
Linker/Locator:  ArmLink.exe V5.06 update 7 (build 960)
Library Manager: ArmAr.exe V5.06 update 7 (build 960)
Hex Converter:   FromElf.exe V5.06 update 7 (build 960)
CPU DLL:         SARMCM3.DLL V5.34.0.0
Dialog DLL:      DCM.DLL V1.17.3.0
Target DLL:      Segger\JL2CM3.dll V2.99.38.0
Dialog DLL:      TCM.DLL V1.48.0.0
 
<h2>Project:</h2>
D:\01_Documents\03_Class\01_STM32_Dadashi\MDK-ARM\01_STM32_Dadashi.uvprojx
Project File Date:  02/02/2026

<h2>Output:</h2>
*** Using Compiler 'V5.06 update 7 (build 960)', folder: 'C:\Keil_v5\ARM\ARMCC\Bin'
Rebuild target '01_STM32_Dadashi'
assembling startup_stm32h750xx.s...
compiling freertos.c...
compiling stm32h7xx_it.c...
compiling stm32h7xx_hal_timebase_tim.c...
compiling stm32h7xx_hal_msp.c...
compiling stm32h7xx_hal_rcc_ex.c...
compiling main.c...
compiling stm32h7xx_hal_flash.c...
compiling stm32h7xx_hal_eth_ex.c...
compiling stm32h7xx_hal_flash_ex.c...
compiling stm32h7xx_hal_tim_ex.c...
compiling stm32h7xx_hal_rcc.c...
compiling stm32h7xx_hal_eth.c...
compiling stm32h7xx_hal_gpio.c...
compiling stm32h7xx_hal_hsem.c...
compiling stm32h7xx_hal_dma_ex.c...
compiling stm32h7xx_hal_tim.c...
compiling stm32h7xx_hal_mdma.c...
compiling stm32h7xx_hal_dma.c...
compiling stm32h7xx_hal_pwr.c...
compiling stm32h7xx_hal_cortex.c...
compiling stm32h7xx_hal_pwr_ex.c...
compiling lan8742.c...
compiling stm32h7xx_hal.c...
compiling stm32h7xx_hal_i2c_ex.c...
compiling system_stm32h7xx.c...
compiling stm32h7xx_hal_exti.c...
compiling ethernetif.c...
compiling lwip.c...
compiling auth.c...
compiling ccp.c...
compiling stm32h7xx_hal_i2c.c...
compiling chap_ms.c...
compiling chap-md5.c...
compiling chap-new.c...
compiling demand.c...
compiling eap.c...
compiling eui64.c...
compiling fsm.c...
compiling ipcp.c...
compiling magic.c...
compiling ipv6cp.c...
compiling lcp.c...
compiling mppe.c...
compiling multilink.c...
compiling ppp.c...
compiling pppcrypt.c...
compiling pppapi.c...
compiling pppoe.c...
compiling pppos.c...
compiling pppol2tp.c...
compiling upap.c...
compiling utils.c...
compiling vj.c...
compiling bridgeif.c...
compiling ethernet.c...
compiling bridgeif_fdb.c...
compiling lowpan6_ble.c...
compiling lowpan6.c...
compiling lowpan6_common.c...
compiling zepif.c...
compiling slipif.c...
compiling ecp.c...
compiling fs.c...
../Middlewares/Third_Party/LwIP/src/include/lwip/apps/httpd_opts.h(315): warning:  #2532-D: support for trigraphs is disabled
   * (who uses this at all??) */
../Middlewares/Third_Party/LwIP/src/apps/http/fs.c: 1 warning, 0 errors
compiling httpd.c...
../Middlewares/Third_Party/LwIP/src/include/lwip/apps/httpd_opts.h(315): warning:  #2532-D: support for trigraphs is disabled
   * (who uses this at all??) */
../Middlewares/Third_Party/LwIP/src/apps/http/httpd.c: 1 warning, 0 errors
compiling api_lib.c...
compiling err.c...
compiling netbuf.c...
compiling if_api.c...
compiling api_msg.c...
compiling netdb.c...
compiling netifapi.c...
compiling altcp.c...
compiling altcp_alloc.c...
compiling tcpip.c...
compiling altcp_tcp.c...
compiling def.c...
compiling dns.c...
compiling inet_chksum.c...
compiling sockets.c...
compiling ip.c...
compiling init.c...
compiling mem.c...
compiling memp.c...
compiling raw.c...
compiling stats.c...
compiling netif.c...
compiling sys.c...
compiling pbuf.c...
compiling tcp.c...
compiling timeouts.c...
compiling tcp_in.c...
compiling autoip.c...
compiling dhcp.c...
compiling udp.c...
compiling tcp_out.c...
compiling icmp.c...
compiling etharp.c...
compiling igmp.c...
compiling ip4_addr.c...
compiling ip4.c...
compiling dhcp6.c...
compiling ethip6.c...
compiling ip4_frag.c...
compiling icmp6.c...
compiling inet6.c...
compiling ip6.c...
compiling ip6_addr.c...
compiling croutine.c...
compiling ip6_frag.c...
compiling list.c...
compiling event_groups.c...
compiling mld6.c...
compiling nd6.c...
compiling stream_buffer.c...
compiling queue.c...
compiling timers.c...
compiling sys_arch.c...
compiling heap_4.c...
compiling tasks.c...
compiling SEGGER_RTT_printf.c...
compiling SEGGER_RTT.c...
compiling port.c...
compiling mqtt.c...
compiling cmsis_os2.c...
compiling trcAssert.c...
compiling trcCounter.c...
compiling trcDependency.c...
..\App\TraceRecorder\trcDependency.c(40): warning:  #111-D: statement is unreachable
  		break;
..\App\TraceRecorder\trcDependency.c: 1 warning, 0 errors
compiling trcDiagnostics.c...
compiling trcEntryTable.c...
compiling trcError.c...
..\App\TraceRecorder\trcError.c(171): warning:  #111-D: statement is unreachable
  		break;
..\App\TraceRecorder\trcError.c(178): warning:  #111-D: statement is unreachable
  		break;
..\App\TraceRecorder\trcError.c(194): warning:  #111-D: statement is unreachable
  		break;
..\App\TraceRecorder\trcError.c: 3 warnings, 0 errors
compiling trcExtension.c...
compiling trcHardwarePort.c...
compiling trcEventBuffer.c...
..\App\TraceRecorder\trcEventBuffer.c(392): warning:  #111-D: statement is unreachable
  			break;
..\App\TraceRecorder\trcEventBuffer.c: 1 warning, 0 errors
compiling trcEvent.c...
compiling trcHeap.c...
compiling trcInternalEventBuffer.c...
compiling trcInterval.c...
compiling trcISR.c...
compiling trcKernelPort.c...
compiling trcMultiCoreEventBuffer.c...
compiling trcPrint.c...
compiling trcObject.c...
compiling trcRunnable.c...
compiling trcStackMonitor.c...
compiling trcSnapshotRecorder.c...
compiling trcStateMachine.c...
compiling trcStaticBuffer.c...
compiling trcString.c...
compiling trcStreamingRecorder.c...
compiling trcTask.c...
compiling trcTimestamp.c...
compiling trcStreamPort.c...
linking...
Program Size: Code=81956 RO-data=1548 RW-data=19332 ZI-data=43004  
FromELF: creating hex file...
"01_STM32_Dadashi\01_STM32_Dadashi.axf" - 0 Error(s), 7 Warning(s).

<h2>Software Packages used:</h2>

Package Vendor: ARM
                http://www.keil.com/pack/ARM.CMSIS.5.7.0.pack
                ARM.CMSIS.5.7.0
                CMSIS (Cortex Microcontroller Software Interface Standard)
   * Component: CORE Version: 5.4.0

Package Vendor: Keil
                http://www.keil.com/pack/Keil.STM32H7xx_DFP.2.7.0.pack
                Keil.STM32H7xx_DFP.2.7.0
                STMicroelectronics STM32H7 Series Device Support and Examples

<h2>Collection of Component include folders:</h2>
  .\RTE\_01_STM32_Dadashi
  C:\Users\bakhshoodeh\AppData\Local\Arm\Packs\ARM\CMSIS\5.7.0\CMSIS\Core\Include
  C:\Users\bakhshoodeh\AppData\Local\Arm\Packs\Keil\STM32H7xx_DFP\2.7.0\Drivers\CMSIS\Device\ST\STM32H7xx\Include

<h2>Collection of Component Files used:</h2>

   * Component: ARM::CMSIS:CORE:5.4.0
      Include file:  CMSIS\Core\Include\tz_context.h
Build Time Elapsed:  00:00:07
</pre>
</body>
</html>
