<html>
<body>
<pre>
<h1>µVision Build Log</h1>
<h2>Tool Versions:</h2>
IDE-Version: µVision V5.34.0.0
Copyright (C) 2021 ARM Ltd and ARM Germany GmbH. All rights reserved.
License Information: Amin Bakhshoodeh, Bakhshoodeh, LIC=NHYH9-4RC3U-24FSS-LQVRF-LF28S-X3IYN
 
Tool Versions:
Toolchain:       MDK-ARM Professional  Version: 5.34.0.0
Toolchain Path:  C:\Keil_v5\ARM\ARMCC\Bin
C Compiler:      Armcc.exe V5.06 update 7 (build 960)
Assembler:       Armasm.exe V5.06 update 7 (build 960)
Linker/Locator:  ArmLink.exe V5.06 update 7 (build 960)
Library Manager: ArmAr.exe V5.06 update 7 (build 960)
Hex Converter:   FromElf.exe V5.06 update 7 (build 960)
CPU DLL:         SARMCM3.DLL V5.34.0.0
Dialog DLL:      DCM.DLL V1.17.3.0
Target DLL:      STLink\ST-LINKIII-KEIL_SWO.dll V3.0.8.0
Dialog DLL:      TCM.DLL V1.48.0.0
 
<h2>Project:</h2>
D:\01_Documents\03_Class\01_STM32_Dadashi\MDK-ARM\ControlBoard.uvprojx
Project File Date:  01/19/2026

<h2>Output:</h2>
*** Using Compiler 'V5.06 update 7 (build 960)', folder: 'C:\Keil_v5\ARM\ARMCC\Bin'
Rebuild target 'ControlBoard'
assembling startup_stm32h743xx.s...
compiling adc.c...
compiling i2c.c...
compiling dma.c...
compiling fdcan.c...
compiling freertos.c...
../Core/Src/freertos.c(80): warning:  #177-D: variable "xTaskLED"  was declared but never referenced
  TaskFunction_t xTaskLED;
../Core/Src/freertos.c(81): warning:  #177-D: variable "xTaskLEDHandle"  was declared but never referenced
  	TaskHandle_t xTaskLEDHandle;
../Core/Src/freertos.c: 2 warnings, 0 errors
compiling iwdg.c...
compiling tim.c...
compiling spi.c...
compiling gpio.c...
compiling rtc.c...
compiling usart.c...
compiling stm32h7xx_it.c...
compiling stm32h7xx_hal_msp.c...
compiling stm32h7xx_hal_timebase_tim.c...
compiling stm32h7xx_hal_tim_ex.c...
compiling stm32h7xx_hal_eth_ex.c...
compiling stm32h7xx_hal_rcc.c...
compiling stm32h7xx_hal_flash.c...
compiling stm32h7xx_hal_eth.c...
compiling stm32h7xx_hal_flash_ex.c...
compiling stm32h7xx_hal_hsem.c...
compiling stm32h7xx_hal_gpio.c...
compiling stm32h7xx_hal_rcc_ex.c...
compiling stm32h7xx_hal_tim.c...
compiling stm32h7xx_hal_dma_ex.c...
compiling stm32h7xx_hal_dma.c...
compiling main.c...
compiling stm32h7xx_hal_pwr.c...
compiling stm32h7xx_hal_mdma.c...
compiling stm32h7xx_hal_pwr_ex.c...
compiling stm32h7xx_hal_cortex.c...
compiling stm32h7xx_hal.c...
compiling stm32h7xx_hal_i2c_ex.c...
compiling stm32h7xx_hal_exti.c...
compiling stm32h7xx_hal_iwdg.c...
compiling stm32h7xx_hal_adc.c...
compiling croutine.c...
compiling stm32h7xx_hal_adc_ex.c...
compiling stm32h7xx_hal_rtc.c...
compiling stm32h7xx_hal_i2c.c...
compiling event_groups.c...
compiling stm32h7xx_hal_rtc_ex.c...
compiling stm32h7xx_hal_fdcan.c...
compiling list.c...
compiling stm32h7xx_hal_spi_ex.c...
compiling stm32h7xx_hal_spi.c...
compiling stream_buffer.c...
compiling queue.c...
compiling stm32h7xx_hal_uart_ex.c...
compiling system_stm32h7xx.c...
compiling timers.c...
compiling tasks.c...
compiling heap_4.c...
compiling stm32h7xx_hal_uart.c...
compiling eth_custom_phy_interface.c...
compiling port.c...
compiling App.c...
compiling auth.c...
compiling lwip.c...
compiling ccp.c...
compiling ethernetif.c...
compiling cmsis_os2.c...
compiling chap_ms.c...
compiling chap-md5.c...
compiling demand.c...
compiling chap-new.c...
compiling eap.c...
compiling eui64.c...
compiling fsm.c...
compiling ipcp.c...
compiling ipv6cp.c...
compiling lcp.c...
compiling mppe.c...
compiling magic.c...
compiling multilink.c...
compiling ppp.c...
compiling pppapi.c...
compiling pppcrypt.c...
compiling pppoe.c...
compiling pppol2tp.c...
compiling pppos.c...
compiling upap.c...
compiling utils.c...
compiling vj.c...
compiling lowpan6_ble.c...
compiling bridgeif_fdb.c...
compiling bridgeif.c...
compiling ecp.c...
compiling lowpan6_common.c...
compiling zepif.c...
compiling lowpan6.c...
compiling slipif.c...
compiling ethernet.c...
compiling err.c...
compiling api_lib.c...
compiling if_api.c...
compiling api_msg.c...
compiling netbuf.c...
compiling netdb.c...
compiling netifapi.c...
compiling altcp_alloc.c...
compiling altcp.c...
compiling tcpip.c...
compiling altcp_tcp.c...
compiling def.c...
compiling dns.c...
compiling sockets.c...
compiling inet_chksum.c...
compiling ip.c...
compiling init.c...
compiling mem.c...
compiling netif.c...
compiling memp.c...
compiling raw.c...
compiling stats.c...
compiling sys.c...
compiling pbuf.c...
compiling tcp_in.c...
compiling tcp.c...
compiling tcp_out.c...
compiling timeouts.c...
compiling autoip.c...
compiling dhcp.c...
compiling udp.c...
compiling icmp.c...
compiling igmp.c...
compiling etharp.c...
compiling ip4.c...
compiling ip4_addr.c...
compiling ip4_frag.c...
compiling ethip6.c...
compiling dhcp6.c...
compiling inet6.c...
compiling icmp6.c...
compiling ip6.c...
compiling ip6_addr.c...
compiling ip6_frag.c...
compiling mld6.c...
compiling nd6.c...
compiling sys_arch.c...
compiling mqtt.c...
linking...
Program Size: Code=114192 RO-data=1808 RW-data=19392 ZI-data=69096  
FromELF: creating hex file...
"ControlBoard\ControlBoard.axf" - 0 Error(s), 2 Warning(s).

<h2>Software Packages used:</h2>

Package Vendor: ARM
                http://www.keil.com/pack/ARM.CMSIS.5.7.0.pack
                ARM.CMSIS.5.7.0
                CMSIS (Cortex Microcontroller Software Interface Standard)
   * Component: CORE Version: 5.4.0

Package Vendor: Keil
                http://www.keil.com/pack/Keil.STM32H7xx_DFP.2.7.0.pack
                Keil.STM32H7xx_DFP.2.7.0
                STMicroelectronics STM32H7 Series Device Support and Examples

<h2>Collection of Component include folders:</h2>
  .\RTE\_ControlBoard
  C:\Users\bakhshoodeh\AppData\Local\Arm\Packs\ARM\CMSIS\5.7.0\CMSIS\Core\Include
  C:\Users\bakhshoodeh\AppData\Local\Arm\Packs\Keil\STM32H7xx_DFP\2.7.0\Drivers\CMSIS\Device\ST\STM32H7xx\Include

<h2>Collection of Component Files used:</h2>

   * Component: ARM::CMSIS:CORE:5.4.0
      Include file:  CMSIS\Core\Include\tz_context.h
Build Time Elapsed:  00:00:08
</pre>
</body>
</html>
