<html>
<body>
<pre>
<h1>µVision Build Log</h1>
<h2>Tool Versions:</h2>
IDE-Version: µVision V5.34.0.0
Copyright (C) 2021 ARM Ltd and ARM Germany GmbH. All rights reserved.
License Information: Amin Bakhshoodeh, Bakhshoodeh, LIC=NHYH9-4RC3U-24FSS-LQVRF-LF28S-X3IYN
 
Tool Versions:
Toolchain:       MDK-ARM Professional  Version: 5.34.0.0
Toolchain Path:  C:\Keil_v5\ARM\ARMCC\Bin
C Compiler:      Armcc.exe V5.06 update 7 (build 960)
Assembler:       Armasm.exe V5.06 update 7 (build 960)
Linker/Locator:  ArmLink.exe V5.06 update 7 (build 960)
Library Manager: ArmAr.exe V5.06 update 7 (build 960)
Hex Converter:   FromElf.exe V5.06 update 7 (build 960)
CPU DLL:         SARMCM3.DLL V5.34.0.0
Dialog DLL:      DCM.DLL V1.17.3.0
Target DLL:      STLink\ST-LINKIII-KEIL_SWO.dll V3.0.8.0
Dialog DLL:      TCM.DLL V1.48.0.0
 
<h2>Project:</h2>
E:\00_Learning\00_Meco\00_STM32_Professional\00_Project\MDK-ARM\ControlBoard.uvprojx
Project File Date:  12/29/2025

<h2>Output:</h2>
*** Using Compiler 'V5.06 update 7 (build 960)', folder: 'C:\Keil_v5\ARM\ARMCC\Bin'
Rebuild target 'ControlBoard'
assembling startup_stm32h743xx.s...
compiling spi.c...
compiling main.c...
compiling tim.c...
compiling quadspi.c...
compiling i2c.c...
compiling rtc.c...
compiling freertos.c...
compiling iwdg.c...
compiling fdcan.c...
compiling dma.c...
compiling adc.c...
compiling gpio.c...
compiling usart.c...
compiling stm32h7xx_it.c...
compiling stm32h7xx_hal_timebase_tim.c...
compiling stm32h7xx_hal_msp.c...
compiling stm32h7xx_hal_rcc.c...
compiling stm32h7xx_hal_tim_ex.c...
compiling stm32h7xx_hal_adc_ex.c...
compiling stm32h7xx_hal_flash.c...
compiling stm32h7xx_hal_adc.c...
compiling stm32h7xx_hal_gpio.c...
compiling stm32h7xx_hal_hsem.c...
compiling stm32h7xx_hal_flash_ex.c...
compiling stm32h7xx_hal_rcc_ex.c...
compiling stm32h7xx_hal_tim.c...
compiling stm32h7xx_hal_dma_ex.c...
compiling stm32h7xx_hal_mdma.c...
compiling stm32h7xx_hal_dma.c...
compiling stm32h7xx_hal_pwr.c...
compiling stm32h7xx_hal_cortex.c...
compiling stm32h7xx_hal_pwr_ex.c...
compiling stm32h7xx_hal.c...
compiling stm32h7xx_hal_i2c_ex.c...
compiling stm32h7xx_hal_exti.c...
compiling stm32h7xx_hal_iwdg.c...
compiling stm32h7xx_hal_qspi.c...
compiling stm32h7xx_ll_delayblock.c...
compiling stm32h7xx_hal_fdcan.c...
compiling stm32h7xx_hal_i2c.c...
compiling modbus.c...
compiling stm32h7xx_hal_rtc.c...
compiling stm32h7xx_hal_rtc_ex.c...
compiling stm32h7xx_hal_spi_ex.c...
compiling system_stm32h7xx.c...
compiling croutine.c...
compiling list.c...
compiling stm32h7xx_hal_spi.c...
compiling stm32h7xx_hal_uart_ex.c...
compiling app.c...
compiling event_groups.c...
compiling stream_buffer.c...
compiling queue.c...
compiling mmodbus_hal.c...
compiling stm32h7xx_hal_uart.c...
compiling timers.c...
compiling heap_4.c...
compiling tasks.c...
compiling smodbus_hal.c...
compiling port.c...
compiling cmsis_os2.c...
linking...
Program Size: Code=50508 RO-data=900 RW-data=156 ZI-data=55780  
FromELF: creating hex file...
"ControlBoard\ControlBoard.axf" - 0 Error(s), 0 Warning(s).

<h2>Software Packages used:</h2>

Package Vendor: ARM
                http://www.keil.com/pack/ARM.CMSIS.5.7.0.pack
                ARM.CMSIS.5.7.0
                CMSIS (Cortex Microcontroller Software Interface Standard)
   * Component: CORE Version: 5.4.0

Package Vendor: Keil
                http://www.keil.com/pack/Keil.STM32H7xx_DFP.2.7.0.pack
                Keil.STM32H7xx_DFP.2.7.0
                STMicroelectronics STM32H7 Series Device Support and Examples

<h2>Collection of Component include folders:</h2>
  .\RTE\_ControlBoard
  C:\Users\bakhshoodeh\AppData\Local\Arm\Packs\ARM\CMSIS\5.7.0\CMSIS\Core\Include
  C:\Users\bakhshoodeh\AppData\Local\Arm\Packs\Keil\STM32H7xx_DFP\2.7.0\Drivers\CMSIS\Device\ST\STM32H7xx\Include

<h2>Collection of Component Files used:</h2>

   * Component: ARM::CMSIS:CORE:5.4.0
      Include file:  CMSIS\Core\Include\tz_context.h
Build Time Elapsed:  00:00:02
</pre>
</body>
</html>
