Component: ARM Compiler 5.06 update 7 (build 960) Tool: armlink [4d3601]

==============================================================================

Section Cross References

    startup_stm32h743xx.o(STACK) refers (Special) to heapauxi.o(.text) for __use_two_region_memory
    startup_stm32h743xx.o(HEAP) refers (Special) to heapauxi.o(.text) for __use_two_region_memory
    startup_stm32h743xx.o(RESET) refers (Special) to heapauxi.o(.text) for __use_two_region_memory
    startup_stm32h743xx.o(RESET) refers to startup_stm32h743xx.o(STACK) for __initial_sp
    startup_stm32h743xx.o(RESET) refers to startup_stm32h743xx.o(.text) for Reset_Handler
    startup_stm32h743xx.o(RESET) refers to stm32h7xx_it.o(i.NMI_Handler) for NMI_Handler
    startup_stm32h743xx.o(RESET) refers to stm32h7xx_it.o(i.HardFault_Handler) for HardFault_Handler
    startup_stm32h743xx.o(RESET) refers to stm32h7xx_it.o(i.MemManage_Handler) for MemManage_Handler
    startup_stm32h743xx.o(RESET) refers to stm32h7xx_it.o(i.BusFault_Handler) for BusFault_Handler
    startup_stm32h743xx.o(RESET) refers to stm32h7xx_it.o(i.UsageFault_Handler) for UsageFault_Handler
    startup_stm32h743xx.o(RESET) refers to port.o(.emb_text) for SVC_Handler
    startup_stm32h743xx.o(RESET) refers to stm32h7xx_it.o(i.DebugMon_Handler) for DebugMon_Handler
    startup_stm32h743xx.o(RESET) refers to cmsis_os2.o(i.SysTick_Handler) for SysTick_Handler
    startup_stm32h743xx.o(RESET) refers to stm32h7xx_it.o(i.DMA1_Stream0_IRQHandler) for DMA1_Stream0_IRQHandler
    startup_stm32h743xx.o(RESET) refers to stm32h7xx_it.o(i.DMA1_Stream1_IRQHandler) for DMA1_Stream1_IRQHandler
    startup_stm32h743xx.o(RESET) refers to stm32h7xx_it.o(i.DMA1_Stream2_IRQHandler) for DMA1_Stream2_IRQHandler
    startup_stm32h743xx.o(RESET) refers to stm32h7xx_it.o(i.DMA1_Stream3_IRQHandler) for DMA1_Stream3_IRQHandler
    startup_stm32h743xx.o(RESET) refers to stm32h7xx_it.o(i.DMA1_Stream4_IRQHandler) for DMA1_Stream4_IRQHandler
    startup_stm32h743xx.o(RESET) refers to stm32h7xx_it.o(i.DMA1_Stream5_IRQHandler) for DMA1_Stream5_IRQHandler
    startup_stm32h743xx.o(RESET) refers to stm32h7xx_it.o(i.DMA1_Stream6_IRQHandler) for DMA1_Stream6_IRQHandler
    startup_stm32h743xx.o(RESET) refers to stm32h7xx_it.o(i.FDCAN1_IT0_IRQHandler) for FDCAN1_IT0_IRQHandler
    startup_stm32h743xx.o(RESET) refers to stm32h7xx_it.o(i.FDCAN2_IT0_IRQHandler) for FDCAN2_IT0_IRQHandler
    startup_stm32h743xx.o(RESET) refers to stm32h7xx_it.o(i.FDCAN1_IT1_IRQHandler) for FDCAN1_IT1_IRQHandler
    startup_stm32h743xx.o(RESET) refers to stm32h7xx_it.o(i.FDCAN2_IT1_IRQHandler) for FDCAN2_IT1_IRQHandler
    startup_stm32h743xx.o(RESET) refers to stm32h7xx_it.o(i.EXTI9_5_IRQHandler) for EXTI9_5_IRQHandler
    startup_stm32h743xx.o(RESET) refers to stm32h7xx_it.o(i.TIM1_UP_IRQHandler) for TIM1_UP_IRQHandler
    startup_stm32h743xx.o(RESET) refers to stm32h7xx_it.o(i.TIM2_IRQHandler) for TIM2_IRQHandler
    startup_stm32h743xx.o(RESET) refers to stm32h7xx_it.o(i.TIM3_IRQHandler) for TIM3_IRQHandler
    startup_stm32h743xx.o(RESET) refers to stm32h7xx_it.o(i.TIM4_IRQHandler) for TIM4_IRQHandler
    startup_stm32h743xx.o(RESET) refers to stm32h7xx_it.o(i.I2C1_EV_IRQHandler) for I2C1_EV_IRQHandler
    startup_stm32h743xx.o(RESET) refers to stm32h7xx_it.o(i.SPI1_IRQHandler) for SPI1_IRQHandler
    startup_stm32h743xx.o(RESET) refers to stm32h7xx_it.o(i.USART1_IRQHandler) for USART1_IRQHandler
    startup_stm32h743xx.o(RESET) refers to stm32h7xx_it.o(i.TIM5_IRQHandler) for TIM5_IRQHandler
    startup_stm32h743xx.o(RESET) refers to stm32h7xx_it.o(i.UART4_IRQHandler) for UART4_IRQHandler
    startup_stm32h743xx.o(RESET) refers to stm32h7xx_it.o(i.UART5_IRQHandler) for UART5_IRQHandler
    startup_stm32h743xx.o(RESET) refers to stm32h7xx_it.o(i.TIM6_DAC_IRQHandler) for TIM6_DAC_IRQHandler
    startup_stm32h743xx.o(RESET) refers to stm32h7xx_it.o(i.DMA2_Stream0_IRQHandler) for DMA2_Stream0_IRQHandler
    startup_stm32h743xx.o(RESET) refers to stm32h7xx_it.o(i.DMA2_Stream1_IRQHandler) for DMA2_Stream1_IRQHandler
    startup_stm32h743xx.o(RESET) refers to stm32h7xx_it.o(i.UART7_IRQHandler) for UART7_IRQHandler
    startup_stm32h743xx.o(RESET) refers to stm32h7xx_it.o(i.UART8_IRQHandler) for UART8_IRQHandler
    startup_stm32h743xx.o(RESET) refers to stm32h7xx_it.o(i.ADC3_IRQHandler) for ADC3_IRQHandler
    startup_stm32h743xx.o(.text) refers (Special) to heapauxi.o(.text) for __use_two_region_memory
    startup_stm32h743xx.o(.text) refers to system_stm32h7xx.o(i.ExitRun0Mode) for ExitRun0Mode
    startup_stm32h743xx.o(.text) refers to system_stm32h7xx.o(i.SystemInit) for SystemInit
    startup_stm32h743xx.o(.text) refers to __main.o(!!!main) for __main
    startup_stm32h743xx.o(.text) refers to startup_stm32h743xx.o(HEAP) for Heap_Mem
    startup_stm32h743xx.o(.text) refers to startup_stm32h743xx.o(STACK) for Stack_Mem
    main.o(i.HAL_TIM_PeriodElapsedCallback) refers to stm32h7xx_hal.o(i.HAL_IncTick) for HAL_IncTick
[...]
    HSEM1_IRQHandler                         0x08000417   Thumb Code     0  startup_stm32h743xx.o(.text)
    I2C1_ER_IRQHandler                       0x08000417   Thumb Code     0  startup_stm32h743xx.o(.text)
    I2C2_ER_IRQHandler                       0x08000417   Thumb Code     0  startup_stm32h743xx.o(.text)
    I2C2_EV_IRQHandler                       0x08000417   Thumb Code     0  startup_stm32h743xx.o(.text)
    I2C3_ER_IRQHandler                       0x08000417   Thumb Code     0  startup_stm32h743xx.o(.text)
    I2C3_EV_IRQHandler                       0x08000417   Thumb Code     0  startup_stm32h743xx.o(.text)
    I2C4_ER_IRQHandler                       0x08000417   Thumb Code     0  startup_stm32h743xx.o(.text)
    I2C4_EV_IRQHandler                       0x08000417   Thumb Code     0  startup_stm32h743xx.o(.text)
    JPEG_IRQHandler                          0x08000417   Thumb Code     0  startup_stm32h743xx.o(.text)
    LPTIM1_IRQHandler                        0x08000417   Thumb Code     0  startup_stm32h743xx.o(.text)
    LPTIM2_IRQHandler                        0x08000417   Thumb Code     0  startup_stm32h743xx.o(.text)
    LPTIM3_IRQHandler                        0x08000417   Thumb Code     0  startup_stm32h743xx.o(.text)
    LPTIM4_IRQHandler                        0x08000417   Thumb Code     0  startup_stm32h743xx.o(.text)
    LPTIM5_IRQHandler                        0x08000417   Thumb Code     0  startup_stm32h743xx.o(.text)
    LPUART1_IRQHandler                       0x08000417   Thumb Code     0  startup_stm32h743xx.o(.text)
    LTDC_ER_IRQHandler                       0x08000417   Thumb Code     0  startup_stm32h743xx.o(.text)
    LTDC_IRQHandler                          0x08000417   Thumb Code     0  startup_stm32h743xx.o(.text)
    MDIOS_IRQHandler                         0x08000417   Thumb Code     0  startup_stm32h743xx.o(.text)
    MDIOS_WKUP_IRQHandler                    0x08000417   Thumb Code     0  startup_stm32h743xx.o(.text)
    MDMA_IRQHandler                          0x08000417   Thumb Code     0  startup_stm32h743xx.o(.text)
    OTG_FS_EP1_IN_IRQHandler                 0x08000417   Thumb Code     0  startup_stm32h743xx.o(.text)
    OTG_FS_EP1_OUT_IRQHandler                0x08000417   Thumb Code     0  startup_stm32h743xx.o(.text)
    OTG_FS_IRQHandler                        0x08000417   Thumb Code     0  startup_stm32h743xx.o(.text)
    OTG_FS_WKUP_IRQHandler                   0x08000417   Thumb Code     0  startup_stm32h743xx.o(.text)
    OTG_HS_EP1_IN_IRQHandler                 0x08000417   Thumb Code     0  startup_stm32h743xx.o(.text)
    OTG_HS_EP1_OUT_IRQHandler                0x08000417   Thumb Code     0  startup_stm32h743xx.o(.text)
    OTG_HS_IRQHandler                        0x08000417   Thumb Code     0  startup_stm32h743xx.o(.text)
    OTG_HS_WKUP_IRQHandler                   0x08000417   Thumb Code     0  startup_stm32h743xx.o(.text)
    PVD_AVD_IRQHandler                       0x08000417   Thumb Code     0  startup_stm32h743xx.o(.text)
    QUADSPI_IRQHandler                       0x08000417   Thumb Code     0  startup_stm32h743xx.o(.text)
    RCC_IRQHandler                           0x08000417   Thumb Code     0  startup_stm32h743xx.o(.text)
    RNG_IRQHandler                           0x08000417   Thumb Code     0  startup_stm32h743xx.o(.text)
    RTC_Alarm_IRQHandler                     0x08000417   Thumb Code     0  startup_stm32h743xx.o(.text)
    RTC_WKUP_IRQHandler                      0x08000417   Thumb Code     0  startup_stm32h743xx.o(.text)
    SAI1_IRQHandler                          0x08000417   Thumb Code     0  startup_stm32h743xx.o(.text)
    SAI2_IRQHandler                          0x08000417   Thumb Code     0  startup_stm32h743xx.o(.text)
    SAI3_IRQHandler                          0x08000417   Thumb Code     0  startup_stm32h743xx.o(.text)
    SAI4_IRQHandler                          0x08000417   Thumb Code     0  startup_stm32h743xx.o(.text)
    SDMMC1_IRQHandler                        0x08000417   Thumb Code     0  startup_stm32h743xx.o(.text)
    SDMMC2_IRQHandler                        0x08000417   Thumb Code     0  startup_stm32h743xx.o(.text)
    SPDIF_RX_IRQHandler                      0x08000417   Thumb Code     0  startup_stm32h743xx.o(.text)
    SPI2_IRQHandler                          0x08000417   Thumb Code     0  startup_stm32h743xx.o(.text)
    SPI3_IRQHandler                          0x08000417   Thumb Code     0  startup_stm32h743xx.o(.text)
    SPI4_IRQHandler                          0x08000417   Thumb Code     0  startup_stm32h743xx.o(.text)
    SPI5_IRQHandler                          0x08000417   Thumb Code     0  startup_stm32h743xx.o(.text)
    SPI6_IRQHandler                          0x08000417   Thumb Code     0  startup_stm32h743xx.o(.text)
    SWPMI1_IRQHandler                        0x08000417   Thumb Code     0  startup_stm32h743xx.o(.text)
    TAMP_STAMP_IRQHandler                    0x08000417   Thumb Code     0  startup_stm32h743xx.o(.text)
    TIM15_IRQHandler                         0x08000417   Thumb Code     0  startup_stm32h743xx.o(.text)
    TIM16_IRQHandler                         0x08000417   Thumb Code     0  startup_stm32h743xx.o(.text)
    TIM17_IRQHandler                         0x08000417   Thumb Code     0  startup_stm32h743xx.o(.text)
    TIM1_BRK_IRQHandler                      0x08000417   Thumb Code     0  startup_stm32h743xx.o(.text)
    TIM1_CC_IRQHandler                       0x08000417   Thumb Code     0  startup_stm32h743xx.o(.text)
    TIM1_TRG_COM_IRQHandler                  0x08000417   Thumb Code     0  startup_stm32h743xx.o(.text)
    TIM7_IRQHandler                          0x08000417   Thumb Code     0  startup_stm32h743xx.o(.text)
    TIM8_BRK_TIM12_IRQHandler                0x08000417   Thumb Code     0  startup_stm32h743xx.o(.text)
    TIM8_CC_IRQHandler                       0x08000417   Thumb Code     0  startup_stm32h743xx.o(.text)
    TIM8_TRG_COM_TIM14_IRQHandler            0x08000417   Thumb Code     0  startup_stm32h743xx.o(.text)
    TIM8_UP_TIM13_IRQHandler                 0x08000417   Thumb Code     0  startup_stm32h743xx.o(.text)
    USART2_IRQHandler                        0x08000417   Thumb Code     0  startup_stm32h743xx.o(.text)
    USART3_IRQHandler                        0x08000417   Thumb Code     0  startup_stm32h743xx.o(.text)
    USART6_IRQHandler                        0x08000417   Thumb Code     0  startup_stm32h743xx.o(.text)
    WAKEUP_PIN_IRQHandler                    0x08000417   Thumb Code     0  startup_stm32h743xx.o(.text)
    WWDG_IRQHandler                          0x08000417   Thumb Code     0  startup_stm32h743xx.o(.text)
    __user_initial_stackheap                 0x08000419   Thumb Code     0  startup_stm32h743xx.o(.text)
    __aeabi_uldivmod                         0x08000441   Thumb Code     0  lludivv7m.o(.text)
    _ll_udiv                                 0x08000441   Thumb Code   238  lludivv7m.o(.text)
    __aeabi_memcpy                           0x0800052f   Thumb Code     0  rt_memcpy_v6.o(.text)
    __rt_memcpy                              0x0800052f   Thumb Code   138  rt_memcpy_v6.o(.text)
    _memcpy_lastbytes                        0x08000595   Thumb Code     0  rt_memcpy_v6.o(.text)
    __aeabi_memcpy4                          0x080005b9   Thumb Code     0  rt_memcpy_w.o(.text)
    __aeabi_memcpy8                          0x080005b9   Thumb Code     0  rt_memcpy_w.o(.text)
    __rt_memcpy_w                            0x080005b9   Thumb Code   100  rt_memcpy_w.o(.text)
    _memcpy_lastbytes_aligned                0x08000601   Thumb Code     0  rt_memcpy_w.o(.text)
    __aeabi_memset                           0x0800061d   Thumb Code    16  aeabi_memset.o(.text)
    __aeabi_memclr                           0x0800062d   Thumb Code     0  rt_memclr.o(.text)
    __rt_memclr                              0x0800062d   Thumb Code    68  rt_memclr.o(.text)
    _memset                                  0x08000631   Thumb Code     0  rt_memclr.o(.text)
    __aeabi_memclr4                          0x08000671   Thumb Code     0  rt_memclr_w.o(.text)
    __aeabi_memclr8                          0x08000671   Thumb Code     0  rt_memclr_w.o(.text)
    __rt_memclr_w                            0x08000671   Thumb Code    78  rt_memclr_w.o(.text)
    _memset_w                                0x08000675   Thumb Code     0  rt_memclr_w.o(.text)
    __use_two_region_memory                  0x080006bf   Thumb Code     2  heapauxi.o(.text)
    __rt_heap_escrow                         0x080006c1   Thumb Code     2  heapauxi.o(.text)
    __rt_heap_expand                         0x080006c3   Thumb Code     2  heapauxi.o(.text)
    __user_libspace                          0x080006c5   Thumb Code     8  libspace.o(.text)
    __user_perproc_libspace                  0x080006c5   Thumb Code     0  libspace.o(.text)
    __user_perthread_libspace                0x080006c5   Thumb Code     0  libspace.o(.text)
    __I$use$semihosting                      0x080006cd   Thumb Code     0  use_no_semi.o(.text)
    __use_no_semihosting_swi                 0x080006cd   Thumb Code     2  use_no_semi.o(.text)
    __semihosting_library_function           0x080006cf   Thumb Code     0  indicate_semi.o(.text)
    __user_setup_stackheap                   0x080006cf   Thumb Code    74  sys_stackheap_outer.o(.text)
    exit                                     0x08000719   Thumb Code    18  exit.o(.text)
    _sys_exit                                0x0800072d   Thumb Code     8  sys_exit.o(.text)
    ADC3_IRQHandler                          0x08000739   Thumb Code    10  stm32h7xx_it.o(i.ADC3_IRQHandler)
    ADC_ConfigureBoostMode                   0x08000749   Thumb Code   322  stm32h7xx_hal_adc.o(i.ADC_ConfigureBoostMode)
    BusFault_Handler                         0x080008ad   Thumb Code     4  stm32h7xx_it.o(i.BusFault_Handler)
    DMA1_Stream0_IRQHandler                  0x080008b1   Thumb Code    10  stm32h7xx_it.o(i.DMA1_Stream0_IRQHandler)
    DMA1_Stream1_IRQHandler                  0x080008c1   Thumb Code    10  stm32h7xx_it.o(i.DMA1_Stream1_IRQHandler)
    DMA1_Stream2_IRQHandler                  0x080008d1   Thumb Code    10  stm32h7xx_it.o(i.DMA1_Stream2_IRQHandler)
    DMA1_Stream3_IRQHandler                  0x080008e1   Thumb Code    10  stm32h7xx_it.o(i.DMA1_Stream3_IRQHandler)
    DMA1_Stream4_IRQHandler                  0x080008f1   Thumb Code    10  stm32h7xx_it.o(i.DMA1_Stream4_IRQHandler)
    DMA1_Stream5_IRQHandler                  0x08000901   Thumb Code    10  stm32h7xx_it.o(i.DMA1_Stream5_IRQHandler)
    DMA1_Stream6_IRQHandler                  0x08000911   Thumb Code    10  stm32h7xx_it.o(i.DMA1_Stream6_IRQHandler)
    DMA2_Stream0_IRQHandler                  0x08000921   Thumb Code    10  stm32h7xx_it.o(i.DMA2_Stream0_IRQHandler)
    DMA2_Stream1_IRQHandler                  0x08000931   Thumb Code    10  stm32h7xx_it.o(i.DMA2_Stream1_IRQHandler)
    DebugMon_Handler                         0x08000c37   Thumb Code     2  stm32h7xx_it.o(i.DebugMon_Handler)
    EXTI9_5_IRQHandler                       0x08000c39   Thumb Code    10  stm32h7xx_it.o(i.EXTI9_5_IRQHandler)
    Error_Handler                            0x08000c43   Thumb Code     6  main.o(i.Error_Handler)
    ExitRun0Mode                             0x08000c49   Thumb Code    30  system_stm32h7xx.o(i.ExitRun0Mode)
    FDCAN1_IT0_IRQHandler                    0x08000c6d   Thumb Code    10  stm32h7xx_it.o(i.FDCAN1_IT0_IRQHandler)
    FDCAN1_IT1_IRQHandler                    0x08000c7d   Thumb Code    10  stm32h7xx_it.o(i.FDCAN1_IT1_IRQHandler)
    FDCAN2_IT0_IRQHandler                    0x08000c8d   Thumb Code    10  stm32h7xx_it.o(i.FDCAN2_IT0_IRQHandler)
    FDCAN2_IT1_IRQHandler                    0x08000c9d   Thumb Code    10  stm32h7xx_it.o(i.FDCAN2_IT1_IRQHandler)
    HAL_ADCEx_EndOfSamplingCallback          0x08000ecd   Thumb Code     2  stm32h7xx_hal_adc_ex.o(i.HAL_ADCEx_EndOfSamplingCallback)
    HAL_ADCEx_InjectedConvCpltCallback       0x08000ecf   Thumb Code     2  stm32h7xx_hal_adc_ex.o(i.HAL_ADCEx_InjectedConvCpltCallback)
    HAL_ADCEx_InjectedQueueOverflowCallback  0x08000ed1   Thumb Code     2  stm32h7xx_hal_adc_ex.o(i.HAL_ADCEx_InjectedQueueOverflowCallback)
    HAL_ADCEx_LevelOutOfWindow2Callback      0x08000ed3   Thumb Code     2  stm32h7xx_hal_adc_ex.o(i.HAL_ADCEx_LevelOutOfWindow2Callback)
    HAL_ADCEx_LevelOutOfWindow3Callback      0x08000ed5   Thumb Code     2  stm32h7xx_hal_adc_ex.o(i.HAL_ADCEx_LevelOutOfWindow3Callback)
    HAL_ADC_ConfigChannel                    0x08000ed9   Thumb Code  1420  stm32h7xx_hal_adc.o(i.HAL_ADC_ConfigChannel)
    HAL_ADC_ConvCpltCallback                 0x0800148d   Thumb Code     2  stm32h7xx_hal_adc.o(i.HAL_ADC_ConvCpltCallback)
    HAL_ADC_ErrorCallback                    0x0800148f   Thumb Code     2  stm32h7xx_hal_adc.o(i.HAL_ADC_ErrorCallback)
    HAL_ADC_IRQHandler                       0x08001491   Thumb Code   840  stm32h7xx_hal_adc.o(i.HAL_ADC_IRQHandler)
    HAL_ADC_Init                             0x080017e9   Thumb Code   608  stm32h7xx_hal_adc.o(i.HAL_ADC_Init)
    HAL_ADC_LevelOutOfWindowCallback         0x08001a75   Thumb Code     2  stm32h7xx_hal_adc.o(i.HAL_ADC_LevelOutOfWindowCallback)
    HAL_ADC_MspInit                          0x08001a79   Thumb Code   262  adc.o(i.HAL_ADC_MspInit)
    HAL_DMA_Abort                            0x08001b99   Thumb Code  1236  stm32h7xx_hal_dma.o(i.HAL_DMA_Abort)
    HAL_DMA_Abort_IT                         0x08002075   Thumb Code   906  stm32h7xx_hal_dma.o(i.HAL_DMA_Abort_IT)
    HAL_DMA_IRQHandler                       0x0800240d   Thumb Code  2798  stm32h7xx_hal_dma.o(i.HAL_DMA_IRQHandler)
    HAL_DMA_Init                             0x08002f05   Thumb Code  1304  stm32h7xx_hal_dma.o(i.HAL_DMA_Init)
    HAL_FDCAN_ClockCalibrationCallback       0x08003425   Thumb Code     2  stm32h7xx_hal_fdcan.o(i.HAL_FDCAN_ClockCalibrationCallback)
    HAL_FDCAN_ErrorCallback                  0x08003427   Thumb Code     2  stm32h7xx_hal_fdcan.o(i.HAL_FDCAN_ErrorCallback)
    HAL_FDCAN_ErrorStatusCallback            0x08003429   Thumb Code     2  stm32h7xx_hal_fdcan.o(i.HAL_FDCAN_ErrorStatusCallback)
    HAL_FDCAN_HighPriorityMessageCallback    0x0800342b   Thumb Code     2  stm32h7xx_hal_fdcan.o(i.HAL_FDCAN_HighPriorityMessageCallback)
    HAL_FDCAN_IRQHandler                     0x0800342d   Thumb Code   966  stm32h7xx_hal_fdcan.o(i.HAL_FDCAN_IRQHandler)
    HAL_FDCAN_Init                           0x08003801   Thumb Code   726  stm32h7xx_hal_fdcan.o(i.HAL_FDCAN_Init)
    HAL_FDCAN_MspInit                        0x08003ae1   Thumb Code   368  fdcan.o(i.HAL_FDCAN_MspInit)
    HAL_FDCAN_RxBufferNewMessageCallback     0x08003c69   Thumb Code     2  stm32h7xx_hal_fdcan.o(i.HAL_FDCAN_RxBufferNewMessageCallback)
    HAL_FDCAN_RxFifo0Callback                0x08003c6b   Thumb Code     2  stm32h7xx_hal_fdcan.o(i.HAL_FDCAN_RxFifo0Callback)
    HAL_FDCAN_RxFifo1Callback                0x08003c6d   Thumb Code     2  stm32h7xx_hal_fdcan.o(i.HAL_FDCAN_RxFifo1Callback)
    HAL_FDCAN_TT_GlobalTimeCallback          0x08003c6f   Thumb Code     2  stm32h7xx_hal_fdcan.o(i.HAL_FDCAN_TT_GlobalTimeCallback)
    HAL_FDCAN_TT_ScheduleSyncCallback        0x08003c71   Thumb Code     2  stm32h7xx_hal_fdcan.o(i.HAL_FDCAN_TT_ScheduleSyncCallback)
    HAL_FDCAN_TT_StopWatchCallback           0x08003c73   Thumb Code     2  stm32h7xx_hal_fdcan.o(i.HAL_FDCAN_TT_StopWatchCallback)
    HAL_FDCAN_TT_TimeMarkCallback            0x08003c75   Thumb Code     2  stm32h7xx_hal_fdcan.o(i.HAL_FDCAN_TT_TimeMarkCallback)
    HAL_FDCAN_TimeoutOccurredCallback        0x08003c77   Thumb Code     2  stm32h7xx_hal_fdcan.o(i.HAL_FDCAN_TimeoutOccurredCallback)
    HAL_FDCAN_TimestampWraparoundCallback    0x08003c79   Thumb Code     2  stm32h7xx_hal_fdcan.o(i.HAL_FDCAN_TimestampWraparoundCallback)
    HAL_FDCAN_TxBufferAbortCallback          0x08003c7b   Thumb Code     2  stm32h7xx_hal_fdcan.o(i.HAL_FDCAN_TxBufferAbortCallback)
    HAL_FDCAN_TxBufferCompleteCallback       0x08003c7d   Thumb Code     2  stm32h7xx_hal_fdcan.o(i.HAL_FDCAN_TxBufferCompleteCallback)
    HAL_FDCAN_TxEventFifoCallback            0x08003c7f   Thumb Code     2  stm32h7xx_hal_fdcan.o(i.HAL_FDCAN_TxEventFifoCallback)
    HAL_FDCAN_TxFifoEmptyCallback            0x08003c81   Thumb Code     2  stm32h7xx_hal_fdcan.o(i.HAL_FDCAN_TxFifoEmptyCallback)
    HAL_GPIO_EXTI_Callback                   0x08003c83   Thumb Code     2  stm32h7xx_hal_gpio.o(i.HAL_GPIO_EXTI_Callback)
    HAL_GPIO_EXTI_IRQHandler                 0x08003c85   Thumb Code    24  stm32h7xx_hal_gpio.o(i.HAL_GPIO_EXTI_IRQHandler)
    HAL_GPIO_Init                            0x08003ca1   Thumb Code   456  stm32h7xx_hal_gpio.o(i.HAL_GPIO_Init)
    HAL_GetREVID                             0x08003e9d   Thumb Code     8  stm32h7xx_hal.o(i.HAL_GetREVID)
    HAL_GetTick                              0x08003ea9   Thumb Code     6  stm32h7xx_hal.o(i.HAL_GetTick)
    HAL_HalfDuplex_Init                      0x08003eb5   Thumb Code   144  stm32h7xx_hal_uart.o(i.HAL_HalfDuplex_Init)
    HAL_I2C_EV_IRQHandler                    0x08003f49   Thumb Code    28  stm32h7xx_hal_i2c.o(i.HAL_I2C_EV_IRQHandler)
    HAL_IWDG_Init                            0x08003f65   Thumb Code   116  stm32h7xx_hal_iwdg.o(i.HAL_IWDG_Init)
    HAL_IncTick                              0x08003fd9   Thumb Code    16  stm32h7xx_hal.o(i.HAL_IncTick)
    HAL_Init                                 0x08003ff1   Thumb Code    80  stm32h7xx_hal.o(i.HAL_Init)
    HAL_InitTick                             0x08004051   Thumb Code   140  stm32h7xx_hal_timebase_tim.o(i.HAL_InitTick)
    HAL_MPU_ConfigRegion                     0x080040f1   Thumb Code    86  stm32h7xx_hal_cortex.o(i.HAL_MPU_ConfigRegion)
    HAL_MPU_Disable                          0x0800414d   Thumb Code    38  stm32h7xx_hal_cortex.o(i.HAL_MPU_Disable)
    HAL_MPU_Enable                           0x08004179   Thumb Code    58  stm32h7xx_hal_cortex.o(i.HAL_MPU_Enable)
    HAL_MspInit                              0x080041b9   Thumb Code    42  stm32h7xx_hal_msp.o(i.HAL_MspInit)
    HAL_NVIC_EnableIRQ                       0x080041e9   Thumb Code    40  stm32h7xx_hal_cortex.o(i.HAL_NVIC_EnableIRQ)
    HAL_NVIC_SetPriority                     0x08004211   Thumb Code   122  stm32h7xx_hal_cortex.o(i.HAL_NVIC_SetPriority)
    HAL_NVIC_SetPriorityGrouping             0x0800428d   Thumb Code    32  stm32h7xx_hal_cortex.o(i.HAL_NVIC_SetPriorityGrouping)
    HAL_PWREx_ConfigSupply                   0x080042b5   Thumb Code    90  stm32h7xx_hal_pwr_ex.o(i.HAL_PWREx_ConfigSupply)
    HAL_QSPI_Init                            0x08004315   Thumb Code   168  stm32h7xx_hal_qspi.o(i.HAL_QSPI_Init)
    HAL_QSPI_MspInit                         0x080043c5   Thumb Code   306  quadspi.o(i.HAL_QSPI_MspInit)
    HAL_QSPI_SetTimeout                      0x08004511   Thumb Code     4  stm32h7xx_hal_qspi.o(i.HAL_QSPI_SetTimeout)
    HAL_RCCEx_GetD3PCLK1Freq                 0x08004515   Thumb Code    26  stm32h7xx_hal_rcc_ex.o(i.HAL_RCCEx_GetD3PCLK1Freq)
    HAL_RCCEx_GetPLL1ClockFreq               0x08004539   Thumb Code   536  stm32h7xx_hal_rcc_ex.o(i.HAL_RCCEx_GetPLL1ClockFreq)
    HAL_RCCEx_GetPLL2ClockFreq               0x08004769   Thumb Code   536  stm32h7xx_hal_rcc_ex.o(i.HAL_RCCEx_GetPLL2ClockFreq)
    HAL_RCCEx_GetPLL3ClockFreq               0x08004999   Thumb Code   536  stm32h7xx_hal_rcc_ex.o(i.HAL_RCCEx_GetPLL3ClockFreq)
    HAL_RCCEx_GetPeriphCLKFreq               0x08004bc9   Thumb Code  2216  stm32h7xx_hal_rcc_ex.o(i.HAL_RCCEx_GetPeriphCLKFreq)
    HAL_RCCEx_PeriphCLKConfig                0x08005479   Thumb Code  3432  stm32h7xx_hal_rcc_ex.o(i.HAL_RCCEx_PeriphCLKConfig)
    HAL_RCC_ClockConfig                      0x080061e1   Thumb Code   774  stm32h7xx_hal_rcc.o(i.HAL_RCC_ClockConfig)
    HAL_RCC_GetClockConfig                   0x08006501   Thumb Code    98  stm32h7xx_hal_rcc.o(i.HAL_RCC_GetClockConfig)
    HAL_RCC_GetHCLKFreq                      0x0800656d   Thumb Code    60  stm32h7xx_hal_rcc.o(i.HAL_RCC_GetHCLKFreq)
    HAL_RCC_GetPCLK1Freq                     0x080065b9   Thumb Code    26  stm32h7xx_hal_rcc.o(i.HAL_RCC_GetPCLK1Freq)
    HAL_RCC_GetPCLK2Freq                     0x080065dd   Thumb Code    26  stm32h7xx_hal_rcc.o(i.HAL_RCC_GetPCLK2Freq)
    HAL_RCC_GetSysClockFreq                  0x08006601   Thumb Code   524  stm32h7xx_hal_rcc.o(i.HAL_RCC_GetSysClockFreq)
    HAL_RCC_OscConfig                        0x0800682d   Thumb Code  2130  stm32h7xx_hal_rcc.o(i.HAL_RCC_OscConfig)
    HAL_RTC_Init                             0x08007085   Thumb Code   178  stm32h7xx_hal_rtc.o(i.HAL_RTC_Init)
    HAL_RTC_MspInit                          0x0800713d   Thumb Code    62  rtc.o(i.HAL_RTC_MspInit)
    HAL_RTC_SetDate                          0x08007185   Thumb Code   198  stm32h7xx_hal_rtc.o(i.HAL_RTC_SetDate)
    HAL_RTC_SetTime                          0x08007251   Thumb Code   244  stm32h7xx_hal_rtc.o(i.HAL_RTC_SetTime)
    HAL_RTC_WaitForSynchro                   0x08007349   Thumb Code    50  stm32h7xx_hal_rtc.o(i.HAL_RTC_WaitForSynchro)
    HAL_SPI_ErrorCallback                    0x08007381   Thumb Code     2  stm32h7xx_hal_spi.o(i.HAL_SPI_ErrorCallback)
    HAL_SPI_IRQHandler                       0x08007385   Thumb Code   654  stm32h7xx_hal_spi.o(i.HAL_SPI_IRQHandler)
    HAL_SPI_Init                             0x08007619   Thumb Code   420  stm32h7xx_hal_spi.o(i.HAL_SPI_Init)
    HAL_SPI_MspInit                          0x080077c9   Thumb Code   212  spi.o(i.HAL_SPI_MspInit)
    HAL_SPI_RxCpltCallback                   0x080078ad   Thumb Code     2  stm32h7xx_hal_spi.o(i.HAL_SPI_RxCpltCallback)
    HAL_SPI_SuspendCallback                  0x080078af   Thumb Code     2  stm32h7xx_hal_spi.o(i.HAL_SPI_SuspendCallback)
    HAL_SPI_TxCpltCallback                   0x080078b1   Thumb Code     2  stm32h7xx_hal_spi.o(i.HAL_SPI_TxCpltCallback)
    HAL_SPI_TxRxCpltCallback                 0x080078b3   Thumb Code     2  stm32h7xx_hal_spi.o(i.HAL_SPI_TxRxCpltCallback)
    HAL_TIMEx_Break2Callback                 0x080078b5   Thumb Code     2  stm32h7xx_hal_tim_ex.o(i.HAL_TIMEx_Break2Callback)
    HAL_TIMEx_BreakCallback                  0x080078b7   Thumb Code     2  stm32h7xx_hal_tim_ex.o(i.HAL_TIMEx_BreakCallback)
    HAL_TIMEx_CommutCallback                 0x080078b9   Thumb Code     2  stm32h7xx_hal_tim_ex.o(i.HAL_TIMEx_CommutCallback)
    HAL_TIMEx_CommutHalfCpltCallback         0x080078bb   Thumb Code     2  stm32h7xx_hal_tim_ex.o(i.HAL_TIMEx_CommutHalfCpltCallback)
    HAL_TIMEx_MasterConfigSynchronization    0x080078bd   Thumb Code   174  stm32h7xx_hal_tim_ex.o(i.HAL_TIMEx_MasterConfigSynchronization)
    HAL_TIM_Base_Init                        0x08007989   Thumb Code   124  stm32h7xx_hal_tim.o(i.HAL_TIM_Base_Init)
    HAL_TIM_Base_MspInit                     0x08007a09   Thumb Code   328  tim.o(i.HAL_TIM_Base_MspInit)
    HAL_TIM_Base_Start_IT                    0x08007b69   Thumb Code   146  stm32h7xx_hal_tim.o(i.HAL_TIM_Base_Start_IT)
    HAL_TIM_ConfigClockSource                0x08007c1d   Thumb Code   304  stm32h7xx_hal_tim.o(i.HAL_TIM_ConfigClockSource)
    HAL_TIM_ErrorCallback                    0x08007d51   Thumb Code     2  stm32h7xx_hal_tim.o(i.HAL_TIM_ErrorCallback)
    HAL_TIM_IC_CaptureCallback               0x08007d53   Thumb Code     2  stm32h7xx_hal_tim.o(i.HAL_TIM_IC_CaptureCallback)
    HAL_TIM_IC_CaptureHalfCpltCallback       0x08007d55   Thumb Code     2  stm32h7xx_hal_tim.o(i.HAL_TIM_IC_CaptureHalfCpltCallback)
    HAL_TIM_IRQHandler                       0x08007d57   Thumb Code   442  stm32h7xx_hal_tim.o(i.HAL_TIM_IRQHandler)
    HAL_TIM_OC_DelayElapsedCallback          0x08007f11   Thumb Code     2  stm32h7xx_hal_tim.o(i.HAL_TIM_OC_DelayElapsedCallback)
    HAL_TIM_PWM_PulseFinishedCallback        0x08007f13   Thumb Code     2  stm32h7xx_hal_tim.o(i.HAL_TIM_PWM_PulseFinishedCallback)
    HAL_TIM_PWM_PulseFinishedHalfCpltCallback 0x08007f15   Thumb Code     2  stm32h7xx_hal_tim.o(i.HAL_TIM_PWM_PulseFinishedHalfCpltCallback)
    HAL_TIM_PeriodElapsedCallback            0x08007f19   Thumb Code    18  main.o(i.HAL_TIM_PeriodElapsedCallback)
    HAL_TIM_PeriodElapsedHalfCpltCallback    0x08007f31   Thumb Code     2  stm32h7xx_hal_tim.o(i.HAL_TIM_PeriodElapsedHalfCpltCallback)
    HAL_TIM_TriggerCallback                  0x08007f33   Thumb Code     2  stm32h7xx_hal_tim.o(i.HAL_TIM_TriggerCallback)
    HAL_TIM_TriggerHalfCpltCallback          0x08007f35   Thumb Code     2  stm32h7xx_hal_tim.o(i.HAL_TIM_TriggerHalfCpltCallback)
    HAL_UARTEx_DisableFifoMode               0x08007f37   Thumb Code    78  stm32h7xx_hal_uart_ex.o(i.HAL_UARTEx_DisableFifoMode)
    HAL_UARTEx_RxEventCallback               0x08007f85   Thumb Code     2  stm32h7xx_hal_uart.o(i.HAL_UARTEx_RxEventCallback)
    HAL_UARTEx_RxFifoFullCallback            0x08007f87   Thumb Code     2  stm32h7xx_hal_uart_ex.o(i.HAL_UARTEx_RxFifoFullCallback)
    HAL_UARTEx_SetRxFifoThreshold            0x08007f89   Thumb Code    94  stm32h7xx_hal_uart_ex.o(i.HAL_UARTEx_SetRxFifoThreshold)
    HAL_UARTEx_SetTxFifoThreshold            0x08007fe7   Thumb Code    94  stm32h7xx_hal_uart_ex.o(i.HAL_UARTEx_SetTxFifoThreshold)
    HAL_UARTEx_TxFifoEmptyCallback           0x08008045   Thumb Code     2  stm32h7xx_hal_uart_ex.o(i.HAL_UARTEx_TxFifoEmptyCallback)
    HAL_UARTEx_WakeupCallback                0x08008047   Thumb Code     2  stm32h7xx_hal_uart_ex.o(i.HAL_UARTEx_WakeupCallback)
    HAL_UART_AbortCpltCallback               0x08008049   Thumb Code     2  stm32h7xx_hal_uart.o(i.HAL_UART_AbortCpltCallback)
    HAL_UART_AbortReceiveCpltCallback        0x0800804b   Thumb Code     2  stm32h7xx_hal_uart.o(i.HAL_UART_AbortReceiveCpltCallback)
    HAL_UART_AbortTransmitCpltCallback       0x0800804d   Thumb Code     2  stm32h7xx_hal_uart.o(i.HAL_UART_AbortTransmitCpltCallback)
    HAL_UART_ErrorCallback                   0x0800804f   Thumb Code     2  stm32h7xx_hal_uart.o(i.HAL_UART_ErrorCallback)
    HAL_UART_IRQHandler                      0x08008051   Thumb Code  1224  stm32h7xx_hal_uart.o(i.HAL_UART_IRQHandler)
    HAL_UART_MspInit                         0x08008519   Thumb Code  1338  usart.o(i.HAL_UART_MspInit)
    HAL_UART_RxCpltCallback                  0x08008a6d   Thumb Code     2  stm32h7xx_hal_uart.o(i.HAL_UART_RxCpltCallback)
    HAL_UART_RxHalfCpltCallback              0x08008a6f   Thumb Code     2  stm32h7xx_hal_uart.o(i.HAL_UART_RxHalfCpltCallback)
    HAL_UART_TxCpltCallback                  0x08008a71   Thumb Code     2  stm32h7xx_hal_uart.o(i.HAL_UART_TxCpltCallback)
    HAL_UART_TxHalfCpltCallback              0x08008a73   Thumb Code     2  stm32h7xx_hal_uart.o(i.HAL_UART_TxHalfCpltCallback)
    HardFault_Handler                        0x08008a75   Thumb Code     4  stm32h7xx_it.o(i.HardFault_Handler)
    I2C1_EV_IRQHandler                       0x08008a79   Thumb Code    10  stm32h7xx_it.o(i.I2C1_EV_IRQHandler)
    MX_ADC3_Init                             0x08008b65   Thumb Code   322  adc.o(i.MX_ADC3_Init)
    MX_DMA_Init                              0x08008cd5   Thumb Code   202  dma.o(i.MX_DMA_Init)
    MX_FDCAN1_Init                           0x08008da5   Thumb Code   118  fdcan.o(i.MX_FDCAN1_Init)
    MX_FDCAN2_Init                           0x08008e25   Thumb Code   120  fdcan.o(i.MX_FDCAN2_Init)
    MX_FREERTOS_Init                         0x08008ea5   Thumb Code    18  freertos.o(i.MX_FREERTOS_Init)
    MX_IWDG1_Init                            0x08008ec5   Thumb Code    36  iwdg.o(i.MX_IWDG1_Init)
    MX_QUADSPI_Init                          0x08008ef1   Thumb Code    52  quadspi.o(i.MX_QUADSPI_Init)
    MX_RTC_Init                              0x08008f2d   Thumb Code   130  rtc.o(i.MX_RTC_Init)
    MX_SPI1_Init                             0x08008fb9   Thumb Code    94  spi.o(i.MX_SPI1_Init)
    MX_TIM1_Init                             0x08009021   Thumb Code   104  tim.o(i.MX_TIM1_Init)
    MX_TIM2_Init                             0x08009091   Thumb Code   104  tim.o(i.MX_TIM2_Init)
    MX_TIM4_Init                             0x080090fd   Thumb Code   102  tim.o(i.MX_TIM4_Init)
    MX_TIM5_Init                             0x0800916d   Thumb Code   102  tim.o(i.MX_TIM5_Init)
    MX_TIM6_Init                             0x080091dd   Thumb Code    70  tim.o(i.MX_TIM6_Init)
    MX_TIM8_Init                             0x0800922d   Thumb Code   106  tim.o(i.MX_TIM8_Init)
    MX_USART1_UART_Init                      0x080092a1   Thumb Code    98  usart.o(i.MX_USART1_UART_Init)
    MemManage_Handler                        0x0800930d   Thumb Code     4  stm32h7xx_it.o(i.MemManage_Handler)
    NMI_Handler                              0x08009311   Thumb Code     4  stm32h7xx_it.o(i.NMI_Handler)
    PeriphCommonClock_Config                 0x08009315   Thumb Code    40  main.o(i.PeriphCommonClock_Config)
    RTC_ByteToBcd2                           0x08009651   Thumb Code    28  stm32h7xx_hal_rtc.o(i.RTC_ByteToBcd2)
    RTC_EnterInitMode                        0x0800966d   Thumb Code    68  stm32h7xx_hal_rtc.o(i.RTC_EnterInitMode)
    RTC_ExitInitMode                         0x080096b1   Thumb Code    90  stm32h7xx_hal_rtc.o(i.RTC_ExitInitMode)
    SPI1_IRQHandler                          0x08009711   Thumb Code    10  stm32h7xx_it.o(i.SPI1_IRQHandler)
    StartDefaultTask                         0x0800982d   Thumb Code    10  freertos.o(i.StartDefaultTask)
    SysTick_Handler                          0x08009837   Thumb Code    22  cmsis_os2.o(i.SysTick_Handler)
    SystemClock_Config                       0x0800984d   Thumb Code   214  main.o(i.SystemClock_Config)
    SystemInit                               0x0800992d   Thumb Code   212  system_stm32h7xx.o(i.SystemInit)
    TIM1_UP_IRQHandler                       0x08009a29   Thumb Code    10  stm32h7xx_it.o(i.TIM1_UP_IRQHandler)
    TIM2_IRQHandler                          0x08009a39   Thumb Code    10  stm32h7xx_it.o(i.TIM2_IRQHandler)
    TIM3_IRQHandler                          0x08009a49   Thumb Code    10  stm32h7xx_it.o(i.TIM3_IRQHandler)
    TIM4_IRQHandler                          0x08009a59   Thumb Code    10  stm32h7xx_it.o(i.TIM4_IRQHandler)
    TIM5_IRQHandler                          0x08009a69   Thumb Code    10  stm32h7xx_it.o(i.TIM5_IRQHandler)
    TIM6_DAC_IRQHandler                      0x08009a79   Thumb Code    10  stm32h7xx_it.o(i.TIM6_DAC_IRQHandler)
    TIM_Base_SetConfig                       0x08009a89   Thumb Code   178  stm32h7xx_hal_tim.o(i.TIM_Base_SetConfig)
    TIM_ETR_SetConfig                        0x08009b5d   Thumb Code    22  stm32h7xx_hal_tim.o(i.TIM_ETR_SetConfig)
    TIM_ResetCallback                        0x08009b8d   Thumb Code    62  stm32h7xx_hal_tim.o(i.TIM_ResetCallback)
    UART4_IRQHandler                         0x08009c55   Thumb Code    10  stm32h7xx_it.o(i.UART4_IRQHandler)
    UART5_IRQHandler                         0x08009c65   Thumb Code    10  stm32h7xx_it.o(i.UART5_IRQHandler)
    UART7_IRQHandler                         0x08009c75   Thumb Code    10  stm32h7xx_it.o(i.UART7_IRQHandler)
    UART8_IRQHandler                         0x08009c85   Thumb Code    10  stm32h7xx_it.o(i.UART8_IRQHandler)
    UART_AdvFeatureConfig                    0x08009ced   Thumb Code   248  stm32h7xx_hal_uart.o(i.UART_AdvFeatureConfig)
    UART_CheckIdleState                      0x08009de5   Thumb Code   234  stm32h7xx_hal_uart.o(i.UART_CheckIdleState)
    UART_InitCallbacksToDefault              0x08009f85   Thumb Code    54  stm32h7xx_hal_uart.o(i.UART_InitCallbacksToDefault)
    UART_SetConfig                           0x08009fed   Thumb Code  1402  stm32h7xx_hal_uart.o(i.UART_SetConfig)
    UART_WaitOnFlagUntilTimeout              0x0800a579   Thumb Code   172  stm32h7xx_hal_uart.o(i.UART_WaitOnFlagUntilTimeout)
    USART1_IRQHandler                        0x0800a625   Thumb Code    10  stm32h7xx_it.o(i.USART1_IRQHandler)
    UsageFault_Handler                       0x0800a635   Thumb Code     4  stm32h7xx_it.o(i.UsageFault_Handler)
    main                                     0x0800a679   Thumb Code   382  main.o(i.main)
    osDelay                                  0x0800a801   Thumb Code    30  cmsis_os2.o(i.osDelay)
    osKernelInitialize                       0x0800a821   Thumb Code    38  cmsis_os2.o(i.osKernelInitialize)
    osKernelStart                            0x0800a84d   Thumb Code    82  cmsis_os2.o(i.osKernelStart)
    osThreadNew                              0x0800a8ad   Thumb Code   184  cmsis_os2.o(i.osThreadNew)
    pvPortMalloc                             0x0800b389   Thumb Code   306  heap_4.o(i.pvPortMalloc)
    pxPortInitialiseStack                    0x0800b4d5   Thumb Code    38  port.o(i.pxPortInitialiseStack)
    uxListRemove                             0x0800b501   Thumb Code    40  list.o(i.uxListRemove)
    vApplicationGetIdleTaskMemory            0x0800b529   Thumb Code    14  cmsis_os2.o(i.vApplicationGetIdleTaskMemory)
    vApplicationGetTimerTaskMemory           0x0800b541   Thumb Code    16  cmsis_os2.o(i.vApplicationGetTimerTaskMemory)
    vListInitialise                          0x0800b559   Thumb Code    26  list.o(i.vListInitialise)
    vListInitialiseItem                      0x0800b573   Thumb Code     6  list.o(i.vListInitialiseItem)
    vListInsert                              0x0800b579   Thumb Code    52  list.o(i.vListInsert)
    vListInsertEnd                           0x0800b5ad   Thumb Code    24  list.o(i.vListInsertEnd)
    vPortEnterCritical                       0x0800b5c5   Thumb Code    76  port.o(i.vPortEnterCritical)
    vPortExitCritical                        0x0800b619   Thumb Code    56  port.o(i.vPortExitCritical)
    vPortFree                                0x0800b655   Thumb Code   150  heap_4.o(i.vPortFree)
    vPortSetupTimerInterrupt                 0x0800b6f9   Thumb Code    36  port.o(i.vPortSetupTimerInterrupt)
    vPortValidateInterruptPriority           0x0800b721   Thumb Code   106  port.o(i.vPortValidateInterruptPriority)
    vQueueAddToRegistry                      0x0800b799   Thumb Code    38  queue.o(i.vQueueAddToRegistry)
    vQueueWaitForMessageRestricted           0x0800b7c5   Thumb Code    74  queue.o(i.vQueueWaitForMessageRestricted)
    vTaskDelay                               0x0800b811   Thumb Code    82  tasks.o(i.vTaskDelay)
    vTaskInternalSetTimeOutState             0x0800b86d   Thumb Code    14  tasks.o(i.vTaskInternalSetTimeOutState)
    vTaskMissedYield                         0x0800b885   Thumb Code     8  tasks.o(i.vTaskMissedYield)
    vTaskPlaceOnEventList                    0x0800b891   Thumb Code    52  tasks.o(i.vTaskPlaceOnEventList)
    vTaskPlaceOnEventListRestricted          0x0800b8c9   Thumb Code    60  tasks.o(i.vTaskPlaceOnEventListRestricted)
    vTaskStartScheduler                      0x0800b909   Thumb Code   156  tasks.o(i.vTaskStartScheduler)
    vTaskSuspendAll                          0x0800b9c1   Thumb Code    12  tasks.o(i.vTaskSuspendAll)
    vTaskSwitchContext                       0x0800b9d1   Thumb Code   122  tasks.o(i.vTaskSwitchContext)
    xPortStartScheduler                      0x0800ba61   Thumb Code   330  port.o(i.xPortStartScheduler)
    xPortSysTickHandler                      0x0800bbc9   Thumb Code    46  port.o(i.xPortSysTickHandler)
    xQueueGenericCreateStatic                0x0800bbfd   Thumb Code   224  queue.o(i.xQueueGenericCreateStatic)
    xQueueGenericReset                       0x0800bcdd   Thumb Code   146  queue.o(i.xQueueGenericReset)
    xQueueGenericSend                        0x0800bd75   Thumb Code   420  queue.o(i.xQueueGenericSend)
    xQueueGenericSendFromISR                 0x0800bf1d   Thumb Code   252  queue.o(i.xQueueGenericSendFromISR)
    xQueueReceive                            0x0800c019   Thumb Code   356  queue.o(i.xQueueReceive)
    xTaskCheckForTimeOut                     0x0800c181   Thumb Code   132  tasks.o(i.xTaskCheckForTimeOut)
    xTaskCreate                              0x0800c20d   Thumb Code   100  tasks.o(i.xTaskCreate)
    xTaskCreateStatic                        0x0800c271   Thumb Code   186  tasks.o(i.xTaskCreateStatic)
    xTaskGetSchedulerState                   0x0800c32d   Thumb Code    24  tasks.o(i.xTaskGetSchedulerState)
    xTaskGetTickCount                        0x0800c34d   Thumb Code     6  tasks.o(i.xTaskGetTickCount)
    xTaskIncrementTick                       0x0800c359   Thumb Code   280  tasks.o(i.xTaskIncrementTick)
    xTaskPriorityDisinherit                  0x0800c49d   Thumb Code   152  tasks.o(i.xTaskPriorityDisinherit)
    xTaskRemoveFromEventList                 0x0800c541   Thumb Code   126  tasks.o(i.xTaskRemoveFromEventList)
    xTaskResumeAll                           0x0800c5d9   Thumb Code   222  tasks.o(i.xTaskResumeAll)
    xTimerCreateTimerTask                    0x0800c6dd   Thumb Code   100  timers.o(i.xTimerCreateTimerTask)
    xTimerGenericCommand                     0x0800c755   Thumb Code   128  timers.o(i.xTimerGenericCommand)
    _fp_init                                 0x0800c7d9   Thumb Code    10  fpinit.o(x$fpl$fpinit)
    __fplib_config_fpu_vfp                   0x0800c7e1   Thumb Code     0  fpinit.o(x$fpl$fpinit)
    __fplib_config_pureend_doubles           0x0800c7e1   Thumb Code     0  fpinit.o(x$fpl$fpinit)
    defaultTask_attributes                   0x0800c7e4   Data          36  freertos.o(.constdata)
    UARTPrescTable                           0x0800c86c   Data          24  stm32h7xx_hal_uart.o(.constdata)
    D1CorePrescTable                         0x0800c894   Data          16  system_stm32h7xx.o(.constdata)
    Region$$Table$$Base                      0x0800c8b0   Number         0  anon$$obj.o(Region$$Table)
    Region$$Table$$Limit                     0x0800c8d0   Number         0  anon$$obj.o(Region$$Table)
    defaultTaskHandle                        0x24000000   Data           4  freertos.o(.data)
    uwTick                                   0x24000008   Data           4  stm32h7xx_hal.o(.data)
    uwTickPrio                               0x2400000c   Data           4  stm32h7xx_hal.o(.data)
    uwTickFreq                               0x24000010   Data           1  stm32h7xx_hal.o(.data)
    SystemCoreClock                          0x24000014   Data           4  system_stm32h7xx.o(.data)
    SystemD2Clock                            0x24000018   Data           4  system_stm32h7xx.o(.data)
    pxCurrentTCB                             0x2400001c   Data           4  tasks.o(.data)
    hadc3                                    0x2400009c   Data         100  adc.o(.bss)
    hdma_adc3                                0x24000100   Data         120  adc.o(.bss)
    hfdcan1                                  0x24000178   Data         160  fdcan.o(.bss)
    hfdcan2                                  0x24000218   Data         160  fdcan.o(.bss)
    hi2c1                                    0x240002b8   Data          84  i2c.o(.bss)
    hi2c2                                    0x2400030c   Data          84  i2c.o(.bss)
    hiwdg1                                   0x24000360   Data          16  iwdg.o(.bss)
    hqspi                                    0x24000370   Data          76  quadspi.o(.bss)
    hrtc                                     0x240003bc   Data          36  rtc.o(.bss)
    hspi1                                    0x240003e0   Data         136  spi.o(.bss)
    htim1                                    0x24000468   Data         188  tim.o(.bss)
    htim2                                    0x24000524   Data         188  tim.o(.bss)
    htim4                                    0x240005e0   Data         188  tim.o(.bss)
    htim5                                    0x2400069c   Data         188  tim.o(.bss)
    htim6                                    0x24000758   Data         188  tim.o(.bss)
    htim8                                    0x24000814   Data         188  tim.o(.bss)
    huart4                                   0x240008d0   Data         204  usart.o(.bss)
    huart5                                   0x2400099c   Data         204  usart.o(.bss)
    huart7                                   0x24000a68   Data         204  usart.o(.bss)
    huart8                                   0x24000b34   Data         204  usart.o(.bss)
    huart1                                   0x24000c00   Data         204  usart.o(.bss)
    hdma_uart4_tx                            0x24000ccc   Data         120  usart.o(.bss)
    hdma_uart4_rx                            0x24000d44   Data         120  usart.o(.bss)
    hdma_uart5_tx                            0x24000dbc   Data         120  usart.o(.bss)
    hdma_uart5_rx                            0x24000e34   Data         120  usart.o(.bss)
    hdma_uart7_rx                            0x24000eac   Data         120  usart.o(.bss)
    hdma_uart7_tx                            0x24000f24   Data         120  usart.o(.bss)
    hdma_uart8_tx                            0x24000f9c   Data         120  usart.o(.bss)
    hdma_uart8_rx                            0x24001014   Data         120  usart.o(.bss)
    htim3                                    0x2400108c   Data         188  stm32h7xx_hal_timebase_tim.o(.bss)
    xQueueRegistry                           0x24001148   Data          64  queue.o(.bss)
    __libspace_start                         0x24005a1c   Data          96  libspace.o(.bss)
    __temporary_stack_top$libspace           0x24005a7c   Data           0  libspace.o(.bss)



==============================================================================

Memory Map of the image

  Image Entry point : 0x08000299

  Load Region LR_IROM1 (Base: 0x08000000, Size: 0x0000c96c, Max: 0x00200000, ABSOLUTE)

    Execution Region ER_IROM1 (Exec base: 0x08000000, Load base: 0x08000000, Size: 0x0000c8d0, Max: 0x00200000, ABSOLUTE)

    Exec Addr    Load Addr    Size         Type   Attr      Idx    E Section Name        Object

    0x08000000   0x08000000   0x00000298   Data   RO            3    RESET               startup_stm32h743xx.o
    0x08000298   0x08000298   0x00000008   Code   RO         9769  * !!!main             c_w.l(__main.o)
    0x080002a0   0x080002a0   0x00000034   Code   RO         9982    !!!scatter          c_w.l(__scatter.o)
    0x080002d4   0x080002d4   0x0000001a   Code   RO         9984    !!handler_copy      c_w.l(__scatter_copy.o)
    0x080002ee   0x080002ee   0x00000002   PAD
    0x080002f0   0x080002f0   0x0000001c   Code   RO         9986    !!handler_zi        c_w.l(__scatter_zi.o)
    0x0800030c   0x0800030c   0x00000002   Code   RO         9919    .ARM.Collect$$libinit$$00000000  c_w.l(libinit.o)
    0x0800030e   0x0800030e   0x00000004   Code   RO         9805    .ARM.Collect$$libinit$$00000001  c_w.l(libinit2.o)
    0x08000312   0x08000312   0x00000000   Code   RO         9808    .ARM.Collect$$libinit$$00000004  c_w.l(libinit2.o)
    0x08000312   0x08000312   0x00000000   Code   RO         9811    .ARM.Collect$$libinit$$0000000A  c_w.l(libinit2.o)
    0x08000312   0x08000312   0x00000000   Code   RO         9813    .ARM.Collect$$libinit$$0000000C  c_w.l(libinit2.o)
    0x08000312   0x08000312   0x00000000   Code   RO         9815    .ARM.Collect$$libinit$$0000000E  c_w.l(libinit2.o)
    0x08000312   0x08000312   0x00000000   Code   RO         9818    .ARM.Collect$$libinit$$00000011  c_w.l(libinit2.o)
    0x08000312   0x08000312   0x00000000   Code   RO         9820    .ARM.Collect$$libinit$$00000013  c_w.l(libinit2.o)
    0x08000312   0x08000312   0x00000000   Code   RO         9822    .ARM.Collect$$libinit$$00000015  c_w.l(libinit2.o)
    0x08000312   0x08000312   0x00000000   Code   RO         9824    .ARM.Collect$$libinit$$00000017  c_w.l(libinit2.o)
    0x08000312   0x08000312   0x00000000   Code   RO         9826    .ARM.Collect$$libinit$$00000019  c_w.l(libinit2.o)
    0x08000312   0x08000312   0x00000000   Code   RO         9828    .ARM.Collect$$libinit$$0000001B  c_w.l(libinit2.o)
    0x08000312   0x08000312   0x00000000   Code   RO         9830    .ARM.Collect$$libinit$$0000001D  c_w.l(libinit2.o)
    0x08000312   0x08000312   0x00000000   Code   RO         9832    .ARM.Collect$$libinit$$0000001F  c_w.l(libinit2.o)
    0x08000312   0x08000312   0x00000000   Code   RO         9834    .ARM.Collect$$libinit$$00000021  c_w.l(libinit2.o)
    0x08000312   0x08000312   0x00000000   Code   RO         9836    .ARM.Collect$$libinit$$00000023  c_w.l(libinit2.o)
    0x08000312   0x08000312   0x00000000   Code   RO         9838    .ARM.Collect$$libinit$$00000025  c_w.l(libinit2.o)
    0x08000312   0x08000312   0x00000000   Code   RO         9842    .ARM.Collect$$libinit$$0000002C  c_w.l(libinit2.o)
    0x08000312   0x08000312   0x00000000   Code   RO         9844    .ARM.Collect$$libinit$$0000002E  c_w.l(libinit2.o)
    0x08000312   0x08000312   0x00000000   Code   RO         9846    .ARM.Collect$$libinit$$00000030  c_w.l(libinit2.o)
    0x08000312   0x08000312   0x00000000   Code   RO         9848    .ARM.Collect$$libinit$$00000032  c_w.l(libinit2.o)
    0x08000312   0x08000312   0x00000002   Code   RO         9849    .ARM.Collect$$libinit$$00000033  c_w.l(libinit2.o)
    0x08000314   0x08000314   0x00000002   Code   RO         9979    .ARM.Collect$$libshutdown$$00000000  c_w.l(libshutdown.o)
    0x08000316   0x08000316   0x00000000   Code   RO         9935    .ARM.Collect$$libshutdown$$00000002  c_w.l(libshutdown2.o)
    0x08000316   0x08000316   0x00000000   Code   RO         9937    .ARM.Collect$$libshutdown$$00000004  c_w.l(libshutdown2.o)
    0x08000316   0x08000316   0x00000000   Code   RO         9939    .ARM.Collect$$libshutdown$$00000006  c_w.l(libshutdown2.o)
    0x08000316   0x08000316   0x00000000   Code   RO         9942    .ARM.Collect$$libshutdown$$00000009  c_w.l(libshutdown2.o)
    0x08000316   0x08000316   0x00000000   Code   RO         9945    .ARM.Collect$$libshutdown$$0000000C  c_w.l(libshutdown2.o)
    0x08000316   0x08000316   0x00000000   Code   RO         9947    .ARM.Collect$$libshutdown$$0000000E  c_w.l(libshutdown2.o)
    0x08000316   0x08000316   0x00000000   Code   RO         9950    .ARM.Collect$$libshutdown$$00000011  c_w.l(libshutdown2.o)
    0x08000316   0x08000316   0x00000002   Code   RO         9951    .ARM.Collect$$libshutdown$$00000012  c_w.l(libshutdown2.o)
    0x08000318   0x08000318   0x00000000   Code   RO         9773    .ARM.Collect$$rtentry$$00000000  c_w.l(__rtentry.o)
    0x08000318   0x08000318   0x00000000   Code   RO         9856    .ARM.Collect$$rtentry$$00000002  c_w.l(__rtentry2.o)
    0x08000318   0x08000318   0x00000006   Code   RO         9868    .ARM.Collect$$rtentry$$00000004  c_w.l(__rtentry4.o)
    0x0800031e   0x0800031e   0x00000000   Code   RO         9858    .ARM.Collect$$rtentry$$00000009  c_w.l(__rtentry2.o)
    0x0800031e   0x0800031e   0x00000004   Code   RO         9859    .ARM.Collect$$rtentry$$0000000A  c_w.l(__rtentry2.o)
    0x08000322   0x08000322   0x00000000   Code   RO         9861    .ARM.Collect$$rtentry$$0000000C  c_w.l(__rtentry2.o)
    0x08000322   0x08000322   0x00000008   Code   RO         9862    .ARM.Collect$$rtentry$$0000000D  c_w.l(__rtentry2.o)
    0x0800032a   0x0800032a   0x00000002   Code   RO         9922    .ARM.Collect$$rtexit$$00000000  c_w.l(rtexit.o)
    0x0800032c   0x0800032c   0x00000000   Code   RO         9955    .ARM.Collect$$rtexit$$00000002  c_w.l(rtexit2.o)
    0x0800032c   0x0800032c   0x00000004   Code   RO         9956    .ARM.Collect$$rtexit$$00000003  c_w.l(rtexit2.o)
    0x08000330   0x08000330   0x00000006   Code   RO         9957    .ARM.Collect$$rtexit$$00000004  c_w.l(rtexit2.o)
    0x08000336   0x08000336   0x00000002   PAD
    0x08000338   0x08000338   0x000000be   Code   RO         9610    .emb_text           port.o
    0x080003f6   0x080003f6   0x00000002   PAD
    0x080003f8   0x080003f8   0x00000048   Code   RO            4    .text               startup_stm32h743xx.o
    0x08000440   0x08000440   0x000000ee   Code   RO         9751    .text               c_w.l(lludivv7m.o)
    0x0800052e   0x0800052e   0x0000008a   Code   RO         9755    .text               c_w.l(rt_memcpy_v6.o)
    0x080005b8   0x080005b8   0x00000064   Code   RO         9757    .text               c_w.l(rt_memcpy_w.o)
    0x0800061c   0x0800061c   0x00000010   Code   RO         9761    .text               c_w.l(aeabi_memset.o)
    0x0800062c   0x0800062c   0x00000044   Code   RO         9763    .text               c_w.l(rt_memclr.o)
    0x08000670   0x08000670   0x0000004e   Code   RO         9765    .text               c_w.l(rt_memclr_w.o)
    0x080006be   0x080006be   0x00000006   Code   RO         9767    .text               c_w.l(heapauxi.o)
    0x080006c4   0x080006c4   0x00000008   Code   RO         9852    .text               c_w.l(libspace.o)
    0x080006cc   0x080006cc   0x00000002   Code   RO         9891    .text               c_w.l(use_no_semi.o)
    0x080006ce   0x080006ce   0x00000000   Code   RO         9893    .text               c_w.l(indicate_semi.o)
    0x080006ce   0x080006ce   0x0000004a   Code   RO         9894    .text               c_w.l(sys_stackheap_outer.o)
    0x08000718   0x08000718   0x00000012   Code   RO         9900    .text               c_w.l(exit.o)
    0x0800072a   0x0800072a   0x00000002   PAD
    0x0800072c   0x0800072c   0x0000000c   Code   RO         9920    .text               c_w.l(sys_exit.o)
    0x08000738   0x08000738   0x00000010   Code   RO          883    i.ADC3_IRQHandler   stm32h7xx_it.o
    0x08000748   0x08000748   0x00000164   Code   RO         2216    i.ADC_ConfigureBoostMode  stm32h7xx_hal_adc.o
    0x080008ac   0x080008ac   0x00000004   Code   RO          884    i.BusFault_Handler  stm32h7xx_it.o
    0x080008b0   0x080008b0   0x00000010   Code   RO          885    i.DMA1_Stream0_IRQHandler  stm32h7xx_it.o
    0x080008c0   0x080008c0   0x00000010   Code   RO          886    i.DMA1_Stream1_IRQHandler  stm32h7xx_it.o
    0x080008d0   0x080008d0   0x00000010   Code   RO          887    i.DMA1_Stream2_IRQHandler  stm32h7xx_it.o
    0x080008e0   0x080008e0   0x00000010   Code   RO          888    i.DMA1_Stream3_IRQHandler  stm32h7xx_it.o
    0x080008f0   0x080008f0   0x00000010   Code   RO          889    i.DMA1_Stream4_IRQHandler  stm32h7xx_it.o
    0x08000900   0x08000900   0x00000010   Code   RO          890    i.DMA1_Stream5_IRQHandler  stm32h7xx_it.o
    0x08000910   0x08000910   0x00000010   Code   RO          891    i.DMA1_Stream6_IRQHandler  stm32h7xx_it.o
    0x08000920   0x08000920   0x00000010   Code   RO          892    i.DMA2_Stream0_IRQHandler  stm32h7xx_it.o
    0x08000930   0x08000930   0x00000010   Code   RO          893    i.DMA2_Stream1_IRQHandler  stm32h7xx_it.o
    0x08000940   0x08000940   0x000000ec   Code   RO         3444    i.DMA_CalcBaseAndBitshift  stm32h7xx_hal_dma.o
    0x08000a2c   0x08000a2c   0x000000c4   Code   RO         3445    i.DMA_CalcDMAMUXChannelBaseAndMask  stm32h7xx_hal_dma.o
    0x08000af0   0x08000af0   0x00000098   Code   RO         3446    i.DMA_CalcDMAMUXRequestGenBaseAndMask  stm32h7xx_hal_dma.o
    0x08000b88   0x08000b88   0x000000ae   Code   RO         3447    i.DMA_CheckFifoParam  stm32h7xx_hal_dma.o
    0x08000c36   0x08000c36   0x00000002   Code   RO          894    i.DebugMon_Handler  stm32h7xx_it.o
    0x08000c38   0x08000c38   0x0000000a   Code   RO          895    i.EXTI9_5_IRQHandler  stm32h7xx_it.o
    0x08000c42   0x08000c42   0x00000006   Code   RO           13    i.Error_Handler     main.o
    0x08000c48   0x08000c48   0x00000024   Code   RO         7439    i.ExitRun0Mode      system_stm32h7xx.o
    0x08000c6c   0x08000c6c   0x00000010   Code   RO          896    i.FDCAN1_IT0_IRQHandler  stm32h7xx_it.o
    0x08000c7c   0x08000c7c   0x00000010   Code   RO          897    i.FDCAN1_IT1_IRQHandler  stm32h7xx_it.o
    0x08000c8c   0x08000c8c   0x00000010   Code   RO          898    i.FDCAN2_IT0_IRQHandler  stm32h7xx_it.o
    0x08000c9c   0x08000c9c   0x00000010   Code   RO          899    i.FDCAN2_IT1_IRQHandler  stm32h7xx_it.o
    0x08000cac   0x08000cac   0x00000220   Code   RO         5219    i.FDCAN_CalcultateRamBlockAddresses  stm32h7xx_hal_fdcan.o
    0x08000ecc   0x08000ecc   0x00000002   Code   RO         2477    i.HAL_ADCEx_EndOfSamplingCallback  stm32h7xx_hal_adc_ex.o
    0x08000ece   0x08000ece   0x00000002   Code   RO         2480    i.HAL_ADCEx_InjectedConvCpltCallback  stm32h7xx_hal_adc_ex.o
    0x08000ed0   0x08000ed0   0x00000002   Code   RO         2483    i.HAL_ADCEx_InjectedQueueOverflowCallback  stm32h7xx_hal_adc_ex.o
    0x08000ed2   0x08000ed2   0x00000002   Code   RO         2488    i.HAL_ADCEx_LevelOutOfWindow2Callback  stm32h7xx_hal_adc_ex.o
    0x08000ed4   0x08000ed4   0x00000002   Code   RO         2489    i.HAL_ADCEx_LevelOutOfWindow3Callback  stm32h7xx_hal_adc_ex.o
    0x08000ed6   0x08000ed6   0x00000002   PAD
    0x08000ed8   0x08000ed8   0x000005b4   Code   RO         2224    i.HAL_ADC_ConfigChannel  stm32h7xx_hal_adc.o
    0x0800148c   0x0800148c   0x00000002   Code   RO         2225    i.HAL_ADC_ConvCpltCallback  stm32h7xx_hal_adc.o
    0x0800148e   0x0800148e   0x00000002   Code   RO         2228    i.HAL_ADC_ErrorCallback  stm32h7xx_hal_adc.o
    0x08001490   0x08001490   0x00000358   Code   RO         2232    i.HAL_ADC_IRQHandler  stm32h7xx_hal_adc.o
    0x080017e8   0x080017e8   0x0000028c   Code   RO         2233    i.HAL_ADC_Init      stm32h7xx_hal_adc.o
    0x08001a74   0x08001a74   0x00000002   Code   RO         2234    i.HAL_ADC_LevelOutOfWindowCallback  stm32h7xx_hal_adc.o
    0x08001a76   0x08001a76   0x00000002   PAD
    0x08001a78   0x08001a78   0x00000120   Code   RO          387    i.HAL_ADC_MspInit   adc.o
    0x08001b98   0x08001b98   0x000004dc   Code   RO         3449    i.HAL_DMA_Abort     stm32h7xx_hal_dma.o
    0x08002074   0x08002074   0x00000398   Code   RO         3450    i.HAL_DMA_Abort_IT  stm32h7xx_hal_dma.o
    0x0800240c   0x0800240c   0x00000af8   Code   RO         3454    i.HAL_DMA_IRQHandler  stm32h7xx_hal_dma.o
    0x08002f04   0x08002f04   0x00000520   Code   RO         3455    i.HAL_DMA_Init      stm32h7xx_hal_dma.o
    0x08003424   0x08003424   0x00000002   Code   RO         5225    i.HAL_FDCAN_ClockCalibrationCallback  stm32h7xx_hal_fdcan.o
    0x08003426   0x08003426   0x00000002   Code   RO         5251    i.HAL_FDCAN_ErrorCallback  stm32h7xx_hal_fdcan.o
    0x08003428   0x08003428   0x00000002   Code   RO         5252    i.HAL_FDCAN_ErrorStatusCallback  stm32h7xx_hal_fdcan.o
    0x0800342a   0x0800342a   0x00000002   Code   RO         5269    i.HAL_FDCAN_HighPriorityMessageCallback  stm32h7xx_hal_fdcan.o
    0x0800342c   0x0800342c   0x000003d4   Code   RO         5270    i.HAL_FDCAN_IRQHandler  stm32h7xx_hal_fdcan.o
    0x08003800   0x08003800   0x000002e0   Code   RO         5271    i.HAL_FDCAN_Init    stm32h7xx_hal_fdcan.o
    0x08003ae0   0x08003ae0   0x00000188   Code   RO          461    i.HAL_FDCAN_MspInit  fdcan.o
    0x08003c68   0x08003c68   0x00000002   Code   RO         5280    i.HAL_FDCAN_RxBufferNewMessageCallback  stm32h7xx_hal_fdcan.o
    0x08003c6a   0x08003c6a   0x00000002   Code   RO         5281    i.HAL_FDCAN_RxFifo0Callback  stm32h7xx_hal_fdcan.o
    0x08003c6c   0x08003c6c   0x00000002   Code   RO         5282    i.HAL_FDCAN_RxFifo1Callback  stm32h7xx_hal_fdcan.o
    0x08003c6e   0x08003c6e   0x00000002   Code   RO         5305    i.HAL_FDCAN_TT_GlobalTimeCallback  stm32h7xx_hal_fdcan.o
    0x08003c70   0x08003c70   0x00000002   Code   RO         5306    i.HAL_FDCAN_TT_ScheduleSyncCallback  stm32h7xx_hal_fdcan.o
    0x08003c72   0x08003c72   0x00000002   Code   RO         5311    i.HAL_FDCAN_TT_StopWatchCallback  stm32h7xx_hal_fdcan.o
    0x08003c74   0x08003c74   0x00000002   Code   RO         5312    i.HAL_FDCAN_TT_TimeMarkCallback  stm32h7xx_hal_fdcan.o
    0x08003c76   0x08003c76   0x00000002   Code   RO         5313    i.HAL_FDCAN_TimeoutOccurredCallback  stm32h7xx_hal_fdcan.o
    0x08003c78   0x08003c78   0x00000002   Code   RO         5314    i.HAL_FDCAN_TimestampWraparoundCallback  stm32h7xx_hal_fdcan.o
    0x08003c7a   0x08003c7a   0x00000002   Code   RO         5315    i.HAL_FDCAN_TxBufferAbortCallback  stm32h7xx_hal_fdcan.o
    0x08003c7c   0x08003c7c   0x00000002   Code   RO         5316    i.HAL_FDCAN_TxBufferCompleteCallback  stm32h7xx_hal_fdcan.o
    0x08003c7e   0x08003c7e   0x00000002   Code   RO         5317    i.HAL_FDCAN_TxEventFifoCallback  stm32h7xx_hal_fdcan.o
    0x08003c80   0x08003c80   0x00000002   Code   RO         5318    i.HAL_FDCAN_TxFifoEmptyCallback  stm32h7xx_hal_fdcan.o
    0x08003c82   0x08003c82   0x00000002   Code   RO         3295    i.HAL_GPIO_EXTI_Callback  stm32h7xx_hal_gpio.o
    0x08003c84   0x08003c84   0x0000001c   Code   RO         3296    i.HAL_GPIO_EXTI_IRQHandler  stm32h7xx_hal_gpio.o
    0x08003ca0   0x08003ca0   0x000001fc   Code   RO         3297    i.HAL_GPIO_Init     stm32h7xx_hal_gpio.o
    0x08003e9c   0x08003e9c   0x0000000c   Code   RO         4327    i.HAL_GetREVID      stm32h7xx_hal.o
    0x08003ea8   0x08003ea8   0x0000000c   Code   RO         4328    i.HAL_GetTick       stm32h7xx_hal.o
    0x08003eb4   0x08003eb4   0x00000094   Code   RO         6863    i.HAL_HalfDuplex_Init  stm32h7xx_hal_uart.o
    0x08003f48   0x08003f48   0x0000001c   Code   RO         4626    i.HAL_I2C_EV_IRQHandler  stm32h7xx_hal_i2c.o
    0x08003f64   0x08003f64   0x00000074   Code   RO         5837    i.HAL_IWDG_Init     stm32h7xx_hal_iwdg.o
    0x08003fd8   0x08003fd8   0x00000018   Code   RO         4334    i.HAL_IncTick       stm32h7xx_hal.o
    0x08003ff0   0x08003ff0   0x00000060   Code   RO         4335    i.HAL_Init          stm32h7xx_hal.o
    0x08004050   0x08004050   0x000000a0   Code   RO         1141    i.HAL_InitTick      stm32h7xx_hal_timebase_tim.o
    0x080040f0   0x080040f0   0x0000005c   Code   RO         4152    i.HAL_MPU_ConfigRegion  stm32h7xx_hal_cortex.o
    0x0800414c   0x0800414c   0x0000002c   Code   RO         4153    i.HAL_MPU_Disable   stm32h7xx_hal_cortex.o
    0x08004178   0x08004178   0x00000040   Code   RO         4155    i.HAL_MPU_Enable    stm32h7xx_hal_cortex.o
    0x080041b8   0x080041b8   0x00000030   Code   RO         1113    i.HAL_MspInit       stm32h7xx_hal_msp.o
    0x080041e8   0x080041e8   0x00000028   Code   RO         4159    i.HAL_NVIC_EnableIRQ  stm32h7xx_hal_cortex.o
    0x08004210   0x08004210   0x0000007a   Code   RO         4165    i.HAL_NVIC_SetPriority  stm32h7xx_hal_cortex.o
    0x0800428a   0x0800428a   0x00000002   PAD
    0x0800428c   0x0800428c   0x00000028   Code   RO         4166    i.HAL_NVIC_SetPriorityGrouping  stm32h7xx_hal_cortex.o
    0x080042b4   0x080042b4   0x00000060   Code   RO         3898    i.HAL_PWREx_ConfigSupply  stm32h7xx_hal_pwr_ex.o
    0x08004314   0x08004314   0x000000b0   Code   RO         5882    i.HAL_QSPI_Init     stm32h7xx_hal_qspi.o
    0x080043c4   0x080043c4   0x0000014c   Code   RO          600    i.HAL_QSPI_MspInit  quadspi.o
    0x08004510   0x08004510   0x00000004   Code   RO         5892    i.HAL_QSPI_SetTimeout  stm32h7xx_hal_qspi.o
    0x08004514   0x08004514   0x00000024   Code   RO         2848    i.HAL_RCCEx_GetD3PCLK1Freq  stm32h7xx_hal_rcc_ex.o
    0x08004538   0x08004538   0x00000230   Code   RO         2849    i.HAL_RCCEx_GetPLL1ClockFreq  stm32h7xx_hal_rcc_ex.o
    0x08004768   0x08004768   0x00000230   Code   RO         2850    i.HAL_RCCEx_GetPLL2ClockFreq  stm32h7xx_hal_rcc_ex.o
    0x08004998   0x08004998   0x00000230   Code   RO         2851    i.HAL_RCCEx_GetPLL3ClockFreq  stm32h7xx_hal_rcc_ex.o
    0x08004bc8   0x08004bc8   0x000008b0   Code   RO         2853    i.HAL_RCCEx_GetPeriphCLKFreq  stm32h7xx_hal_rcc_ex.o
    0x08005478   0x08005478   0x00000d68   Code   RO         2857    i.HAL_RCCEx_PeriphCLKConfig  stm32h7xx_hal_rcc_ex.o
    0x080061e0   0x080061e0   0x00000320   Code   RO         2733    i.HAL_RCC_ClockConfig  stm32h7xx_hal_rcc.o
    0x08006500   0x08006500   0x0000006c   Code   RO         2737    i.HAL_RCC_GetClockConfig  stm32h7xx_hal_rcc.o
    0x0800656c   0x0800656c   0x0000004c   Code   RO         2738    i.HAL_RCC_GetHCLKFreq  stm32h7xx_hal_rcc.o
    0x080065b8   0x080065b8   0x00000024   Code   RO         2740    i.HAL_RCC_GetPCLK1Freq  stm32h7xx_hal_rcc.o
    0x080065dc   0x080065dc   0x00000024   Code   RO         2741    i.HAL_RCC_GetPCLK2Freq  stm32h7xx_hal_rcc.o
    0x08006600   0x08006600   0x0000022c   Code   RO         2742    i.HAL_RCC_GetSysClockFreq  stm32h7xx_hal_rcc.o
    0x0800682c   0x0800682c   0x00000858   Code   RO         2745    i.HAL_RCC_OscConfig  stm32h7xx_hal_rcc.o
    0x08007084   0x08007084   0x000000b8   Code   RO         6151    i.HAL_RTC_Init      stm32h7xx_hal_rtc.o
    0x0800713c   0x0800713c   0x00000048   Code   RO          646    i.HAL_RTC_MspInit   rtc.o
    0x08007184   0x08007184   0x000000cc   Code   RO         6157    i.HAL_RTC_SetDate   stm32h7xx_hal_rtc.o
    0x08007250   0x08007250   0x000000f8   Code   RO         6158    i.HAL_RTC_SetTime   stm32h7xx_hal_rtc.o
    0x08007348   0x08007348   0x00000038   Code   RO         6159    i.HAL_RTC_WaitForSynchro  stm32h7xx_hal_rtc.o
    0x08007380   0x08007380   0x00000002   Code   RO         6534    i.HAL_SPI_ErrorCallback  stm32h7xx_hal_spi.o
    0x08007382   0x08007382   0x00000002   PAD
    0x08007384   0x08007384   0x00000294   Code   RO         6537    i.HAL_SPI_IRQHandler  stm32h7xx_hal_spi.o
    0x08007618   0x08007618   0x000001b0   Code   RO         6538    i.HAL_SPI_Init      stm32h7xx_hal_spi.o
    0x080077c8   0x080077c8   0x000000e4   Code   RO          692    i.HAL_SPI_MspInit   spi.o
    0x080078ac   0x080078ac   0x00000002   Code   RO         6544    i.HAL_SPI_RxCpltCallback  stm32h7xx_hal_spi.o
    0x080078ae   0x080078ae   0x00000002   Code   RO         6546    i.HAL_SPI_SuspendCallback  stm32h7xx_hal_spi.o
    0x080078b0   0x080078b0   0x00000002   Code   RO         6553    i.HAL_SPI_TxCpltCallback  stm32h7xx_hal_spi.o
    0x080078b2   0x080078b2   0x00000002   Code   RO         6555    i.HAL_SPI_TxRxCpltCallback  stm32h7xx_hal_spi.o
    0x080078b4   0x080078b4   0x00000002   Code   RO         1925    i.HAL_TIMEx_Break2Callback  stm32h7xx_hal_tim_ex.o
    0x080078b6   0x080078b6   0x00000002   Code   RO         1926    i.HAL_TIMEx_BreakCallback  stm32h7xx_hal_tim_ex.o
    0x080078b8   0x080078b8   0x00000002   Code   RO         1927    i.HAL_TIMEx_CommutCallback  stm32h7xx_hal_tim_ex.o
    0x080078ba   0x080078ba   0x00000002   Code   RO         1928    i.HAL_TIMEx_CommutHalfCpltCallback  stm32h7xx_hal_tim_ex.o
    0x080078bc   0x080078bc   0x000000cc   Code   RO         1947    i.HAL_TIMEx_MasterConfigSynchronization  stm32h7xx_hal_tim_ex.o
    0x08007988   0x08007988   0x00000080   Code   RO         1182    i.HAL_TIM_Base_Init  stm32h7xx_hal_tim.o
    0x08007a08   0x08007a08   0x00000160   Code   RO          738    i.HAL_TIM_Base_MspInit  tim.o
    0x08007b68   0x08007b68   0x000000b4   Code   RO         1187    i.HAL_TIM_Base_Start_IT  stm32h7xx_hal_tim.o
    0x08007c1c   0x08007c1c   0x00000134   Code   RO         1191    i.HAL_TIM_ConfigClockSource  stm32h7xx_hal_tim.o
    0x08007d50   0x08007d50   0x00000002   Code   RO         1212    i.HAL_TIM_ErrorCallback  stm32h7xx_hal_tim.o
    0x08007d52   0x08007d52   0x00000002   Code   RO         1216    i.HAL_TIM_IC_CaptureCallback  stm32h7xx_hal_tim.o
    0x08007d54   0x08007d54   0x00000002   Code   RO         1217    i.HAL_TIM_IC_CaptureHalfCpltCallback  stm32h7xx_hal_tim.o
    0x08007d56   0x08007d56   0x000001ba   Code   RO         1230    i.HAL_TIM_IRQHandler  stm32h7xx_hal_tim.o
    0x08007f10   0x08007f10   0x00000002   Code   RO         1233    i.HAL_TIM_OC_DelayElapsedCallback  stm32h7xx_hal_tim.o
    0x08007f12   0x08007f12   0x00000002   Code   RO         1260    i.HAL_TIM_PWM_PulseFinishedCallback  stm32h7xx_hal_tim.o
    0x08007f14   0x08007f14   0x00000002   Code   RO         1261    i.HAL_TIM_PWM_PulseFinishedHalfCpltCallback  stm32h7xx_hal_tim.o
    0x08007f16   0x08007f16   0x00000002   PAD
    0x08007f18   0x08007f18   0x00000018   Code   RO           14    i.HAL_TIM_PeriodElapsedCallback  main.o
    0x08007f30   0x08007f30   0x00000002   Code   RO         1269    i.HAL_TIM_PeriodElapsedHalfCpltCallback  stm32h7xx_hal_tim.o
    0x08007f32   0x08007f32   0x00000002   Code   RO         1274    i.HAL_TIM_TriggerCallback  stm32h7xx_hal_tim.o
    0x08007f34   0x08007f34   0x00000002   Code   RO         1275    i.HAL_TIM_TriggerHalfCpltCallback  stm32h7xx_hal_tim.o
    0x08007f36   0x08007f36   0x0000004e   Code   RO         7316    i.HAL_UARTEx_DisableFifoMode  stm32h7xx_hal_uart_ex.o
    0x08007f84   0x08007f84   0x00000002   Code   RO         6870    i.HAL_UARTEx_RxEventCallback  stm32h7xx_hal_uart.o
    0x08007f86   0x08007f86   0x00000002   Code   RO         7324    i.HAL_UARTEx_RxFifoFullCallback  stm32h7xx_hal_uart_ex.o
    0x08007f88   0x08007f88   0x0000005e   Code   RO         7325    i.HAL_UARTEx_SetRxFifoThreshold  stm32h7xx_hal_uart_ex.o
    0x08007fe6   0x08007fe6   0x0000005e   Code   RO         7326    i.HAL_UARTEx_SetTxFifoThreshold  stm32h7xx_hal_uart_ex.o
    0x08008044   0x08008044   0x00000002   Code   RO         7328    i.HAL_UARTEx_TxFifoEmptyCallback  stm32h7xx_hal_uart_ex.o
    0x08008046   0x08008046   0x00000002   Code   RO         7329    i.HAL_UARTEx_WakeupCallback  stm32h7xx_hal_uart_ex.o
    0x08008048   0x08008048   0x00000002   Code   RO         6872    i.HAL_UART_AbortCpltCallback  stm32h7xx_hal_uart.o
    0x0800804a   0x0800804a   0x00000002   Code   RO         6874    i.HAL_UART_AbortReceiveCpltCallback  stm32h7xx_hal_uart.o
    0x0800804c   0x0800804c   0x00000002   Code   RO         6877    i.HAL_UART_AbortTransmitCpltCallback  stm32h7xx_hal_uart.o
    0x0800804e   0x0800804e   0x00000002   Code   RO         6886    i.HAL_UART_ErrorCallback  stm32h7xx_hal_uart.o
    0x08008050   0x08008050   0x000004c8   Code   RO         6889    i.HAL_UART_IRQHandler  stm32h7xx_hal_uart.o
    0x08008518   0x08008518   0x00000554   Code   RO          814    i.HAL_UART_MspInit  usart.o
    0x08008a6c   0x08008a6c   0x00000002   Code   RO         6899    i.HAL_UART_RxCpltCallback  stm32h7xx_hal_uart.o
    0x08008a6e   0x08008a6e   0x00000002   Code   RO         6900    i.HAL_UART_RxHalfCpltCallback  stm32h7xx_hal_uart.o
    0x08008a70   0x08008a70   0x00000002   Code   RO         6904    i.HAL_UART_TxCpltCallback  stm32h7xx_hal_uart.o
    0x08008a72   0x08008a72   0x00000002   Code   RO         6905    i.HAL_UART_TxHalfCpltCallback  stm32h7xx_hal_uart.o
    0x08008a74   0x08008a74   0x00000004   Code   RO          900    i.HardFault_Handler  stm32h7xx_it.o
    0x08008a78   0x08008a78   0x00000010   Code   RO          901    i.I2C1_EV_IRQHandler  stm32h7xx_it.o
    0x08008a88   0x08008a88   0x0000000a   Code   RO         2246    i.LL_ADC_GetMultiDMATransfer  stm32h7xx_hal_adc.o
    0x08008a92   0x08008a92   0x0000000a   Code   RO         2247    i.LL_ADC_GetMultimode  stm32h7xx_hal_adc.o
    0x08008a9c   0x08008a9c   0x0000000a   Code   RO         2248    i.LL_ADC_INJ_IsConversionOngoing  stm32h7xx_hal_adc.o
    0x08008aa6   0x08008aa6   0x0000000a   Code   RO         2250    i.LL_ADC_IsEnabled  stm32h7xx_hal_adc.o
    0x08008ab0   0x08008ab0   0x0000000a   Code   RO         2251    i.LL_ADC_IsInternalRegulatorEnabled  stm32h7xx_hal_adc.o
    0x08008aba   0x08008aba   0x0000000a   Code   RO         2252    i.LL_ADC_REG_IsConversionOngoing  stm32h7xx_hal_adc.o
    0x08008ac4   0x08008ac4   0x00000012   Code   RO         2253    i.LL_ADC_REG_IsTriggerSourceSWStart  stm32h7xx_hal_adc.o
    0x08008ad6   0x08008ad6   0x0000000c   Code   RO         2256    i.LL_ADC_SetCommonPathInternalCh  stm32h7xx_hal_adc.o
    0x08008ae2   0x08008ae2   0x00000002   PAD
    0x08008ae4   0x08008ae4   0x00000080   Code   RO           15    i.MPU_Config        main.o
    0x08008b64   0x08008b64   0x00000170   Code   RO          388    i.MX_ADC3_Init      adc.o
    0x08008cd4   0x08008cd4   0x000000d0   Code   RO          432    i.MX_DMA_Init       dma.o
    0x08008da4   0x08008da4   0x00000080   Code   RO          462    i.MX_FDCAN1_Init    fdcan.o
    0x08008e24   0x08008e24   0x00000080   Code   RO          463    i.MX_FDCAN2_Init    fdcan.o
    0x08008ea4   0x08008ea4   0x00000020   Code   RO          339    i.MX_FREERTOS_Init  freertos.o
    0x08008ec4   0x08008ec4   0x0000002c   Code   RO          565    i.MX_IWDG1_Init     iwdg.o
    0x08008ef0   0x08008ef0   0x0000003c   Code   RO          601    i.MX_QUADSPI_Init   quadspi.o
    0x08008f2c   0x08008f2c   0x0000008c   Code   RO          647    i.MX_RTC_Init       rtc.o
    0x08008fb8   0x08008fb8   0x00000068   Code   RO          693    i.MX_SPI1_Init      spi.o
    0x08009020   0x08009020   0x00000070   Code   RO          739    i.MX_TIM1_Init      tim.o
    0x08009090   0x08009090   0x0000006c   Code   RO          740    i.MX_TIM2_Init      tim.o
    0x080090fc   0x080090fc   0x00000070   Code   RO          741    i.MX_TIM4_Init      tim.o
    0x0800916c   0x0800916c   0x00000070   Code   RO          742    i.MX_TIM5_Init      tim.o
    0x080091dc   0x080091dc   0x00000050   Code   RO          743    i.MX_TIM6_Init      tim.o
    0x0800922c   0x0800922c   0x00000074   Code   RO          744    i.MX_TIM8_Init      tim.o
    0x080092a0   0x080092a0   0x0000006c   Code   RO          819    i.MX_USART1_UART_Init  usart.o
    0x0800930c   0x0800930c   0x00000004   Code   RO          902    i.MemManage_Handler  stm32h7xx_it.o
    0x08009310   0x08009310   0x00000004   Code   RO          903    i.NMI_Handler       stm32h7xx_it.o
    0x08009314   0x08009314   0x00000028   Code   RO           16    i.PeriphCommonClock_Config  main.o
    0x0800933c   0x0800933c   0x0000004c   Code   RO         5904    i.QSPI_WaitFlagStateUntilTimeout  stm32h7xx_hal_qspi.o
    0x08009388   0x08009388   0x00000164   Code   RO         2860    i.RCCEx_PLL2_Config  stm32h7xx_hal_rcc_ex.o
    0x080094ec   0x080094ec   0x00000164   Code   RO         2861    i.RCCEx_PLL3_Config  stm32h7xx_hal_rcc_ex.o
    0x08009650   0x08009650   0x0000001c   Code   RO         6161    i.RTC_ByteToBcd2    stm32h7xx_hal_rtc.o
    0x0800966c   0x0800966c   0x00000044   Code   RO         6162    i.RTC_EnterInitMode  stm32h7xx_hal_rtc.o
    0x080096b0   0x080096b0   0x00000060   Code   RO         6163    i.RTC_ExitInitMode  stm32h7xx_hal_rtc.o
    0x08009710   0x08009710   0x00000010   Code   RO          904    i.SPI1_IRQHandler   stm32h7xx_it.o
    0x08009720   0x08009720   0x000000d6   Code   RO         6558    i.SPI_CloseTransfer  stm32h7xx_hal_spi.o
    0x080097f6   0x080097f6   0x0000001c   Code   RO         6559    i.SPI_DMAAbortOnError  stm32h7xx_hal_spi.o
    0x08009812   0x08009812   0x0000001a   Code   RO         6569    i.SPI_GetPacketSize  stm32h7xx_hal_spi.o
    0x0800982c   0x0800982c   0x0000000a   Code   RO          340    i.StartDefaultTask  freertos.o
    0x08009836   0x08009836   0x00000016   Code   RO         9025    i.SysTick_Handler   cmsis_os2.o
    0x0800984c   0x0800984c   0x000000e0   Code   RO           17    i.SystemClock_Config  main.o
    0x0800992c   0x0800992c   0x000000fc   Code   RO         7441    i.SystemInit        system_stm32h7xx.o
    0x08009a28   0x08009a28   0x00000010   Code   RO          905    i.TIM1_UP_IRQHandler  stm32h7xx_it.o
    0x08009a38   0x08009a38   0x00000010   Code   RO          906    i.TIM2_IRQHandler   stm32h7xx_it.o
    0x08009a48   0x08009a48   0x00000010   Code   RO          907    i.TIM3_IRQHandler   stm32h7xx_it.o
    0x08009a58   0x08009a58   0x00000010   Code   RO          908    i.TIM4_IRQHandler   stm32h7xx_it.o
    0x08009a68   0x08009a68   0x00000010   Code   RO          909    i.TIM5_IRQHandler   stm32h7xx_it.o
    0x08009a78   0x08009a78   0x00000010   Code   RO          910    i.TIM6_DAC_IRQHandler  stm32h7xx_it.o
    0x08009a88   0x08009a88   0x000000d4   Code   RO         1277    i.TIM_Base_SetConfig  stm32h7xx_hal_tim.o
    0x08009b5c   0x08009b5c   0x00000016   Code   RO         1288    i.TIM_ETR_SetConfig  stm32h7xx_hal_tim.o
    0x08009b72   0x08009b72   0x00000002   PAD
    0x08009b74   0x08009b74   0x00000018   Code   RO         1289    i.TIM_ITRx_SetConfig  stm32h7xx_hal_tim.o
    0x08009b8c   0x08009b8c   0x00000078   Code   RO         1296    i.TIM_ResetCallback  stm32h7xx_hal_tim.o
    0x08009c04   0x08009c04   0x00000026   Code   RO         1298    i.TIM_TI1_ConfigInputStage  stm32h7xx_hal_tim.o
    0x08009c2a   0x08009c2a   0x00000028   Code   RO         1300    i.TIM_TI2_ConfigInputStage  stm32h7xx_hal_tim.o
    0x08009c52   0x08009c52   0x00000002   PAD
    0x08009c54   0x08009c54   0x00000010   Code   RO          911    i.UART4_IRQHandler  stm32h7xx_it.o
    0x08009c64   0x08009c64   0x00000010   Code   RO          912    i.UART5_IRQHandler  stm32h7xx_it.o
    0x08009c74   0x08009c74   0x00000010   Code   RO          913    i.UART7_IRQHandler  stm32h7xx_it.o
    0x08009c84   0x08009c84   0x00000010   Code   RO          914    i.UART8_IRQHandler  stm32h7xx_it.o
    0x08009c94   0x08009c94   0x00000058   Code   RO         7330    i.UARTEx_SetNbDataToProcess  stm32h7xx_hal_uart_ex.o
    0x08009cec   0x08009cec   0x000000f8   Code   RO         6908    i.UART_AdvFeatureConfig  stm32h7xx_hal_uart.o
    0x08009de4   0x08009de4   0x000000ea   Code   RO         6909    i.UART_CheckIdleState  stm32h7xx_hal_uart.o
    0x08009ece   0x08009ece   0x00000016   Code   RO         6910    i.UART_DMAAbortOnError  stm32h7xx_hal_uart.o
    0x08009ee4   0x08009ee4   0x0000006c   Code   RO         6920    i.UART_EndRxTransfer  stm32h7xx_hal_uart.o
    0x08009f50   0x08009f50   0x00000032   Code   RO         6921    i.UART_EndTransmit_IT  stm32h7xx_hal_uart.o
    0x08009f82   0x08009f82   0x00000002   PAD
    0x08009f84   0x08009f84   0x00000068   Code   RO         6923    i.UART_InitCallbacksToDefault  stm32h7xx_hal_uart.o
    0x08009fec   0x08009fec   0x0000058c   Code   RO         6928    i.UART_SetConfig    stm32h7xx_hal_uart.o
    0x0800a578   0x0800a578   0x000000ac   Code   RO         6935    i.UART_WaitOnFlagUntilTimeout  stm32h7xx_hal_uart.o
    0x0800a624   0x0800a624   0x00000010   Code   RO          915    i.USART1_IRQHandler  stm32h7xx_it.o
    0x0800a634   0x0800a634   0x00000004   Code   RO          916    i.UsageFault_Handler  stm32h7xx_it.o
    0x0800a638   0x0800a638   0x00000010   Code   RO         4172    i.__NVIC_GetPriorityGrouping  stm32h7xx_hal_cortex.o
    0x0800a648   0x0800a648   0x00000028   Code   RO         4173    i.__NVIC_SetPriority  stm32h7xx_hal_cortex.o
    0x0800a670   0x0800a670   0x00000006   Code   RO         9027    i.__get_IPSR        cmsis_os2.o
    0x0800a676   0x0800a676   0x00000002   PAD
    0x0800a678   0x0800a678   0x00000188   Code   RO           18    i.main              main.o
    0x0800a800   0x0800a800   0x0000001e   Code   RO         9028    i.osDelay           cmsis_os2.o
    0x0800a81e   0x0800a81e   0x00000002   PAD
    0x0800a820   0x0800a820   0x0000002c   Code   RO         9042    i.osKernelInitialize  cmsis_os2.o
    0x0800a84c   0x0800a84c   0x00000060   Code   RO         9045    i.osKernelStart     cmsis_os2.o
    0x0800a8ac   0x0800a8ac   0x000000b8   Code   RO         9087    i.osThreadNew       cmsis_os2.o
    0x0800a964   0x0800a964   0x0000007c   Code   RO         8462    i.prvAddCurrentTaskToDelayedList  tasks.o
    0x0800a9e0   0x0800a9e0   0x000000b8   Code   RO         8463    i.prvAddNewTaskToReadyList  tasks.o
    0x0800aa98   0x0800aa98   0x00000074   Code   RO         8838    i.prvCheckForValidListAndQueue  timers.o
    0x0800ab0c   0x0800ab0c   0x00000048   Code   RO         8464    i.prvCheckTasksWaitingTermination  tasks.o
    0x0800ab54   0x0800ab54   0x0000002a   Code   RO         8052    i.prvCopyDataFromQueue  queue.o
    0x0800ab7e   0x0800ab7e   0x0000007e   Code   RO         8053    i.prvCopyDataToQueue  queue.o
    0x0800abfc   0x0800abfc   0x00000050   Code   RO         8465    i.prvDeleteTCB      tasks.o
    0x0800ac4c   0x0800ac4c   0x00000028   Code   RO         8839    i.prvGetNextExpireTime  timers.o
    0x0800ac74   0x0800ac74   0x0000007c   Code   RO         9555    i.prvHeapInit       heap_4.o
    0x0800acf0   0x0800acf0   0x00000028   Code   RO         8466    i.prvIdleTask       tasks.o
    0x0800ad18   0x0800ad18   0x0000002a   Code   RO         8056    i.prvInitialiseNewQueue  queue.o
    0x0800ad42   0x0800ad42   0x000000be   Code   RO         8467    i.prvInitialiseNewTask  tasks.o
    0x0800ae00   0x0800ae00   0x00000068   Code   RO         8468    i.prvInitialiseTaskLists  tasks.o
    0x0800ae68   0x0800ae68   0x00000068   Code   RO         9556    i.prvInsertBlockIntoFreeList  heap_4.o
    0x0800aed0   0x0800aed0   0x00000058   Code   RO         8841    i.prvInsertTimerInActiveList  timers.o
    0x0800af28   0x0800af28   0x0000001a   Code   RO         8057    i.prvIsQueueEmpty   queue.o
    0x0800af42   0x0800af42   0x0000001e   Code   RO         8058    i.prvIsQueueFull    queue.o
    0x0800af60   0x0800af60   0x00000074   Code   RO         8842    i.prvProcessExpiredTimer  timers.o
    0x0800afd4   0x0800afd4   0x00000164   Code   RO         8843    i.prvProcessReceivedCommands  timers.o
    0x0800b138   0x0800b138   0x00000074   Code   RO         8844    i.prvProcessTimerOrBlockTask  timers.o
    0x0800b1ac   0x0800b1ac   0x00000034   Code   RO         8470    i.prvResetNextTaskUnblockTime  tasks.o
    0x0800b1e0   0x0800b1e0   0x0000002c   Code   RO         8845    i.prvSampleTimeNow  timers.o
    0x0800b20c   0x0800b20c   0x000000a4   Code   RO         8846    i.prvSwitchTimerLists  timers.o
    0x0800b2b0   0x0800b2b0   0x00000040   Code   RO         9611    i.prvTaskExitError  port.o
    0x0800b2f0   0x0800b2f0   0x0000001a   Code   RO         8847    i.prvTimerTask      timers.o
    0x0800b30a   0x0800b30a   0x0000007e   Code   RO         8059    i.prvUnlockQueue    queue.o
    0x0800b388   0x0800b388   0x0000014c   Code   RO         9557    i.pvPortMalloc      heap_4.o
    0x0800b4d4   0x0800b4d4   0x0000002c   Code   RO         9612    i.pxPortInitialiseStack  port.o
    0x0800b500   0x0800b500   0x00000028   Code   RO         8012    i.uxListRemove      list.o
    0x0800b528   0x0800b528   0x00000018   Code   RO         9099    i.vApplicationGetIdleTaskMemory  cmsis_os2.o
    0x0800b540   0x0800b540   0x00000018   Code   RO         9100    i.vApplicationGetTimerTaskMemory  cmsis_os2.o
    0x0800b558   0x0800b558   0x0000001a   Code   RO         8013    i.vListInitialise   list.o
    0x0800b572   0x0800b572   0x00000006   Code   RO         8014    i.vListInitialiseItem  list.o
    0x0800b578   0x0800b578   0x00000034   Code   RO         8015    i.vListInsert       list.o
    0x0800b5ac   0x0800b5ac   0x00000018   Code   RO         8016    i.vListInsertEnd    list.o
    0x0800b5c4   0x0800b5c4   0x00000054   Code   RO         9614    i.vPortEnterCritical  port.o
    0x0800b618   0x0800b618   0x0000003c   Code   RO         9615    i.vPortExitCritical  port.o
    0x0800b654   0x0800b654   0x000000a4   Code   RO         9558    i.vPortFree         heap_4.o
    0x0800b6f8   0x0800b6f8   0x00000028   Code   RO         9616    i.vPortSetupTimerInterrupt  port.o
    0x0800b720   0x0800b720   0x00000078   Code   RO         9617    i.vPortValidateInterruptPriority  port.o
    0x0800b798   0x0800b798   0x0000002c   Code   RO         8065    i.vQueueAddToRegistry  queue.o
    0x0800b7c4   0x0800b7c4   0x0000004a   Code   RO         8069    i.vQueueWaitForMessageRestricted  queue.o
    0x0800b80e   0x0800b80e   0x00000002   PAD
    0x0800b810   0x0800b810   0x0000005c   Code   RO         8483    i.vTaskDelay        tasks.o
    0x0800b86c   0x0800b86c   0x00000018   Code   RO         8488    i.vTaskInternalSetTimeOutState  tasks.o
    0x0800b884   0x0800b884   0x0000000c   Code   RO         8489    i.vTaskMissedYield  tasks.o
    0x0800b890   0x0800b890   0x00000038   Code   RO         8491    i.vTaskPlaceOnEventList  tasks.o
    0x0800b8c8   0x0800b8c8   0x00000040   Code   RO         8492    i.vTaskPlaceOnEventListRestricted  tasks.o
    0x0800b908   0x0800b908   0x000000b8   Code   RO         8500    i.vTaskStartScheduler  tasks.o
    0x0800b9c0   0x0800b9c0   0x00000010   Code   RO         8502    i.vTaskSuspendAll   tasks.o
    0x0800b9d0   0x0800b9d0   0x00000090   Code   RO         8503    i.vTaskSwitchContext  tasks.o
    0x0800ba60   0x0800ba60   0x00000168   Code   RO         9618    i.xPortStartScheduler  port.o
    0x0800bbc8   0x0800bbc8   0x00000034   Code   RO         9619    i.xPortSysTickHandler  port.o
    0x0800bbfc   0x0800bbfc   0x000000e0   Code   RO         8075    i.xQueueGenericCreateStatic  queue.o
    0x0800bcdc   0x0800bcdc   0x00000098   Code   RO         8076    i.xQueueGenericReset  queue.o
    0x0800bd74   0x0800bd74   0x000001a8   Code   RO         8077    i.xQueueGenericSend  queue.o
    0x0800bf1c   0x0800bf1c   0x000000fc   Code   RO         8078    i.xQueueGenericSendFromISR  queue.o
    0x0800c018   0x0800c018   0x00000168   Code   RO         8087    i.xQueueReceive     queue.o
    0x0800c180   0x0800c180   0x0000008c   Code   RO         8505    i.xTaskCheckForTimeOut  tasks.o
    0x0800c20c   0x0800c20c   0x00000064   Code   RO         8506    i.xTaskCreate       tasks.o
    0x0800c270   0x0800c270   0x000000ba   Code   RO         8507    i.xTaskCreateStatic  tasks.o
    0x0800c32a   0x0800c32a   0x00000002   PAD
    0x0800c32c   0x0800c32c   0x00000020   Code   RO         8511    i.xTaskGetSchedulerState  tasks.o
    0x0800c34c   0x0800c34c   0x0000000c   Code   RO         8512    i.xTaskGetTickCount  tasks.o
    0x0800c358   0x0800c358   0x00000144   Code   RO         8514    i.xTaskIncrementTick  tasks.o
    0x0800c49c   0x0800c49c   0x000000a4   Code   RO         8517    i.xTaskPriorityDisinherit  tasks.o
    0x0800c540   0x0800c540   0x00000098   Code   RO         8519    i.xTaskRemoveFromEventList  tasks.o
    0x0800c5d8   0x0800c5d8   0x00000104   Code   RO         8520    i.xTaskResumeAll    tasks.o
    0x0800c6dc   0x0800c6dc   0x00000078   Code   RO         8856    i.xTimerCreateTimerTask  timers.o
    0x0800c754   0x0800c754   0x00000084   Code   RO         8857    i.xTimerGenericCommand  timers.o
    0x0800c7d8   0x0800c7d8   0x0000000a   Code   RO         9889    x$fpl$fpinit        fz_wv.l(fpinit.o)
    0x0800c7e2   0x0800c7e2   0x00000002   PAD
    0x0800c7e4   0x0800c7e4   0x00000024   Data   RO          341    .constdata          freertos.o
    0x0800c808   0x0800c808   0x00000008   Data   RO         3461    .constdata          stm32h7xx_hal_dma.o
    0x0800c810   0x0800c810   0x0000005c   Data   RO         5319    .constdata          stm32h7xx_hal_fdcan.o
    0x0800c86c   0x0800c86c   0x00000018   Data   RO         6936    .constdata          stm32h7xx_hal_uart.o
    0x0800c884   0x0800c884   0x00000010   Data   RO         7332    .constdata          stm32h7xx_hal_uart_ex.o
    0x0800c894   0x0800c894   0x00000010   Data   RO         7442    .constdata          system_stm32h7xx.o
    0x0800c8a4   0x0800c8a4   0x0000000c   Data   RO          342    .conststring        freertos.o
    0x0800c8b0   0x0800c8b0   0x00000020   Data   RO         9980    Region$$Table       anon$$obj.o


    Execution Region RW_IRAM1 (Exec base: 0x20000000, Load base: 0x0800c8d0, Size: 0x00000000, Max: 0x00020000, ABSOLUTE)

    **** No section assigned to this execution region ****


    Execution Region RW_IRAM2 (Exec base: 0x24000000, Load base: 0x0800c8d0, Size: 0x0000da80, Max: 0x00080000, ABSOLUTE)

    Exec Addr    Load Addr    Size         Type   Attr      Idx    E Section Name        Object

    0x24000000   0x0800c8d0   0x00000004   Data   RW          343    .data               freertos.o
    0x24000004   0x0800c8d4   0x00000004   Data   RW          465    .data               fdcan.o
    0x24000008   0x0800c8d8   0x00000009   Data   RW         4357    .data               stm32h7xx_hal.o
    0x24000011   0x0800c8e1   0x00000003   PAD
    0x24000014   0x0800c8e4   0x00000008   Data   RW         7443    .data               system_stm32h7xx.o
    0x2400001c   0x0800c8ec   0x0000003c   Data   RW         8523    .data               tasks.o
    0x24000058   0x0800c928   0x00000014   Data   RW         8865    .data               timers.o
    0x2400006c   0x0800c93c   0x00000004   Data   RW         9102    .data               cmsis_os2.o
    0x24000070   0x0800c940   0x00000020   Data   RW         9564    .data               heap_4.o
    0x24000090   0x0800c960   0x0000000c   Data   RW         9620    .data               port.o
    0x2400009c        -       0x000000dc   Zero   RW          389    .bss                adc.o
    0x24000178        -       0x00000140   Zero   RW          464    .bss                fdcan.o
    0x240002b8        -       0x000000a8   Zero   RW          517    .bss                i2c.o
    0x24000360        -       0x00000010   Zero   RW          566    .bss                iwdg.o
    0x24000370        -       0x0000004c   Zero   RW          602    .bss                quadspi.o
    0x240003bc        -       0x00000024   Zero   RW          648    .bss                rtc.o
    0x240003e0        -       0x00000088   Zero   RW          694    .bss                spi.o
    0x24000468        -       0x00000468   Zero   RW          745    .bss                tim.o
    0x240008d0        -       0x000007bc   Zero   RW          820    .bss                usart.o
    0x2400108c        -       0x000000bc   Zero   RW         1144    .bss                stm32h7xx_hal_timebase_tim.o
    0x24001148        -       0x00000040   Zero   RW         8091    .bss                queue.o
    0x24001188        -       0x000004c4   Zero   RW         8522    .bss                tasks.o
    0x2400164c        -       0x00000118   Zero   RW         8864    .bss                timers.o
    0x24001764        -       0x000006b8   Zero   RW         9101    .bss                cmsis_os2.o
    0x24001e1c        -       0x00003c00   Zero   RW         9563    .bss                heap_4.o
    0x24005a1c        -       0x00000060   Zero   RW         9853    .bss                c_w.l(libspace.o)
    0x24005a7c   0x0800c96c   0x00000004   PAD
    0x24005a80        -       0x00004000   Zero   RW            2    HEAP                startup_stm32h743xx.o
    0x24009a80        -       0x00004000   Zero   RW            1    STACK               startup_stm32h743xx.o


==============================================================================

Image component sizes


      Code (inc. data)   RO Data    RW Data    ZI Data      Debug   Object Name

       656         72          0          0        220       2339   adc.o
       430         38          0          4       1720      71255   cmsis_os2.o
       208          6          0          0          0       1022   dma.o
         0          0          0          0          0      19500   event_groups.o
       648         42          0          4        320       2860   fdcan.o
        42         14         48          4          0       1893   freertos.o
       724         74          0         32      15360       5091   heap_4.o
         0          0          0          0        168        246   i2c.o
        44          8          0          0         16        733   iwdg.o
       148          0          0          0          0       3802   list.o
       814         30          0          0          0    1475414   main.o
         0          0          0          0          0        392   modbus.o
      1014         92          0         12          0      12037   port.o
       392         34          0          0         76       2129   quadspi.o
      1922         20          0          0         64      17804   queue.o
       212         20          0          0         36       1899   rtc.o
       332         26          0          0        136       2005   spi.o
        72         30        664          0      32768        868   startup_stm32h743xx.o
       144         34          0          9          0      22269   stm32h7xx_hal.o
      3420        246          0          0          0      74839   stm32h7xx_hal_adc.o
        10          0          0          0          0       3865   stm32h7xx_hal_adc_ex.o
       458         40          0          0          0      41712   stm32h7xx_hal_cortex.o
      7042        142          8          0          0      11187   stm32h7xx_hal_dma.o
      2294         32         92          0          0      17848   stm32h7xx_hal_fdcan.o
       538         56          0          0          0       2876   stm32h7xx_hal_gpio.o
        28          0          0          0          0       2880   stm32h7xx_hal_i2c.o
       116          0          0          0          0       1468   stm32h7xx_hal_iwdg.o
        48          6          0          0          0        974   stm32h7xx_hal_msp.o
        96          6          0          0          0        793   stm32h7xx_hal_pwr_ex.o
       256          8          0          0          0       3370   stm32h7xx_hal_qspi.o
      3748        124          0          0          0       7845   stm32h7xx_hal_rcc.o
      8084        186          0          0          0      11119   stm32h7xx_hal_rcc_ex.o
       884         28          0          0          0       6088   stm32h7xx_hal_rtc.o
      1370         18          0          0          0       7823   stm32h7xx_hal_spi.o
      1532        148          0          0          0      13958   stm32h7xx_hal_tim.o
       212         30          0          0          0       3963   stm32h7xx_hal_tim_ex.o
       160         20          0          0        188       1715   stm32h7xx_hal_timebase_tim.o
      3748        202         24          0          0      36376   stm32h7xx_hal_uart.o
       360         10         16          0          0       5706   stm32h7xx_hal_uart_ex.o
       464        162          0          0          0      17436   stm32h7xx_it.o
       288         46         16          8          0       1961   system_stm32h7xx.o
      2808        346          0         60       1220      28050   tasks.o
       992         76          0          0       1128       5439   tim.o
      1318        124          0         20        280      33319   timers.o
      1472        100          0          0       1980       3446   usart.o

    ----------------------------------------------------------------------
     49576       2696        900        156      55680    1989614   Object Totals
         0          0         32          0          0          0   (incl. Generated)
        28          0          0          3          0          0   (incl. Padding)

    ----------------------------------------------------------------------

      Code (inc. data)   RO Data    RW Data    ZI Data      Debug   Library Member Name

         8          0          0          0          0         68   __main.o
         0          0          0          0          0          0   __rtentry.o
        12          0          0          0          0          0   __rtentry2.o
         6          0          0          0          0          0   __rtentry4.o
        52          8          0          0          0          0   __scatter.o
        26          0          0          0          0          0   __scatter_copy.o
        28          0          0          0          0          0   __scatter_zi.o
        16          0          0          0          0         68   aeabi_memset.o
        18          0          0          0          0         80   exit.o
         6          0          0          0          0        152   heapauxi.o
         0          0          0          0          0          0   indicate_semi.o
         2          0          0          0          0          0   libinit.o
         6          0          0          0          0          0   libinit2.o
         2          0          0          0          0          0   libshutdown.o
         2          0          0          0          0          0   libshutdown2.o
         8          4          0          0         96         68   libspace.o
       238          0          0          0          0        100   lludivv7m.o
        68          0          0          0          0         68   rt_memclr.o
        78          0          0          0          0         80   rt_memclr_w.o
       138          0          0          0          0         68   rt_memcpy_v6.o
       100          0          0          0          0         80   rt_memcpy_w.o
         2          0          0          0          0          0   rtexit.o
        10          0          0          0          0          0   rtexit2.o
        12          4          0          0          0         68   sys_exit.o
        74          0          0          0          0         80   sys_stackheap_outer.o
         2          0          0          0          0         68   use_no_semi.o
        10          0          0          0          0        116   fpinit.o

    ----------------------------------------------------------------------
       932         16          0          0        100       1164   Library Totals
         8          0          0          0          4          0   (incl. Padding)

    ----------------------------------------------------------------------

      Code (inc. data)   RO Data    RW Data    ZI Data      Debug   Library Name

       914         16          0          0         96       1048   c_w.l
        10          0          0          0          0        116   fz_wv.l

    ----------------------------------------------------------------------
       932         16          0          0        100       1164   Library Totals

    ----------------------------------------------------------------------

==============================================================================


      Code (inc. data)   RO Data    RW Data    ZI Data      Debug   

     50508       2712        900        156      55780    1961610   Grand Totals
     50508       2712        900        156      55780    1961610   ELF Image Totals
     50508       2712        900        156          0          0   ROM Totals

==============================================================================

    Total RO  Size (Code + RO Data)                51408 (  50.20kB)
    Total RW  Size (RW Data + ZI Data)             55936 (  54.63kB)
    Total ROM Size (Code + RO Data + RW Data)      51564 (  50.36kB)

==============================================================================

