Component: ARM Compiler 5.06 update 7 (build 960) Tool: armlink [4d3601]

==============================================================================

Section Cross References

    startup_stm32h743xx.o(RESET) refers to startup_stm32h743xx.o(STACK) for __initial_sp
    startup_stm32h743xx.o(RESET) refers to startup_stm32h743xx.o(.text) for Reset_Handler
    startup_stm32h743xx.o(RESET) refers to stm32h7xx_it.o(i.NMI_Handler) for NMI_Handler
    startup_stm32h743xx.o(RESET) refers to stm32h7xx_it.o(i.HardFault_Handler) for HardFault_Handler
    startup_stm32h743xx.o(RESET) refers to stm32h7xx_it.o(i.MemManage_Handler) for MemManage_Handler
    startup_stm32h743xx.o(RESET) refers to stm32h7xx_it.o(i.BusFault_Handler) for BusFault_Handler
    startup_stm32h743xx.o(RESET) refers to stm32h7xx_it.o(i.UsageFault_Handler) for UsageFault_Handler
    startup_stm32h743xx.o(RESET) refers to port.o(.emb_text) for SVC_Handler
    startup_stm32h743xx.o(RESET) refers to stm32h7xx_it.o(i.DebugMon_Handler) for DebugMon_Handler
    startup_stm32h743xx.o(RESET) refers to cmsis_os2.o(i.SysTick_Handler) for SysTick_Handler
    startup_stm32h743xx.o(RESET) refers to stm32h7xx_it.o(i.DMA1_Stream0_IRQHandler) for DMA1_Stream0_IRQHandler
    startup_stm32h743xx.o(RESET) refers to stm32h7xx_it.o(i.DMA1_Stream1_IRQHandler) for DMA1_Stream1_IRQHandler
    startup_stm32h743xx.o(RESET) refers to stm32h7xx_it.o(i.DMA1_Stream2_IRQHandler) for DMA1_Stream2_IRQHandler
    startup_stm32h743xx.o(RESET) refers to stm32h7xx_it.o(i.DMA1_Stream3_IRQHandler) for DMA1_Stream3_IRQHandler
    startup_stm32h743xx.o(RESET) refers to stm32h7xx_it.o(i.DMA1_Stream4_IRQHandler) for DMA1_Stream4_IRQHandler
    startup_stm32h743xx.o(RESET) refers to stm32h7xx_it.o(i.DMA1_Stream5_IRQHandler) for DMA1_Stream5_IRQHandler
    startup_stm32h743xx.o(RESET) refers to stm32h7xx_it.o(i.DMA1_Stream6_IRQHandler) for DMA1_Stream6_IRQHandler
    startup_stm32h743xx.o(RESET) refers to stm32h7xx_it.o(i.FDCAN1_IT0_IRQHandler) for FDCAN1_IT0_IRQHandler
    startup_stm32h743xx.o(RESET) refers to stm32h7xx_it.o(i.FDCAN2_IT0_IRQHandler) for FDCAN2_IT0_IRQHandler
    startup_stm32h743xx.o(RESET) refers to stm32h7xx_it.o(i.FDCAN1_IT1_IRQHandler) for FDCAN1_IT1_IRQHandler
    startup_stm32h743xx.o(RESET) refers to stm32h7xx_it.o(i.FDCAN2_IT1_IRQHandler) for FDCAN2_IT1_IRQHandler
    startup_stm32h743xx.o(RESET) refers to stm32h7xx_it.o(i.EXTI9_5_IRQHandler) for EXTI9_5_IRQHandler
    startup_stm32h743xx.o(RESET) refers to stm32h7xx_it.o(i.TIM1_UP_IRQHandler) for TIM1_UP_IRQHandler
    startup_stm32h743xx.o(RESET) refers to stm32h7xx_it.o(i.TIM2_IRQHandler) for TIM2_IRQHandler
    startup_stm32h743xx.o(RESET) refers to stm32h7xx_it.o(i.TIM3_IRQHandler) for TIM3_IRQHandler
    startup_stm32h743xx.o(RESET) refers to stm32h7xx_it.o(i.TIM4_IRQHandler) for TIM4_IRQHandler
    startup_stm32h743xx.o(RESET) refers to stm32h7xx_it.o(i.I2C1_EV_IRQHandler) for I2C1_EV_IRQHandler
    startup_stm32h743xx.o(RESET) refers to stm32h7xx_it.o(i.I2C1_ER_IRQHandler) for I2C1_ER_IRQHandler
    startup_stm32h743xx.o(RESET) refers to stm32h7xx_it.o(i.SPI1_IRQHandler) for SPI1_IRQHandler
    startup_stm32h743xx.o(RESET) refers to stm32h7xx_it.o(i.USART1_IRQHandler) for USART1_IRQHandler
    startup_stm32h743xx.o(RESET) refers to stm32h7xx_it.o(i.DMA1_Stream7_IRQHandler) for DMA1_Stream7_IRQHandler
    startup_stm32h743xx.o(RESET) refers to stm32h7xx_it.o(i.TIM5_IRQHandler) for TIM5_IRQHandler
    startup_stm32h743xx.o(RESET) refers to stm32h7xx_it.o(i.UART4_IRQHandler) for UART4_IRQHandler
    startup_stm32h743xx.o(RESET) refers to stm32h7xx_it.o(i.UART5_IRQHandler) for UART5_IRQHandler
    startup_stm32h743xx.o(RESET) refers to stm32h7xx_it.o(i.TIM6_DAC_IRQHandler) for TIM6_DAC_IRQHandler
    startup_stm32h743xx.o(RESET) refers to stm32h7xx_it.o(i.DMA2_Stream0_IRQHandler) for DMA2_Stream0_IRQHandler
    startup_stm32h743xx.o(RESET) refers to stm32h7xx_it.o(i.DMA2_Stream1_IRQHandler) for DMA2_Stream1_IRQHandler
    startup_stm32h743xx.o(RESET) refers to stm32h7xx_it.o(i.DMA2_Stream2_IRQHandler) for DMA2_Stream2_IRQHandler
    startup_stm32h743xx.o(RESET) refers to stm32h7xx_it.o(i.UART7_IRQHandler) for UART7_IRQHandler
    startup_stm32h743xx.o(RESET) refers to stm32h7xx_it.o(i.UART8_IRQHandler) for UART8_IRQHandler
    startup_stm32h743xx.o(RESET) refers to stm32h7xx_it.o(i.ADC3_IRQHandler) for ADC3_IRQHandler
    startup_stm32h743xx.o(.text) refers to system_stm32h7xx.o(i.ExitRun0Mode) for ExitRun0Mode
    startup_stm32h743xx.o(.text) refers to system_stm32h7xx.o(i.SystemInit) for SystemInit
    startup_stm32h743xx.o(.text) refers to entry.o(.ARM.Collect$$$$00000000) for __main
    main.o(i.HAL_TIM_PeriodElapsedCallback) refers to stm32h7xx_hal.o(i.HAL_IncTick) for HAL_IncTick
    main.o(i.MPU_Config) refers to stm32h7xx_hal_cortex.o(i.HAL_MPU_Disable) for HAL_MPU_Disable
    main.o(i.MPU_Config) refers to stm32h7xx_hal_cortex.o(i.HAL_MPU_ConfigRegion) for HAL_MPU_ConfigRegion
[...]
    SystemD2Clock                            0x240049a0   Data           4  system_stm32h7xx.o(.data)
    pxCurrentTCB                             0x240049a4   Data           4  tasks.o(.data)
    TaskHandle                               0x24004a24   Data           4  app.o(.data)
    UARTTransmitTaskHandle                   0x24004a28   Data           4  app.o(.data)
    UARTReceiveTaskHandle                    0x24004a2c   Data           4  app.o(.data)
    aTxStartMessage                          0x24004a30   Data          98  app.o(.data)
    aTxEndMessage                            0x24004a92   Data          22  app.o(.data)
    myQueueUartHandle                        0x24004aa8   Data           4  app.o(.data)
    RxPktSemaphore                           0x24004ab4   Data           4  ethernetif.o(.data)
    TxPktSemaphore                           0x24004ab8   Data           4  ethernetif.o(.data)
    USER_PHY_IOCtx                           0x24004abc   Data          20  ethernetif.o(.data)
    ipaddr                                   0x24004ad0   Data           4  lwip.o(.data)
    netmask                                  0x24004ad4   Data           4  lwip.o(.data)
    gw                                       0x24004ad8   Data           4  lwip.o(.data)
    IP_ADDRESS                               0x24004adc   Data           4  lwip.o(.data)
    NETMASK_ADDRESS                          0x24004ae0   Data           4  lwip.o(.data)
    GATEWAY_ADDRESS                          0x24004ae4   Data           4  lwip.o(.data)
    lock_tcpip_core                          0x24004af4   Data           4  tcpip.o(.data)
    netif_list                               0x24004b3c   Data           4  netif.o(.data)
    netif_default                            0x24004b40   Data           4  netif.o(.data)
    pbuf_free_ooseq_pending                  0x24004b45   Data           1  pbuf.o(.data)
    tcp_ticks                                0x24004b4c   Data           4  tcp.o(.data)
    tcp_bound_pcbs                           0x24004b50   Data           4  tcp.o(.data)
    tcp_listen_pcbs                          0x24004b54   Data           4  tcp.o(.data)
    tcp_active_pcbs                          0x24004b58   Data           4  tcp.o(.data)
    tcp_tw_pcbs                              0x24004b5c   Data           4  tcp.o(.data)
    tcp_active_pcbs_changed                  0x24004b60   Data           1  tcp.o(.data)
    tcp_input_pcb                            0x24004b8c   Data           4  tcp_in.o(.data)
    udp_pcbs                                 0x24004ba0   Data           4  udp.o(.data)
    errno                                    0x24004bb0   Data           4  sys_arch.o(.data)
    lwip_sys_mutex                           0x24004bb4   Data           4  sys_arch.o(.data)
    __stdout                                 0x24004bbc   Data           4  stdout.o(.data)
    hadc3                                    0x24004bc0   Data         100  adc.o(.bss)
    hdma_adc3                                0x24004c24   Data         120  adc.o(.bss)
    hfdcan1                                  0x24004c9c   Data         160  fdcan.o(.bss)
    hfdcan2                                  0x24004d3c   Data         160  fdcan.o(.bss)
    hi2c1                                    0x24004ddc   Data          84  i2c.o(.bss)
    hi2c2                                    0x24004e30   Data          84  i2c.o(.bss)
    hdma_i2c1_rx                             0x24004e84   Data         120  i2c.o(.bss)
    hdma_i2c1_tx                             0x24004efc   Data         120  i2c.o(.bss)
    hiwdg1                                   0x24004f74   Data          16  iwdg.o(.bss)
    hrtc                                     0x24004f84   Data          36  rtc.o(.bss)
    hspi1                                    0x24004fa8   Data         136  spi.o(.bss)
    htim1                                    0x24005030   Data         188  tim.o(.bss)
    htim2                                    0x240050ec   Data         188  tim.o(.bss)
    htim4                                    0x240051a8   Data         188  tim.o(.bss)
    htim5                                    0x24005264   Data         188  tim.o(.bss)
    htim6                                    0x24005320   Data         188  tim.o(.bss)
    htim8                                    0x240053dc   Data         188  tim.o(.bss)
    huart4                                   0x24005498   Data         204  usart.o(.bss)
    huart5                                   0x24005564   Data         204  usart.o(.bss)
    huart7                                   0x24005630   Data         204  usart.o(.bss)
    huart8                                   0x240056fc   Data         204  usart.o(.bss)
    huart1                                   0x240057c8   Data         204  usart.o(.bss)
    hdma_uart4_tx                            0x24005894   Data         120  usart.o(.bss)
    hdma_uart4_rx                            0x2400590c   Data         120  usart.o(.bss)
    hdma_uart5_tx                            0x24005984   Data         120  usart.o(.bss)
    hdma_uart5_rx                            0x240059fc   Data         120  usart.o(.bss)
    hdma_uart7_rx                            0x24005a74   Data         120  usart.o(.bss)
    hdma_uart7_tx                            0x24005aec   Data         120  usart.o(.bss)
    hdma_uart8_tx                            0x24005b64   Data         120  usart.o(.bss)
    hdma_uart8_rx                            0x24005bdc   Data         120  usart.o(.bss)
    htim3                                    0x24005c54   Data         188  stm32h7xx_hal_timebase_tim.o(.bss)
    xQueueRegistry                           0x24005d10   Data          64  queue.o(.bss)
    heth                                     0x2400a5e4   Data         176  ethernetif.o(.bss)
    TxConfig                                 0x2400a694   Data          56  ethernetif.o(.bss)
    USER_PHY                                 0x2400a6cc   Data          32  ethernetif.o(.bss)
    gnetif                                   0x2400a6ec   Data          52  lwip.o(.bss)
    attributes                               0x2400a720   Data          36  lwip.o(.bss)
    ip_data                                  0x2400a744   Data          24  ip.o(.bss)
    memp_memory_UDP_PCB_base                 0x2400a75c   Data         131  memp.o(.bss)
    memp_memory_TCP_PCB_base                 0x2400a7df   Data         783  memp.o(.bss)
    memp_memory_TCP_PCB_LISTEN_base          0x2400aaee   Data         227  memp.o(.bss)
    memp_memory_TCP_SEG_base                 0x2400abd1   Data         259  memp.o(.bss)
    memp_memory_REASSDATA_base               0x2400acd4   Data         163  memp.o(.bss)
    memp_memory_FRAG_PBUF_base               0x2400ad77   Data         363  memp.o(.bss)
    memp_memory_NETBUF_base                  0x2400aee2   Data          35  memp.o(.bss)
    memp_memory_NETCONN_base                 0x2400af05   Data         163  memp.o(.bss)
    memp_memory_TCPIP_MSG_API_base           0x2400afa8   Data         131  memp.o(.bss)
    memp_memory_TCPIP_MSG_INPKT_base         0x2400b02b   Data         131  memp.o(.bss)
    memp_memory_SYS_TIMEOUT_base             0x2400b0ae   Data          51  memp.o(.bss)
    memp_memory_PBUF_base                    0x2400b0e1   Data         259  memp.o(.bss)
    memp_memory_PBUF_POOL_base               0x2400b1e4   Data        9731  memp.o(.bss)
    __initial_sp                             0x240158e8   Data           0  startup_stm32h743xx.o(STACK)
    DMARxDscrTab                             0x30000000   Data          96  ethernetif.o(.ARM.__AT_0x30000000)
    DMATxDscrTab                             0x30000080   Data          96  ethernetif.o(.ARM.__AT_0x30000080)



==============================================================================

Memory Map of the image

  Image Entry point : 0x08000299

  Load Region LR_IROM1 (Base: 0x08000000, Size: 0x000210e0, Max: 0x00200000, ABSOLUTE, COMPRESSED[0x0001c654])

    Execution Region ER_IROM1 (Exec base: 0x08000000, Load base: 0x08000000, Size: 0x0001c520, Max: 0x00200000, ABSOLUTE)

    Exec Addr    Load Addr    Size         Type   Attr      Idx    E Section Name        Object

    0x08000000   0x08000000   0x00000298   Data   RO            3    RESET               startup_stm32h743xx.o
    0x08000298   0x08000298   0x00000000   Code   RO        14834  * .ARM.Collect$$$$00000000  mc_w.l(entry.o)
    0x08000298   0x08000298   0x00000004   Code   RO        15151    .ARM.Collect$$$$00000001  mc_w.l(entry2.o)
    0x0800029c   0x0800029c   0x00000004   Code   RO        15154    .ARM.Collect$$$$00000004  mc_w.l(entry5.o)
    0x080002a0   0x080002a0   0x00000000   Code   RO        15156    .ARM.Collect$$$$00000008  mc_w.l(entry7b.o)
    0x080002a0   0x080002a0   0x00000000   Code   RO        15158    .ARM.Collect$$$$0000000A  mc_w.l(entry8b.o)
    0x080002a0   0x080002a0   0x00000008   Code   RO        15159    .ARM.Collect$$$$0000000B  mc_w.l(entry9a.o)
    0x080002a8   0x080002a8   0x00000004   Code   RO        15166    .ARM.Collect$$$$0000000E  mc_w.l(entry12b.o)
    0x080002ac   0x080002ac   0x00000000   Code   RO        15161    .ARM.Collect$$$$0000000F  mc_w.l(entry10a.o)
    0x080002ac   0x080002ac   0x00000000   Code   RO        15163    .ARM.Collect$$$$00000011  mc_w.l(entry11a.o)
    0x080002ac   0x080002ac   0x00000004   Code   RO        15152    .ARM.Collect$$$$00002712  mc_w.l(entry2.o)
    0x080002b0   0x080002b0   0x000000be   Code   RO         9451    .emb_text           port.o
    0x0800036e   0x0800036e   0x00000002   PAD
    0x08000370   0x08000370   0x0000002c   Code   RO            4    .text               startup_stm32h743xx.o
    0x0800039c   0x0800039c   0x00000062   Code   RO        14837    .text               mc_w.l(uldiv.o)
    0x080003fe   0x080003fe   0x00000002   PAD
    0x08000400   0x08000400   0x00000024   Code   RO        14867    .text               mc_w.l(rand.o)
    0x08000424   0x08000424   0x00000040   Code   RO        14872    .text               mc_w.l(memmovea.o)
    0x08000464   0x08000464   0x00000024   Code   RO        14876    .text               mc_w.l(memseta.o)
    0x08000488   0x08000488   0x0000001a   Code   RO        14880    .text               mc_w.l(memcmp.o)
    0x080004a2   0x080004a2   0x0000002c   Code   RO        15170    .text               mc_w.l(uidiv.o)
    0x080004ce   0x080004ce   0x0000001e   Code   RO        15172    .text               mc_w.l(llshl.o)
    0x080004ec   0x080004ec   0x00000020   Code   RO        15174    .text               mc_w.l(llushr.o)
    0x0800050c   0x0800050c   0x00000024   Code   RO        15196    .text               mc_w.l(init.o)
    0x08000530   0x08000530   0x00000000   Code   RO        15198    .text               mc_w.l(semi.o)
    0x08000530   0x08000530   0x00000000   Code   RO        15203    .text               mc_w.l(iusesemip.o)
    0x08000530   0x08000530   0x00000056   Code   RO        15216    .text               mc_w.l(__dczerorl2.o)
    0x08000586   0x08000586   0x00000002   PAD
    0x08000588   0x08000588   0x00000010   Code   RO          898    i.ADC3_IRQHandler   stm32h7xx_it.o
    0x08000598   0x08000598   0x00000164   Code   RO         5222    i.ADC_ConfigureBoostMode  stm32h7xx_hal_adc.o
    0x080006fc   0x080006fc   0x00000004   Code   RO          899    i.BusFault_Handler  stm32h7xx_it.o
    0x08000700   0x08000700   0x00000010   Code   RO          900    i.DMA1_Stream0_IRQHandler  stm32h7xx_it.o
    0x08000710   0x08000710   0x00000010   Code   RO          901    i.DMA1_Stream1_IRQHandler  stm32h7xx_it.o
    0x08000720   0x08000720   0x00000010   Code   RO          902    i.DMA1_Stream2_IRQHandler  stm32h7xx_it.o
    0x08000730   0x08000730   0x00000010   Code   RO          903    i.DMA1_Stream3_IRQHandler  stm32h7xx_it.o
    0x08000740   0x08000740   0x00000010   Code   RO          904    i.DMA1_Stream4_IRQHandler  stm32h7xx_it.o
    0x08000750   0x08000750   0x00000010   Code   RO          905    i.DMA1_Stream5_IRQHandler  stm32h7xx_it.o
    0x08000760   0x08000760   0x00000010   Code   RO          906    i.DMA1_Stream6_IRQHandler  stm32h7xx_it.o
    0x08000770   0x08000770   0x00000010   Code   RO          907    i.DMA1_Stream7_IRQHandler  stm32h7xx_it.o
    0x08000780   0x08000780   0x00000010   Code   RO          908    i.DMA2_Stream0_IRQHandler  stm32h7xx_it.o
    0x08000790   0x08000790   0x00000010   Code   RO          909    i.DMA2_Stream1_IRQHandler  stm32h7xx_it.o
    0x080007a0   0x080007a0   0x00000010   Code   RO          910    i.DMA2_Stream2_IRQHandler  stm32h7xx_it.o
    0x080007b0   0x080007b0   0x000000ec   Code   RO         3447    i.DMA_CalcBaseAndBitshift  stm32h7xx_hal_dma.o
    0x0800089c   0x0800089c   0x000000c4   Code   RO         3448    i.DMA_CalcDMAMUXChannelBaseAndMask  stm32h7xx_hal_dma.o
    0x08000960   0x08000960   0x00000098   Code   RO         3449    i.DMA_CalcDMAMUXRequestGenBaseAndMask  stm32h7xx_hal_dma.o
    0x080009f8   0x080009f8   0x000000ae   Code   RO         3450    i.DMA_CheckFifoParam  stm32h7xx_hal_dma.o
    0x08000aa6   0x08000aa6   0x00000002   PAD
    0x08000aa8   0x08000aa8   0x00000274   Code   RO         3451    i.DMA_SetConfig     stm32h7xx_hal_dma.o
    0x08000d1c   0x08000d1c   0x00000002   Code   RO          911    i.DebugMon_Handler  stm32h7xx_it.o
    0x08000d1e   0x08000d1e   0x00000060   Code   RO         2241    i.ETH_DMARxDescListInit  stm32h7xx_hal_eth.o
    0x08000d7e   0x08000d7e   0x00000052   Code   RO         2242    i.ETH_DMATxDescListInit  stm32h7xx_hal_eth.o
    0x08000dd0   0x08000dd0   0x00000106   Code   RO         2243    i.ETH_MACDMAConfig  stm32h7xx_hal_eth.o
    0x08000ed6   0x08000ed6   0x00000004   Code   RO         9585    i.ETH_PHY_IO_DeInit  ethernetif.o
    0x08000eda   0x08000eda   0x00000008   Code   RO         9586    i.ETH_PHY_IO_GetTick  ethernetif.o
    0x08000ee2   0x08000ee2   0x00000002   PAD
    0x08000ee4   0x08000ee4   0x00000010   Code   RO         9587    i.ETH_PHY_IO_Init   ethernetif.o
    0x08000ef4   0x08000ef4   0x00000024   Code   RO         9588    i.ETH_PHY_IO_ReadReg  ethernetif.o
    0x08000f18   0x08000f18   0x00000024   Code   RO         9589    i.ETH_PHY_IO_WriteReg  ethernetif.o
    0x08000f3c   0x08000f3c   0x000003ec   Code   RO         2244    i.ETH_Prepare_Tx_Descriptors  stm32h7xx_hal_eth.o
    0x08001328   0x08001328   0x000000bc   Code   RO         2245    i.ETH_SetDMAConfig  stm32h7xx_hal_eth.o
    0x080013e4   0x080013e4   0x00000194   Code   RO         2246    i.ETH_SetMACConfig  stm32h7xx_hal_eth.o
    0x08001578   0x08001578   0x000000a6   Code   RO         2247    i.ETH_UpdateDescriptor  stm32h7xx_hal_eth.o
    0x0800161e   0x0800161e   0x0000000a   Code   RO          912    i.EXTI9_5_IRQHandler  stm32h7xx_it.o
    0x08001628   0x08001628   0x00000006   Code   RO           13    i.Error_Handler     main.o
    0x0800162e   0x0800162e   0x00000002   PAD
    0x08001630   0x08001630   0x00000024   Code   RO         7682    i.ExitRun0Mode      system_stm32h7xx.o
    0x08001654   0x08001654   0x00000010   Code   RO          913    i.FDCAN1_IT0_IRQHandler  stm32h7xx_it.o
    0x08001664   0x08001664   0x00000010   Code   RO          914    i.FDCAN1_IT1_IRQHandler  stm32h7xx_it.o
    0x08001674   0x08001674   0x00000010   Code   RO          915    i.FDCAN2_IT0_IRQHandler  stm32h7xx_it.o
    0x08001684   0x08001684   0x00000010   Code   RO          916    i.FDCAN2_IT1_IRQHandler  stm32h7xx_it.o
    0x08001694   0x08001694   0x00000220   Code   RO         5738    i.FDCAN_CalcultateRamBlockAddresses  stm32h7xx_hal_fdcan.o
    0x080018b4   0x080018b4   0x00000002   Code   RO         5483    i.HAL_ADCEx_EndOfSamplingCallback  stm32h7xx_hal_adc_ex.o
    0x080018b6   0x080018b6   0x00000002   Code   RO         5486    i.HAL_ADCEx_InjectedConvCpltCallback  stm32h7xx_hal_adc_ex.o
    0x080018b8   0x080018b8   0x00000002   Code   RO         5489    i.HAL_ADCEx_InjectedQueueOverflowCallback  stm32h7xx_hal_adc_ex.o
    0x080018ba   0x080018ba   0x00000002   Code   RO         5494    i.HAL_ADCEx_LevelOutOfWindow2Callback  stm32h7xx_hal_adc_ex.o
    0x080018bc   0x080018bc   0x00000002   Code   RO         5495    i.HAL_ADCEx_LevelOutOfWindow3Callback  stm32h7xx_hal_adc_ex.o
    0x080018be   0x080018be   0x00000002   PAD
    0x080018c0   0x080018c0   0x000005b4   Code   RO         5230    i.HAL_ADC_ConfigChannel  stm32h7xx_hal_adc.o
    0x08001e74   0x08001e74   0x00000002   Code   RO         5231    i.HAL_ADC_ConvCpltCallback  stm32h7xx_hal_adc.o
    0x08001e76   0x08001e76   0x00000002   Code   RO         5234    i.HAL_ADC_ErrorCallback  stm32h7xx_hal_adc.o
    0x08001e78   0x08001e78   0x00000358   Code   RO         5238    i.HAL_ADC_IRQHandler  stm32h7xx_hal_adc.o
    0x080021d0   0x080021d0   0x0000028c   Code   RO         5239    i.HAL_ADC_Init      stm32h7xx_hal_adc.o
    0x0800245c   0x0800245c   0x00000002   Code   RO         5240    i.HAL_ADC_LevelOutOfWindowCallback  stm32h7xx_hal_adc.o
    0x0800245e   0x0800245e   0x00000002   PAD
    0x08002460   0x08002460   0x00000120   Code   RO          484    i.HAL_ADC_MspInit   adc.o
    0x08002580   0x08002580   0x000004dc   Code   RO         3452    i.HAL_DMA_Abort     stm32h7xx_hal_dma.o
    0x08002a5c   0x08002a5c   0x00000398   Code   RO         3453    i.HAL_DMA_Abort_IT  stm32h7xx_hal_dma.o
    0x08002df4   0x08002df4   0x00000008   Code   RO         3456    i.HAL_DMA_GetState  stm32h7xx_hal_dma.o
    0x08002dfc   0x08002dfc   0x00000af8   Code   RO         3457    i.HAL_DMA_IRQHandler  stm32h7xx_hal_dma.o
    0x080038f4   0x080038f4   0x00000520   Code   RO         3458    i.HAL_DMA_Init      stm32h7xx_hal_dma.o
    0x08003e14   0x08003e14   0x000003e0   Code   RO         3462    i.HAL_DMA_Start_IT  stm32h7xx_hal_dma.o
    0x080041f4   0x080041f4   0x00000008   Code   RO         2255    i.HAL_ETH_GetError  stm32h7xx_hal_eth.o
    0x080041fc   0x080041fc   0x000001d6   Code   RO         2256    i.HAL_ETH_GetMACConfig  stm32h7xx_hal_eth.o
    0x080043d2   0x080043d2   0x00000002   PAD
    0x080043d4   0x080043d4   0x00000190   Code   RO         2264    i.HAL_ETH_Init      stm32h7xx_hal_eth.o
    0x08004564   0x08004564   0x00000168   Code   RO         9592    i.HAL_ETH_MspInit   ethernetif.o
    0x080046cc   0x080046cc   0x000000fc   Code   RO         2268    i.HAL_ETH_ReadData  stm32h7xx_hal_eth.o
    0x080047c8   0x080047c8   0x00000078   Code   RO         2269    i.HAL_ETH_ReadPHYRegister  stm32h7xx_hal_eth.o
    0x08004840   0x08004840   0x00000086   Code   RO         2273    i.HAL_ETH_ReleaseTxPacket  stm32h7xx_hal_eth.o
    0x080048c6   0x080048c6   0x00000002   PAD
    0x080048c8   0x080048c8   0x00000048   Code   RO         9593    i.HAL_ETH_RxAllocateCallback  ethernetif.o
    0x08004910   0x08004910   0x000000a4   Code   RO         9595    i.HAL_ETH_RxLinkCallback  ethernetif.o
    0x080049b4   0x080049b4   0x00000024   Code   RO         2279    i.HAL_ETH_SetMACConfig  stm32h7xx_hal_eth.o
    0x080049d8   0x080049d8   0x0000006c   Code   RO         2281    i.HAL_ETH_SetMDIOClockRange  stm32h7xx_hal_eth.o
    0x08004a44   0x08004a44   0x000000b8   Code   RO         2286    i.HAL_ETH_Start_IT  stm32h7xx_hal_eth.o
    0x08004afc   0x08004afc   0x000000b0   Code   RO         2288    i.HAL_ETH_Stop_IT   stm32h7xx_hal_eth.o
    0x08004bac   0x08004bac   0x00000082   Code   RO         2290    i.HAL_ETH_Transmit_IT  stm32h7xx_hal_eth.o
    0x08004c2e   0x08004c2e   0x0000000c   Code   RO         9597    i.HAL_ETH_TxFreeCallback  ethernetif.o
    0x08004c3a   0x08004c3a   0x00000002   PAD
    0x08004c3c   0x08004c3c   0x00000080   Code   RO         2297    i.HAL_ETH_WritePHYRegister  stm32h7xx_hal_eth.o
    0x08004cbc   0x08004cbc   0x00000002   Code   RO         5744    i.HAL_FDCAN_ClockCalibrationCallback  stm32h7xx_hal_fdcan.o
    0x08004cbe   0x08004cbe   0x00000002   Code   RO         5770    i.HAL_FDCAN_ErrorCallback  stm32h7xx_hal_fdcan.o
    0x08004cc0   0x08004cc0   0x00000002   Code   RO         5771    i.HAL_FDCAN_ErrorStatusCallback  stm32h7xx_hal_fdcan.o
    0x08004cc2   0x08004cc2   0x00000002   Code   RO         5788    i.HAL_FDCAN_HighPriorityMessageCallback  stm32h7xx_hal_fdcan.o
    0x08004cc4   0x08004cc4   0x000003d4   Code   RO         5789    i.HAL_FDCAN_IRQHandler  stm32h7xx_hal_fdcan.o
    0x08005098   0x08005098   0x000002e0   Code   RO         5790    i.HAL_FDCAN_Init    stm32h7xx_hal_fdcan.o
    0x08005378   0x08005378   0x00000188   Code   RO          550    i.HAL_FDCAN_MspInit  fdcan.o
    0x08005500   0x08005500   0x00000002   Code   RO         5799    i.HAL_FDCAN_RxBufferNewMessageCallback  stm32h7xx_hal_fdcan.o
    0x08005502   0x08005502   0x00000002   Code   RO         5800    i.HAL_FDCAN_RxFifo0Callback  stm32h7xx_hal_fdcan.o
    0x08005504   0x08005504   0x00000002   Code   RO         5801    i.HAL_FDCAN_RxFifo1Callback  stm32h7xx_hal_fdcan.o
    0x08005506   0x08005506   0x00000002   Code   RO         5824    i.HAL_FDCAN_TT_GlobalTimeCallback  stm32h7xx_hal_fdcan.o
    0x08005508   0x08005508   0x00000002   Code   RO         5825    i.HAL_FDCAN_TT_ScheduleSyncCallback  stm32h7xx_hal_fdcan.o
    0x0800550a   0x0800550a   0x00000002   Code   RO         5830    i.HAL_FDCAN_TT_StopWatchCallback  stm32h7xx_hal_fdcan.o
    0x0800550c   0x0800550c   0x00000002   Code   RO         5831    i.HAL_FDCAN_TT_TimeMarkCallback  stm32h7xx_hal_fdcan.o
    0x0800550e   0x0800550e   0x00000002   Code   RO         5832    i.HAL_FDCAN_TimeoutOccurredCallback  stm32h7xx_hal_fdcan.o
    0x08005510   0x08005510   0x00000002   Code   RO         5833    i.HAL_FDCAN_TimestampWraparoundCallback  stm32h7xx_hal_fdcan.o
    0x08005512   0x08005512   0x00000002   Code   RO         5834    i.HAL_FDCAN_TxBufferAbortCallback  stm32h7xx_hal_fdcan.o
    0x08005514   0x08005514   0x00000002   Code   RO         5835    i.HAL_FDCAN_TxBufferCompleteCallback  stm32h7xx_hal_fdcan.o
    0x08005516   0x08005516   0x00000002   Code   RO         5836    i.HAL_FDCAN_TxEventFifoCallback  stm32h7xx_hal_fdcan.o
    0x08005518   0x08005518   0x00000002   Code   RO         5837    i.HAL_FDCAN_TxFifoEmptyCallback  stm32h7xx_hal_fdcan.o
    0x0800551a   0x0800551a   0x00000002   Code   RO         3298    i.HAL_GPIO_EXTI_Callback  stm32h7xx_hal_gpio.o
    0x0800551c   0x0800551c   0x0000001c   Code   RO         3299    i.HAL_GPIO_EXTI_IRQHandler  stm32h7xx_hal_gpio.o
    0x08005538   0x08005538   0x000001fc   Code   RO         3300    i.HAL_GPIO_Init     stm32h7xx_hal_gpio.o
    0x08005734   0x08005734   0x00000014   Code   RO         3303    i.HAL_GPIO_TogglePin  stm32h7xx_hal_gpio.o
    0x08005748   0x08005748   0x0000000c   Code   RO         3304    i.HAL_GPIO_WritePin  stm32h7xx_hal_gpio.o
    0x08005754   0x08005754   0x0000000c   Code   RO         4330    i.HAL_GetREVID      stm32h7xx_hal.o
    0x08005760   0x08005760   0x0000000c   Code   RO         4331    i.HAL_GetTick       stm32h7xx_hal.o
    0x0800576c   0x0800576c   0x00000094   Code   RO         7106    i.HAL_HalfDuplex_Init  stm32h7xx_hal_uart.o
    0x08005800   0x08005800   0x00000002   Code   RO         4624    i.HAL_I2C_AbortCpltCallback  stm32h7xx_hal_i2c.o
    0x08005802   0x08005802   0x00000002   Code   RO         4625    i.HAL_I2C_AddrCallback  stm32h7xx_hal_i2c.o
    0x08005804   0x08005804   0x00000076   Code   RO         4628    i.HAL_I2C_ER_IRQHandler  stm32h7xx_hal_i2c.o
    0x0800587a   0x0800587a   0x0000001c   Code   RO         4629    i.HAL_I2C_EV_IRQHandler  stm32h7xx_hal_i2c.o
    0x08005896   0x08005896   0x00000002   Code   RO         4631    i.HAL_I2C_ErrorCallback  stm32h7xx_hal_i2c.o
    0x08005898   0x08005898   0x00000002   Code   RO         4637    i.HAL_I2C_ListenCpltCallback  stm32h7xx_hal_i2c.o
    0x0800589a   0x0800589a   0x00000002   Code   RO         4661    i.HAL_I2C_SlaveRxCpltCallback  stm32h7xx_hal_i2c.o
    0x0800589c   0x0800589c   0x00000002   Code   RO         4662    i.HAL_I2C_SlaveTxCpltCallback  stm32h7xx_hal_i2c.o
    0x0800589e   0x0800589e   0x00000074   Code   RO         6356    i.HAL_IWDG_Init     stm32h7xx_hal_iwdg.o
    0x08005912   0x08005912   0x00000002   PAD
    0x08005914   0x08005914   0x00000018   Code   RO         4337    i.HAL_IncTick       stm32h7xx_hal.o
    0x0800592c   0x0800592c   0x00000060   Code   RO         4338    i.HAL_Init          stm32h7xx_hal.o
    0x0800598c   0x0800598c   0x000000a0   Code   RO         1166    i.HAL_InitTick      stm32h7xx_hal_timebase_tim.o
    0x08005a2c   0x08005a2c   0x0000005c   Code   RO         4155    i.HAL_MPU_ConfigRegion  stm32h7xx_hal_cortex.o
    0x08005a88   0x08005a88   0x0000002c   Code   RO         4156    i.HAL_MPU_Disable   stm32h7xx_hal_cortex.o
    0x08005ab4   0x08005ab4   0x00000040   Code   RO         4158    i.HAL_MPU_Enable    stm32h7xx_hal_cortex.o
    0x08005af4   0x08005af4   0x00000030   Code   RO         1142    i.HAL_MspInit       stm32h7xx_hal_msp.o
    0x08005b24   0x08005b24   0x00000028   Code   RO         4162    i.HAL_NVIC_EnableIRQ  stm32h7xx_hal_cortex.o
    0x08005b4c   0x08005b4c   0x0000007a   Code   RO         4168    i.HAL_NVIC_SetPriority  stm32h7xx_hal_cortex.o
    0x08005bc6   0x08005bc6   0x00000002   PAD
    0x08005bc8   0x08005bc8   0x00000028   Code   RO         4169    i.HAL_NVIC_SetPriorityGrouping  stm32h7xx_hal_cortex.o
    0x08005bf0   0x08005bf0   0x00000060   Code   RO         3901    i.HAL_PWREx_ConfigSupply  stm32h7xx_hal_pwr_ex.o
    0x08005c50   0x08005c50   0x00000024   Code   RO         2851    i.HAL_RCCEx_GetD3PCLK1Freq  stm32h7xx_hal_rcc_ex.o
    0x08005c74   0x08005c74   0x00000230   Code   RO         2852    i.HAL_RCCEx_GetPLL1ClockFreq  stm32h7xx_hal_rcc_ex.o
    0x08005ea4   0x08005ea4   0x00000230   Code   RO         2853    i.HAL_RCCEx_GetPLL2ClockFreq  stm32h7xx_hal_rcc_ex.o
    0x080060d4   0x080060d4   0x00000230   Code   RO         2854    i.HAL_RCCEx_GetPLL3ClockFreq  stm32h7xx_hal_rcc_ex.o
    0x08006304   0x08006304   0x000008b0   Code   RO         2856    i.HAL_RCCEx_GetPeriphCLKFreq  stm32h7xx_hal_rcc_ex.o
    0x08006bb4   0x08006bb4   0x00000d68   Code   RO         2860    i.HAL_RCCEx_PeriphCLKConfig  stm32h7xx_hal_rcc_ex.o
    0x0800791c   0x0800791c   0x00000320   Code   RO         2736    i.HAL_RCC_ClockConfig  stm32h7xx_hal_rcc.o
    0x08007c3c   0x08007c3c   0x0000006c   Code   RO         2740    i.HAL_RCC_GetClockConfig  stm32h7xx_hal_rcc.o
    0x08007ca8   0x08007ca8   0x0000004c   Code   RO         2741    i.HAL_RCC_GetHCLKFreq  stm32h7xx_hal_rcc.o
    0x08007cf4   0x08007cf4   0x00000024   Code   RO         2743    i.HAL_RCC_GetPCLK1Freq  stm32h7xx_hal_rcc.o
    0x08007d18   0x08007d18   0x00000024   Code   RO         2744    i.HAL_RCC_GetPCLK2Freq  stm32h7xx_hal_rcc.o
    0x08007d3c   0x08007d3c   0x0000022c   Code   RO         2745    i.HAL_RCC_GetSysClockFreq  stm32h7xx_hal_rcc.o
    0x08007f68   0x08007f68   0x00000858   Code   RO         2748    i.HAL_RCC_OscConfig  stm32h7xx_hal_rcc.o
    0x080087c0   0x080087c0   0x000000b8   Code   RO         6394    i.HAL_RTC_Init      stm32h7xx_hal_rtc.o
    0x08008878   0x08008878   0x00000048   Code   RO          677    i.HAL_RTC_MspInit   rtc.o
    0x080088c0   0x080088c0   0x000000cc   Code   RO         6400    i.HAL_RTC_SetDate   stm32h7xx_hal_rtc.o
    0x0800898c   0x0800898c   0x000000f8   Code   RO         6401    i.HAL_RTC_SetTime   stm32h7xx_hal_rtc.o
    0x08008a84   0x08008a84   0x00000038   Code   RO         6402    i.HAL_RTC_WaitForSynchro  stm32h7xx_hal_rtc.o
    0x08008abc   0x08008abc   0x00000002   Code   RO         6777    i.HAL_SPI_ErrorCallback  stm32h7xx_hal_spi.o
    0x08008abe   0x08008abe   0x00000002   PAD
    0x08008ac0   0x08008ac0   0x00000294   Code   RO         6780    i.HAL_SPI_IRQHandler  stm32h7xx_hal_spi.o
    0x08008d54   0x08008d54   0x000001b0   Code   RO         6781    i.HAL_SPI_Init      stm32h7xx_hal_spi.o
    0x08008f04   0x08008f04   0x000000e4   Code   RO          719    i.HAL_SPI_MspInit   spi.o
    0x08008fe8   0x08008fe8   0x00000002   Code   RO         6787    i.HAL_SPI_RxCpltCallback  stm32h7xx_hal_spi.o
    0x08008fea   0x08008fea   0x00000002   Code   RO         6789    i.HAL_SPI_SuspendCallback  stm32h7xx_hal_spi.o
    0x08008fec   0x08008fec   0x00000002   Code   RO         6796    i.HAL_SPI_TxCpltCallback  stm32h7xx_hal_spi.o
    0x08008fee   0x08008fee   0x00000002   Code   RO         6798    i.HAL_SPI_TxRxCpltCallback  stm32h7xx_hal_spi.o
    0x08008ff0   0x08008ff0   0x00000014   Code   RO         4343    i.HAL_SYSCFG_AnalogSwitchConfig  stm32h7xx_hal.o
    0x08009004   0x08009004   0x00000014   Code   RO         4350    i.HAL_SYSCFG_ETHInterfaceSelect  stm32h7xx_hal.o
    0x08009018   0x08009018   0x00000002   Code   RO         1950    i.HAL_TIMEx_Break2Callback  stm32h7xx_hal_tim_ex.o
    0x0800901a   0x0800901a   0x00000002   Code   RO         1951    i.HAL_TIMEx_BreakCallback  stm32h7xx_hal_tim_ex.o
    0x0800901c   0x0800901c   0x00000002   Code   RO         1952    i.HAL_TIMEx_CommutCallback  stm32h7xx_hal_tim_ex.o
    0x0800901e   0x0800901e   0x00000002   Code   RO         1953    i.HAL_TIMEx_CommutHalfCpltCallback  stm32h7xx_hal_tim_ex.o
    0x08009020   0x08009020   0x000000cc   Code   RO         1972    i.HAL_TIMEx_MasterConfigSynchronization  stm32h7xx_hal_tim_ex.o
    0x080090ec   0x080090ec   0x00000080   Code   RO         1207    i.HAL_TIM_Base_Init  stm32h7xx_hal_tim.o
    0x0800916c   0x0800916c   0x00000160   Code   RO          761    i.HAL_TIM_Base_MspInit  tim.o
    0x080092cc   0x080092cc   0x000000b4   Code   RO         1212    i.HAL_TIM_Base_Start_IT  stm32h7xx_hal_tim.o
    0x08009380   0x08009380   0x00000134   Code   RO         1216    i.HAL_TIM_ConfigClockSource  stm32h7xx_hal_tim.o
    0x080094b4   0x080094b4   0x00000002   Code   RO         1237    i.HAL_TIM_ErrorCallback  stm32h7xx_hal_tim.o
    0x080094b6   0x080094b6   0x00000002   Code   RO         1241    i.HAL_TIM_IC_CaptureCallback  stm32h7xx_hal_tim.o
    0x080094b8   0x080094b8   0x00000002   Code   RO         1242    i.HAL_TIM_IC_CaptureHalfCpltCallback  stm32h7xx_hal_tim.o
    0x080094ba   0x080094ba   0x000001ba   Code   RO         1255    i.HAL_TIM_IRQHandler  stm32h7xx_hal_tim.o
    0x08009674   0x08009674   0x00000002   Code   RO         1258    i.HAL_TIM_OC_DelayElapsedCallback  stm32h7xx_hal_tim.o
    0x08009676   0x08009676   0x00000002   Code   RO         1285    i.HAL_TIM_PWM_PulseFinishedCallback  stm32h7xx_hal_tim.o
    0x08009678   0x08009678   0x00000002   Code   RO         1286    i.HAL_TIM_PWM_PulseFinishedHalfCpltCallback  stm32h7xx_hal_tim.o
    0x0800967a   0x0800967a   0x00000002   PAD
    0x0800967c   0x0800967c   0x00000018   Code   RO           14    i.HAL_TIM_PeriodElapsedCallback  main.o
    0x08009694   0x08009694   0x00000002   Code   RO         1294    i.HAL_TIM_PeriodElapsedHalfCpltCallback  stm32h7xx_hal_tim.o
    0x08009696   0x08009696   0x00000002   Code   RO         1299    i.HAL_TIM_TriggerCallback  stm32h7xx_hal_tim.o
    0x08009698   0x08009698   0x00000002   Code   RO         1300    i.HAL_TIM_TriggerHalfCpltCallback  stm32h7xx_hal_tim.o
    0x0800969a   0x0800969a   0x0000004e   Code   RO         7559    i.HAL_UARTEx_DisableFifoMode  stm32h7xx_hal_uart_ex.o
    0x080096e8   0x080096e8   0x00000002   Code   RO         7113    i.HAL_UARTEx_RxEventCallback  stm32h7xx_hal_uart.o
    0x080096ea   0x080096ea   0x00000002   Code   RO         7567    i.HAL_UARTEx_RxFifoFullCallback  stm32h7xx_hal_uart_ex.o
    0x080096ec   0x080096ec   0x0000005e   Code   RO         7568    i.HAL_UARTEx_SetRxFifoThreshold  stm32h7xx_hal_uart_ex.o
    0x0800974a   0x0800974a   0x0000005e   Code   RO         7569    i.HAL_UARTEx_SetTxFifoThreshold  stm32h7xx_hal_uart_ex.o
    0x080097a8   0x080097a8   0x00000002   Code   RO         7571    i.HAL_UARTEx_TxFifoEmptyCallback  stm32h7xx_hal_uart_ex.o
    0x080097aa   0x080097aa   0x00000002   Code   RO         7572    i.HAL_UARTEx_WakeupCallback  stm32h7xx_hal_uart_ex.o
    0x080097ac   0x080097ac   0x00000002   Code   RO         7115    i.HAL_UART_AbortCpltCallback  stm32h7xx_hal_uart.o
    0x080097ae   0x080097ae   0x00000002   Code   RO         7117    i.HAL_UART_AbortReceiveCpltCallback  stm32h7xx_hal_uart.o
    0x080097b0   0x080097b0   0x00000002   Code   RO         7120    i.HAL_UART_AbortTransmitCpltCallback  stm32h7xx_hal_uart.o
    0x080097b2   0x080097b2   0x00000002   Code   RO         7129    i.HAL_UART_ErrorCallback  stm32h7xx_hal_uart.o
    0x080097b4   0x080097b4   0x000004c8   Code   RO         7132    i.HAL_UART_IRQHandler  stm32h7xx_hal_uart.o
    0x08009c7c   0x08009c7c   0x00000090   Code   RO         7133    i.HAL_UART_Init     stm32h7xx_hal_uart.o
    0x08009d0c   0x08009d0c   0x00000550   Code   RO          833    i.HAL_UART_MspInit  usart.o
    0x0800a25c   0x0800a25c   0x00000002   Code   RO         7142    i.HAL_UART_RxCpltCallback  stm32h7xx_hal_uart.o
    0x0800a25e   0x0800a25e   0x00000002   Code   RO         7143    i.HAL_UART_RxHalfCpltCallback  stm32h7xx_hal_uart.o
    0x0800a260   0x0800a260   0x000000a0   Code   RO         7145    i.HAL_UART_Transmit_DMA  stm32h7xx_hal_uart.o
    0x0800a300   0x0800a300   0x00000002   Code   RO         7147    i.HAL_UART_TxCpltCallback  stm32h7xx_hal_uart.o
    0x0800a302   0x0800a302   0x00000002   Code   RO         7148    i.HAL_UART_TxHalfCpltCallback  stm32h7xx_hal_uart.o
    0x0800a304   0x0800a304   0x00000004   Code   RO          917    i.HardFault_Handler  stm32h7xx_it.o
    0x0800a308   0x0800a308   0x00000010   Code   RO          918    i.I2C1_ER_IRQHandler  stm32h7xx_it.o
    0x0800a318   0x0800a318   0x00000010   Code   RO          919    i.I2C1_EV_IRQHandler  stm32h7xx_it.o
    0x0800a328   0x0800a328   0x00000022   Code   RO         4674    i.I2C_DMAAbort      stm32h7xx_hal_i2c.o
    0x0800a34a   0x0800a34a   0x0000006e   Code   RO         4680    i.I2C_Disable_IRQ   stm32h7xx_hal_i2c.o
    0x0800a3b8   0x0800a3b8   0x00000028   Code   RO         4682    i.I2C_Flush_TXDR    stm32h7xx_hal_i2c.o
    0x0800a3e0   0x0800a3e0   0x000000ce   Code   RO         4683    i.I2C_ITAddrCplt    stm32h7xx_hal_i2c.o
    0x0800a4ae   0x0800a4ae   0x00000002   PAD
    0x0800a4b0   0x0800a4b0   0x00000154   Code   RO         4684    i.I2C_ITError       stm32h7xx_hal_i2c.o
    0x0800a604   0x0800a604   0x00000070   Code   RO         4685    i.I2C_ITListenCplt  stm32h7xx_hal_i2c.o
    0x0800a674   0x0800a674   0x00000390   Code   RO         4688    i.I2C_ITSlaveCplt   stm32h7xx_hal_i2c.o
    0x0800aa04   0x0800aa04   0x0000008c   Code   RO         4689    i.I2C_ITSlaveSeqCplt  stm32h7xx_hal_i2c.o
    0x0800aa90   0x0800aa90   0x0000014a   Code   RO         4698    i.I2C_Slave_ISR_IT  stm32h7xx_hal_i2c.o
    0x0800abda   0x0800abda   0x0000003a   Code   RO         4700    i.I2C_TreatErrorCallback  stm32h7xx_hal_i2c.o
    0x0800ac14   0x0800ac14   0x0000000a   Code   RO         5252    i.LL_ADC_GetMultiDMATransfer  stm32h7xx_hal_adc.o
    0x0800ac1e   0x0800ac1e   0x0000000a   Code   RO         5253    i.LL_ADC_GetMultimode  stm32h7xx_hal_adc.o
    0x0800ac28   0x0800ac28   0x0000000a   Code   RO         5254    i.LL_ADC_INJ_IsConversionOngoing  stm32h7xx_hal_adc.o
    0x0800ac32   0x0800ac32   0x0000000a   Code   RO         5256    i.LL_ADC_IsEnabled  stm32h7xx_hal_adc.o
    0x0800ac3c   0x0800ac3c   0x0000000a   Code   RO         5257    i.LL_ADC_IsInternalRegulatorEnabled  stm32h7xx_hal_adc.o
    0x0800ac46   0x0800ac46   0x0000000a   Code   RO         5258    i.LL_ADC_REG_IsConversionOngoing  stm32h7xx_hal_adc.o
    0x0800ac50   0x0800ac50   0x00000012   Code   RO         5259    i.LL_ADC_REG_IsTriggerSourceSWStart  stm32h7xx_hal_adc.o
    0x0800ac62   0x0800ac62   0x0000000c   Code   RO         5262    i.LL_ADC_SetCommonPathInternalCh  stm32h7xx_hal_adc.o
    0x0800ac6e   0x0800ac6e   0x00000002   PAD
    0x0800ac70   0x0800ac70   0x00000080   Code   RO           15    i.MPU_Config        main.o
    0x0800acf0   0x0800acf0   0x00000170   Code   RO          485    i.MX_ADC3_Init      adc.o
    0x0800ae60   0x0800ae60   0x000000f0   Code   RO          525    i.MX_DMA_Init       dma.o
    0x0800af50   0x0800af50   0x00000080   Code   RO          551    i.MX_FDCAN1_Init    fdcan.o
    0x0800afd0   0x0800afd0   0x00000080   Code   RO          552    i.MX_FDCAN2_Init    fdcan.o
    0x0800b050   0x0800b050   0x00000034   Code   RO          440    i.MX_FREERTOS_Init  freertos.o
    0x0800b084   0x0800b084   0x00000330   Code   RO          412    i.MX_GPIO_Init      gpio.o
    0x0800b3b4   0x0800b3b4   0x00000030   Code   RO          646    i.MX_IWDG1_Init     iwdg.o
    0x0800b3e4   0x0800b3e4   0x00000260   Code   RO         9834    i.MX_LWIP_Init      lwip.o
    0x0800b644   0x0800b644   0x0000008c   Code   RO          678    i.MX_RTC_Init       rtc.o
    0x0800b6d0   0x0800b6d0   0x00000068   Code   RO          720    i.MX_SPI1_Init      spi.o
    0x0800b738   0x0800b738   0x00000070   Code   RO          762    i.MX_TIM1_Init      tim.o
    0x0800b7a8   0x0800b7a8   0x0000006c   Code   RO          763    i.MX_TIM2_Init      tim.o
    0x0800b814   0x0800b814   0x00000070   Code   RO          764    i.MX_TIM4_Init      tim.o
    0x0800b884   0x0800b884   0x00000070   Code   RO          765    i.MX_TIM5_Init      tim.o
    0x0800b8f4   0x0800b8f4   0x00000050   Code   RO          766    i.MX_TIM6_Init      tim.o
    0x0800b944   0x0800b944   0x00000074   Code   RO          767    i.MX_TIM8_Init      tim.o
    0x0800b9b8   0x0800b9b8   0x00000070   Code   RO          835    i.MX_UART5_Init     usart.o
    0x0800ba28   0x0800ba28   0x0000006c   Code   RO          838    i.MX_USART1_UART_Init  usart.o
    0x0800ba94   0x0800ba94   0x00000004   Code   RO          920    i.MemManage_Handler  stm32h7xx_it.o
    0x0800ba98   0x0800ba98   0x00000004   Code   RO          921    i.NMI_Handler       stm32h7xx_it.o
    0x0800ba9c   0x0800ba9c   0x00000028   Code   RO           16    i.PeriphCommonClock_Config  main.o
    0x0800bac4   0x0800bac4   0x00000164   Code   RO         2863    i.RCCEx_PLL2_Config  stm32h7xx_hal_rcc_ex.o
    0x0800bc28   0x0800bc28   0x00000164   Code   RO         2864    i.RCCEx_PLL3_Config  stm32h7xx_hal_rcc_ex.o
    0x0800bd8c   0x0800bd8c   0x0000001c   Code   RO         6404    i.RTC_ByteToBcd2    stm32h7xx_hal_rtc.o
    0x0800bda8   0x0800bda8   0x00000044   Code   RO         6405    i.RTC_EnterInitMode  stm32h7xx_hal_rtc.o
    0x0800bdec   0x0800bdec   0x00000060   Code   RO         6406    i.RTC_ExitInitMode  stm32h7xx_hal_rtc.o
    0x0800be4c   0x0800be4c   0x00000010   Code   RO          922    i.SPI1_IRQHandler   stm32h7xx_it.o
    0x0800be5c   0x0800be5c   0x000000d6   Code   RO         6801    i.SPI_CloseTransfer  stm32h7xx_hal_spi.o
    0x0800bf32   0x0800bf32   0x0000001c   Code   RO         6802    i.SPI_DMAAbortOnError  stm32h7xx_hal_spi.o
    0x0800bf4e   0x0800bf4e   0x0000001a   Code   RO         6812    i.SPI_GetPacketSize  stm32h7xx_hal_spi.o
    0x0800bf68   0x0800bf68   0x00000008   Code   RO          441    i.StartDefaultTask  freertos.o
    0x0800bf70   0x0800bf70   0x0000001c   Code   RO         9531    i.StartLEDTask      app.o
    0x0800bf8c   0x0800bf8c   0x0000000c   Code   RO         9532    i.StartUartReceiveTask  app.o
    0x0800bf98   0x0800bf98   0x00000020   Code   RO         9533    i.StartUartTransmitTask  app.o
    0x0800bfb8   0x0800bfb8   0x00000016   Code   RO         8866    i.SysTick_Handler   cmsis_os2.o
    0x0800bfce   0x0800bfce   0x00000002   PAD
    0x0800bfd0   0x0800bfd0   0x000000e0   Code   RO           17    i.SystemClock_Config  main.o
    0x0800c0b0   0x0800c0b0   0x000000fc   Code   RO         7684    i.SystemInit        system_stm32h7xx.o
    0x0800c1ac   0x0800c1ac   0x00000010   Code   RO          923    i.TIM1_UP_IRQHandler  stm32h7xx_it.o
    0x0800c1bc   0x0800c1bc   0x00000010   Code   RO          924    i.TIM2_IRQHandler   stm32h7xx_it.o
    0x0800c1cc   0x0800c1cc   0x00000010   Code   RO          925    i.TIM3_IRQHandler   stm32h7xx_it.o
    0x0800c1dc   0x0800c1dc   0x00000010   Code   RO          926    i.TIM4_IRQHandler   stm32h7xx_it.o
    0x0800c1ec   0x0800c1ec   0x00000010   Code   RO          927    i.TIM5_IRQHandler   stm32h7xx_it.o
    0x0800c1fc   0x0800c1fc   0x00000010   Code   RO          928    i.TIM6_DAC_IRQHandler  stm32h7xx_it.o
    0x0800c20c   0x0800c20c   0x000000d4   Code   RO         1302    i.TIM_Base_SetConfig  stm32h7xx_hal_tim.o
    0x0800c2e0   0x0800c2e0   0x00000016   Code   RO         1313    i.TIM_ETR_SetConfig  stm32h7xx_hal_tim.o
    0x0800c2f6   0x0800c2f6   0x00000002   PAD
    0x0800c2f8   0x0800c2f8   0x00000018   Code   RO         1314    i.TIM_ITRx_SetConfig  stm32h7xx_hal_tim.o
    0x0800c310   0x0800c310   0x00000078   Code   RO         1321    i.TIM_ResetCallback  stm32h7xx_hal_tim.o
    0x0800c388   0x0800c388   0x00000026   Code   RO         1323    i.TIM_TI1_ConfigInputStage  stm32h7xx_hal_tim.o
    0x0800c3ae   0x0800c3ae   0x00000028   Code   RO         1325    i.TIM_TI2_ConfigInputStage  stm32h7xx_hal_tim.o
    0x0800c3d6   0x0800c3d6   0x00000002   PAD
    0x0800c3d8   0x0800c3d8   0x00000010   Code   RO          929    i.UART4_IRQHandler  stm32h7xx_it.o
    0x0800c3e8   0x0800c3e8   0x00000010   Code   RO          930    i.UART5_IRQHandler  stm32h7xx_it.o
    0x0800c3f8   0x0800c3f8   0x00000010   Code   RO          931    i.UART7_IRQHandler  stm32h7xx_it.o
    0x0800c408   0x0800c408   0x00000010   Code   RO          932    i.UART8_IRQHandler  stm32h7xx_it.o
    0x0800c418   0x0800c418   0x00000058   Code   RO         7573    i.UARTEx_SetNbDataToProcess  stm32h7xx_hal_uart_ex.o
    0x0800c470   0x0800c470   0x000000f8   Code   RO         7151    i.UART_AdvFeatureConfig  stm32h7xx_hal_uart.o
    0x0800c568   0x0800c568   0x000000ea   Code   RO         7152    i.UART_CheckIdleState  stm32h7xx_hal_uart.o
    0x0800c652   0x0800c652   0x00000016   Code   RO         7153    i.UART_DMAAbortOnError  stm32h7xx_hal_uart.o
    0x0800c668   0x0800c668   0x0000005e   Code   RO         7154    i.UART_DMAError     stm32h7xx_hal_uart.o
    0x0800c6c6   0x0800c6c6   0x00000056   Code   RO         7159    i.UART_DMATransmitCplt  stm32h7xx_hal_uart.o
    0x0800c71c   0x0800c71c   0x00000010   Code   RO         7161    i.UART_DMATxHalfCplt  stm32h7xx_hal_uart.o
    0x0800c72c   0x0800c72c   0x0000006c   Code   RO         7163    i.UART_EndRxTransfer  stm32h7xx_hal_uart.o
    0x0800c798   0x0800c798   0x00000032   Code   RO         7164    i.UART_EndTransmit_IT  stm32h7xx_hal_uart.o
    0x0800c7ca   0x0800c7ca   0x00000040   Code   RO         7165    i.UART_EndTxTransfer  stm32h7xx_hal_uart.o
    0x0800c80a   0x0800c80a   0x00000002   PAD
    0x0800c80c   0x0800c80c   0x00000068   Code   RO         7166    i.UART_InitCallbacksToDefault  stm32h7xx_hal_uart.o
    0x0800c874   0x0800c874   0x0000058c   Code   RO         7171    i.UART_SetConfig    stm32h7xx_hal_uart.o
    0x0800ce00   0x0800ce00   0x000000ac   Code   RO         7178    i.UART_WaitOnFlagUntilTimeout  stm32h7xx_hal_uart.o
    0x0800ceac   0x0800ceac   0x00000010   Code   RO          933    i.USART1_IRQHandler  stm32h7xx_it.o
    0x0800cebc   0x0800cebc   0x00000126   Code   RO         9780    i.USER_PHY_GetLinkState  eth_custom_phy_interface.o
    0x0800cfe2   0x0800cfe2   0x00000062   Code   RO         9781    i.USER_PHY_Init     eth_custom_phy_interface.o
    0x0800d044   0x0800d044   0x0000002e   Code   RO         9782    i.USER_PHY_RegisterBusIO  eth_custom_phy_interface.o
    0x0800d072   0x0800d072   0x00000004   Code   RO          934    i.UsageFault_Handler  stm32h7xx_it.o
    0x0800d076   0x0800d076   0x00000002   PAD
    0x0800d078   0x0800d078   0x00000020   Code   RO        14977    i.__0printf$3       mc_w.l(printf3.o)
    0x0800d098   0x0800d098   0x00000010   Code   RO         4175    i.__NVIC_GetPriorityGrouping  stm32h7xx_hal_cortex.o
    0x0800d0a8   0x0800d0a8   0x00000028   Code   RO         4176    i.__NVIC_SetPriority  stm32h7xx_hal_cortex.o
    0x0800d0d0   0x0800d0d0   0x00000006   Code   RO         8868    i.__get_IPSR        cmsis_os2.o
    0x0800d0d6   0x0800d0d6   0x0000000e   Code   RO        15210    i.__scatterload_copy  mc_w.l(handlers.o)
    0x0800d0e4   0x0800d0e4   0x00000002   Code   RO        15211    i.__scatterload_null  mc_w.l(handlers.o)
    0x0800d0e6   0x0800d0e6   0x0000000e   Code   RO        15212    i.__scatterload_zeroinit  mc_w.l(handlers.o)
    0x0800d0f4   0x0800d0f4   0x000001b8   Code   RO        14984    i._printf_core      mc_w.l(printf3.o)
    0x0800d2ac   0x0800d2ac   0x00000094   Code   RO         9534    i.app_init          app.o
    0x0800d340   0x0800d340   0x000000bc   Code   RO        12317    i.do_memp_free_pool  memp.o
    0x0800d3fc   0x0800d3fc   0x000000c8   Code   RO        12318    i.do_memp_malloc_pool  memp.o
    0x0800d4c4   0x0800d4c4   0x00000038   Code   RO        13803    i.etharp_cleanup_netif  etharp.o
    0x0800d4fc   0x0800d4fc   0x00000300   Code   RO        13805    i.etharp_find_entry  etharp.o
    0x0800d7fc   0x0800d7fc   0x00000040   Code   RO        13806    i.etharp_free_entry  etharp.o
    0x0800d83c   0x0800d83c   0x0000013c   Code   RO        13808    i.etharp_input      etharp.o
    0x0800d978   0x0800d978   0x00000224   Code   RO        13809    i.etharp_output     etharp.o
    0x0800db9c   0x0800db9c   0x00000168   Code   RO        13810    i.etharp_output_to_arp_index  etharp.o
    0x0800dd04   0x0800dd04   0x000002a4   Code   RO        13811    i.etharp_query      etharp.o
    0x0800dfa8   0x0800dfa8   0x0000018c   Code   RO        13812    i.etharp_raw        etharp.o
    0x0800e134   0x0800e134   0x00000018   Code   RO        13813    i.etharp_request    etharp.o
    0x0800e14c   0x0800e14c   0x0000002c   Code   RO        13814    i.etharp_request_dst  etharp.o
    0x0800e178   0x0800e178   0x000000dc   Code   RO        13815    i.etharp_tmr        etharp.o
    0x0800e254   0x0800e254   0x0000015c   Code   RO        13816    i.etharp_update_arp_entry  etharp.o
    0x0800e3b0   0x0800e3b0   0x000000c4   Code   RO        10536    i.ethernet_input    ethernet.o
    0x0800e474   0x0800e474   0x00000002   Code   RO         9835    i.ethernet_link_status_updated  lwip.o
    0x0800e476   0x0800e476   0x00000002   PAD
    0x0800e478   0x0800e478   0x000000d4   Code   RO         9598    i.ethernet_link_thread  ethernetif.o
    0x0800e54c   0x0800e54c   0x00000104   Code   RO        10537    i.ethernet_output   ethernet.o
    0x0800e650   0x0800e650   0x00000098   Code   RO         9599    i.ethernetif_init   ethernetif.o
    0x0800e6e8   0x0800e6e8   0x00000040   Code   RO         9600    i.ethernetif_input  ethernetif.o
    0x0800e728   0x0800e728   0x00000012   Code   RO        15167    i.fputc             mc_w.l(fputc.o)
    0x0800e73a   0x0800e73a   0x00000012   Code   RO        13910    i.icmp_dest_unreach  icmp.o
    0x0800e74c   0x0800e74c   0x000002a4   Code   RO        13911    i.icmp_input        icmp.o
    0x0800e9f0   0x0800e9f0   0x00000124   Code   RO        13912    i.icmp_send_response  icmp.o
    0x0800eb14   0x0800eb14   0x00000012   Code   RO        13913    i.icmp_time_exceeded  icmp.o
    0x0800eb26   0x0800eb26   0x00000014   Code   RO        12073    i.inet_chksum       inet_chksum.o
    0x0800eb3a   0x0800eb3a   0x00000056   Code   RO        12074    i.inet_chksum_pbuf  inet_chksum.o
    0x0800eb90   0x0800eb90   0x0000004e   Code   RO        14039    i.ip4_addr_isbroadcast_u32  ip4_addr.o
    0x0800ebde   0x0800ebde   0x00000002   PAD
    0x0800ebe0   0x0800ebe0   0x000002cc   Code   RO        14111    i.ip4_frag          ip4_frag.o
    0x0800eeac   0x0800eeac   0x0000019c   Code   RO        13980    i.ip4_input         ip4.o
    0x0800f048   0x0800f048   0x00000034   Code   RO        13981    i.ip4_input_accept  ip4.o
    0x0800f07c   0x0800f07c   0x00000036   Code   RO        13983    i.ip4_output_if     ip4.o
    0x0800f0b2   0x0800f0b2   0x00000002   PAD
    0x0800f0b4   0x0800f0b4   0x0000019c   Code   RO        13984    i.ip4_output_if_src  ip4.o
    0x0800f250   0x0800f250   0x000002fc   Code   RO        14112    i.ip4_reass         ip4_frag.o
    0x0800f54c   0x0800f54c   0x00000094   Code   RO        13985    i.ip4_route         ip4.o
    0x0800f5e0   0x0800f5e0   0x0000000a   Code   RO        14113    i.ip_frag_alloc_pbuf_custom_ref  ip4_frag.o
    0x0800f5ea   0x0800f5ea   0x00000002   PAD
    0x0800f5ec   0x0800f5ec   0x00000098   Code   RO        14114    i.ip_frag_free_pbuf_custom_ref  ip4_frag.o
    0x0800f684   0x0800f684   0x00000304   Code   RO        14115    i.ip_reass_chain_frag_into_datagram_and_validate  ip4_frag.o
    0x0800f988   0x0800f988   0x000000c4   Code   RO        14116    i.ip_reass_dequeue_datagram  ip4_frag.o
    0x0800fa4c   0x0800fa4c   0x00000054   Code   RO        14117    i.ip_reass_enqueue_new_datagram  ip4_frag.o
    0x0800faa0   0x0800faa0   0x000001e0   Code   RO        14118    i.ip_reass_free_complete_datagram  ip4_frag.o
    0x0800fc80   0x0800fc80   0x00000088   Code   RO        14119    i.ip_reass_remove_oldest_datagram  ip4_frag.o
    0x0800fd08   0x0800fd08   0x00000034   Code   RO        14120    i.ip_reass_tmr      ip4_frag.o
    0x0800fd3c   0x0800fd3c   0x000000c8   Code   RO        14121    i.ipfrag_free_pbuf_custom  ip4_frag.o
    0x0800fe04   0x0800fe04   0x000001f0   Code   RO         9601    i.low_level_init    ethernetif.o
    0x0800fff4   0x0800fff4   0x00000024   Code   RO         9602    i.low_level_input   ethernetif.o
    0x08010018   0x08010018   0x000000e4   Code   RO         9603    i.low_level_output  ethernetif.o
    0x080100fc   0x080100fc   0x00000050   Code   RO        13533    i.lwip_cyclic_timer  timeouts.o
    0x0801014c   0x0801014c   0x0000001a   Code   RO        11993    i.lwip_htonl        def.o
    0x08010166   0x08010166   0x0000000c   Code   RO        11994    i.lwip_htons        def.o
    0x08010172   0x08010172   0x00000002   PAD
    0x08010174   0x08010174   0x000000a0   Code   RO        12150    i.lwip_init         init.o
    0x08010214   0x08010214   0x0000005e   Code   RO        12081    i.lwip_standard_chksum  inet_chksum.o
    0x08010272   0x08010272   0x00000002   PAD
    0x08010274   0x08010274   0x0000018c   Code   RO           18    i.main              main.o
    0x08010400   0x08010400   0x00000210   Code   RO        12234    i.mem_free          mem.o
    0x08010610   0x08010610   0x000000f0   Code   RO        12235    i.mem_init          mem.o
    0x08010700   0x08010700   0x00000058   Code   RO        12236    i.mem_link_valid    mem.o
    0x08010758   0x08010758   0x000002bc   Code   RO        12237    i.mem_malloc        mem.o
    0x08010a14   0x08010a14   0x00000010   Code   RO        12238    i.mem_to_ptr        mem.o
    0x08010a24   0x08010a24   0x00000250   Code   RO        12239    i.mem_trim          mem.o
    0x08010c74   0x08010c74   0x000000b0   Code   RO        12319    i.memp_free         memp.o
    0x08010d24   0x08010d24   0x000000a0   Code   RO        12320    i.memp_free_pool    memp.o
    0x08010dc4   0x08010dc4   0x00000020   Code   RO        12321    i.memp_init         memp.o
    0x08010de4   0x08010de4   0x0000002c   Code   RO        12322    i.memp_init_pool    memp.o
    0x08010e10   0x08010e10   0x000000b0   Code   RO        12323    i.memp_malloc       memp.o
    0x08010ec0   0x08010ec0   0x00000098   Code   RO        12324    i.memp_malloc_pool  memp.o
    0x08010f58   0x08010f58   0x00000230   Code   RO        12430    i.netif_add         netif.o
    0x08011188   0x08011188   0x00000018   Code   RO        12432    i.netif_do_ip_addr_changed  netif.o
    0x080111a0   0x080111a0   0x00000026   Code   RO        12433    i.netif_do_set_gw   netif.o
    0x080111c6   0x080111c6   0x00000002   PAD
    0x080111c8   0x080111c8   0x000000e0   Code   RO        12434    i.netif_do_set_ipaddr  netif.o
    0x080112a8   0x080112a8   0x00000026   Code   RO        12435    i.netif_do_set_netmask  netif.o
    0x080112ce   0x080112ce   0x00000002   PAD
    0x080112d0   0x080112d0   0x00000028   Code   RO        12437    i.netif_get_by_index  netif.o
    0x080112f8   0x080112f8   0x00000002   Code   RO        12439    i.netif_init        netif.o
    0x080112fa   0x080112fa   0x00000002   PAD
    0x080112fc   0x080112fc   0x000000d8   Code   RO        12441    i.netif_issue_reports  netif.o
    0x080113d4   0x080113d4   0x00000008   Code   RO        12443    i.netif_null_output_ip4  netif.o
    0x080113dc   0x080113dc   0x00000060   Code   RO        12445    i.netif_set_addr    netif.o
    0x0801143c   0x0801143c   0x0000000c   Code   RO        12446    i.netif_set_default  netif.o
    0x08011448   0x08011448   0x000000cc   Code   RO        12447    i.netif_set_down    netif.o
    0x08011514   0x08011514   0x00000006   Code   RO        12450    i.netif_set_link_callback  netif.o
    0x0801151a   0x0801151a   0x00000002   PAD
    0x0801151c   0x0801151c   0x000000cc   Code   RO        12451    i.netif_set_link_down  netif.o
    0x080115e8   0x080115e8   0x000000d4   Code   RO        12452    i.netif_set_link_up  netif.o
    0x080116bc   0x080116bc   0x000000c0   Code   RO        12454    i.netif_set_up      netif.o
    0x0801177c   0x0801177c   0x0000001e   Code   RO         8869    i.osDelay           cmsis_os2.o
    0x0801179a   0x0801179a   0x0000001a   Code   RO         8881    i.osKernelGetTickCount  cmsis_os2.o
    0x080117b4   0x080117b4   0x0000002c   Code   RO         8883    i.osKernelInitialize  cmsis_os2.o
    0x080117e0   0x080117e0   0x00000060   Code   RO         8886    i.osKernelStart     cmsis_os2.o
    0x08011840   0x08011840   0x00000080   Code   RO         8898    i.osMessageQueueGet  cmsis_os2.o
    0x080118c0   0x080118c0   0x0000009a   Code   RO         8903    i.osMessageQueueNew  cmsis_os2.o
    0x0801195a   0x0801195a   0x00000002   PAD
    0x0801195c   0x0801195c   0x00000084   Code   RO         8904    i.osMessageQueuePut  cmsis_os2.o
    0x080119e0   0x080119e0   0x00000062   Code   RO         8906    i.osMutexAcquire    cmsis_os2.o
    0x08011a42   0x08011a42   0x000000b2   Code   RO         8909    i.osMutexNew        cmsis_os2.o
    0x08011af4   0x08011af4   0x0000004e   Code   RO         8910    i.osMutexRelease    cmsis_os2.o
    0x08011b42   0x08011b42   0x00000002   PAD
    0x08011b44   0x08011b44   0x0000006c   Code   RO         8911    i.osSemaphoreAcquire  cmsis_os2.o
    0x08011bb0   0x08011bb0   0x000000cc   Code   RO         8914    i.osSemaphoreNew    cmsis_os2.o
    0x08011c7c   0x08011c7c   0x0000005c   Code   RO         8915    i.osSemaphoreRelease  cmsis_os2.o
    0x08011cd8   0x08011cd8   0x000000b8   Code   RO         8928    i.osThreadNew       cmsis_os2.o
    0x08011d90   0x08011d90   0x00000012   Code   RO        12623    i.pbuf_add_header   pbuf.o
    0x08011da2   0x08011da2   0x00000002   PAD
    0x08011da4   0x08011da4   0x000000e8   Code   RO        12625    i.pbuf_add_header_impl  pbuf.o
    0x08011e8c   0x08011e8c   0x000002a0   Code   RO        12626    i.pbuf_alloc        pbuf.o
    0x0801212c   0x0801212c   0x000000bc   Code   RO        12627    i.pbuf_alloc_reference  pbuf.o
    0x080121e8   0x080121e8   0x00000052   Code   RO        12628    i.pbuf_alloced_custom  pbuf.o
    0x0801223a   0x0801223a   0x00000002   PAD
    0x0801223c   0x0801223c   0x00000150   Code   RO        12629    i.pbuf_cat          pbuf.o
    0x0801238c   0x0801238c   0x00000012   Code   RO        12631    i.pbuf_clen         pbuf.o
    0x0801239e   0x0801239e   0x00000002   PAD
    0x080123a0   0x080123a0   0x000000b0   Code   RO        12632    i.pbuf_clone        pbuf.o
    0x08012450   0x08012450   0x00000228   Code   RO        12634    i.pbuf_copy         pbuf.o
    0x08012678   0x08012678   0x00000140   Code   RO        12635    i.pbuf_copy_partial  pbuf.o
    0x080127b8   0x080127b8   0x000001a8   Code   RO        12637    i.pbuf_free         pbuf.o
    0x08012960   0x08012960   0x00000034   Code   RO         9604    i.pbuf_free_custom  ethernetif.o
    0x08012994   0x08012994   0x0000003c   Code   RO        12639    i.pbuf_free_ooseq   pbuf.o
    0x080129d0   0x080129d0   0x0000000a   Code   RO        12640    i.pbuf_free_ooseq_callback  pbuf.o
    0x080129da   0x080129da   0x00000012   Code   RO        12644    i.pbuf_header_force  pbuf.o
    0x080129ec   0x080129ec   0x00000022   Code   RO        12645    i.pbuf_header_impl  pbuf.o
    0x08012a0e   0x08012a0e   0x0000001e   Code   RO        12646    i.pbuf_init_alloced_pbuf  pbuf.o
    0x08012a2c   0x08012a2c   0x00000044   Code   RO        12649    i.pbuf_pool_is_empty  pbuf.o
    0x08012a70   0x08012a70   0x00000168   Code   RO        12651    i.pbuf_realloc      pbuf.o
    0x08012bd8   0x08012bd8   0x000000a8   Code   RO        12652    i.pbuf_ref          pbuf.o
    0x08012c80   0x08012c80   0x000000f4   Code   RO        12653    i.pbuf_remove_header  pbuf.o
    0x08012d74   0x08012d74   0x000001d8   Code   RO        12240    i.plug_holes        mem.o
    0x08012f4c   0x08012f4c   0x0000007c   Code   RO         8306    i.prvAddCurrentTaskToDelayedList  tasks.o
    0x08012fc8   0x08012fc8   0x000000b8   Code   RO         8307    i.prvAddNewTaskToReadyList  tasks.o
    0x08013080   0x08013080   0x00000074   Code   RO         8682    i.prvCheckForValidListAndQueue  timers.o
    0x080130f4   0x080130f4   0x00000048   Code   RO         8308    i.prvCheckTasksWaitingTermination  tasks.o
    0x0801313c   0x0801313c   0x0000002a   Code   RO         7893    i.prvCopyDataFromQueue  queue.o
    0x08013166   0x08013166   0x0000007e   Code   RO         7894    i.prvCopyDataToQueue  queue.o
    0x080131e4   0x080131e4   0x00000050   Code   RO         8309    i.prvDeleteTCB      tasks.o
    0x08013234   0x08013234   0x00000014   Code   RO         7895    i.prvGetDisinheritPriorityAfterTimeout  queue.o
    0x08013248   0x08013248   0x00000028   Code   RO         8683    i.prvGetNextExpireTime  timers.o
    0x08013270   0x08013270   0x0000007c   Code   RO         9396    i.prvHeapInit       heap_4.o
    0x080132ec   0x080132ec   0x00000028   Code   RO         8310    i.prvIdleTask       tasks.o
    0x08013314   0x08013314   0x0000001e   Code   RO         7896    i.prvInitialiseMutex  queue.o
    0x08013332   0x08013332   0x0000002a   Code   RO         7897    i.prvInitialiseNewQueue  queue.o
    0x0801335c   0x0801335c   0x000000be   Code   RO         8311    i.prvInitialiseNewTask  tasks.o
    0x0801341a   0x0801341a   0x00000002   PAD
    0x0801341c   0x0801341c   0x00000068   Code   RO         8312    i.prvInitialiseTaskLists  tasks.o
    0x08013484   0x08013484   0x00000068   Code   RO         9397    i.prvInsertBlockIntoFreeList  heap_4.o
    0x080134ec   0x080134ec   0x00000058   Code   RO         8685    i.prvInsertTimerInActiveList  timers.o
    0x08013544   0x08013544   0x0000001a   Code   RO         7898    i.prvIsQueueEmpty   queue.o
    0x0801355e   0x0801355e   0x0000001e   Code   RO         7899    i.prvIsQueueFull    queue.o
    0x0801357c   0x0801357c   0x00000074   Code   RO         8686    i.prvProcessExpiredTimer  timers.o
    0x080135f0   0x080135f0   0x00000164   Code   RO         8687    i.prvProcessReceivedCommands  timers.o
    0x08013754   0x08013754   0x00000074   Code   RO         8688    i.prvProcessTimerOrBlockTask  timers.o
    0x080137c8   0x080137c8   0x00000034   Code   RO         8314    i.prvResetNextTaskUnblockTime  tasks.o
    0x080137fc   0x080137fc   0x0000002c   Code   RO         8689    i.prvSampleTimeNow  timers.o
    0x08013828   0x08013828   0x000000a4   Code   RO         8690    i.prvSwitchTimerLists  timers.o
    0x080138cc   0x080138cc   0x00000040   Code   RO         9452    i.prvTaskExitError  port.o
    0x0801390c   0x0801390c   0x0000001a   Code   RO         8691    i.prvTimerTask      timers.o
    0x08013926   0x08013926   0x0000007e   Code   RO         7900    i.prvUnlockQueue    queue.o
    0x080139a4   0x080139a4   0x00000010   Code   RO        12241    i.ptr_to_mem        mem.o
    0x080139b4   0x080139b4   0x0000014c   Code   RO         9398    i.pvPortMalloc      heap_4.o
    0x08013b00   0x08013b00   0x00000020   Code   RO         8317    i.pvTaskIncrementMutexHeldCount  tasks.o
    0x08013b20   0x08013b20   0x0000002c   Code   RO         9453    i.pxPortInitialiseStack  port.o
    0x08013b4c   0x08013b4c   0x00000048   Code   RO        14415    i.sys_arch_mbox_fetch  sys_arch.o
    0x08013b94   0x08013b94   0x00000018   Code   RO        14417    i.sys_arch_protect  sys_arch.o
    0x08013bac   0x08013bac   0x00000014   Code   RO        14419    i.sys_arch_unprotect  sys_arch.o
    0x08013bc0   0x08013bc0   0x00000054   Code   RO        13534    i.sys_check_timeouts  timeouts.o
    0x08013c14   0x08013c14   0x00000014   Code   RO        14420    i.sys_init          sys_arch.o
    0x08013c28   0x08013c28   0x00000020   Code   RO        14422    i.sys_mbox_new      sys_arch.o
    0x08013c48   0x08013c48   0x0000001e   Code   RO        14425    i.sys_mbox_trypost  sys_arch.o
    0x08013c66   0x08013c66   0x0000000e   Code   RO        14427    i.sys_mbox_valid    sys_arch.o
    0x08013c74   0x08013c74   0x00000010   Code   RO        14429    i.sys_mutex_lock    sys_arch.o
    0x08013c84   0x08013c84   0x0000001a   Code   RO        14430    i.sys_mutex_new     sys_arch.o
    0x08013c9e   0x08013c9e   0x0000000c   Code   RO        14431    i.sys_mutex_unlock  sys_arch.o
    0x08013caa   0x08013caa   0x00000008   Code   RO         9605    i.sys_now           ethernetif.o
    0x08013cb2   0x08013cb2   0x00000032   Code   RO        14437    i.sys_thread_new    sys_arch.o
    0x08013ce4   0x08013ce4   0x000000d0   Code   RO        13536    i.sys_timeout       timeouts.o
    0x08013db4   0x08013db4   0x00000140   Code   RO        13537    i.sys_timeout_abs   timeouts.o
    0x08013ef4   0x08013ef4   0x00000028   Code   RO        13538    i.sys_timeouts_init  timeouts.o
    0x08013f1c   0x08013f1c   0x000000cc   Code   RO        13539    i.sys_timeouts_sleeptime  timeouts.o
    0x08013fe8   0x08013fe8   0x000001d4   Code   RO        12935    i.tcp_abandon       tcp.o
    0x080141bc   0x080141bc   0x0000000e   Code   RO        12936    i.tcp_abort         tcp.o
    0x080141ca   0x080141ca   0x00000002   PAD
    0x080141cc   0x080141cc   0x000000c0   Code   RO        12939    i.tcp_alloc         tcp.o
    0x0801428c   0x0801428c   0x000000b0   Code   RO        12943    i.tcp_close         tcp.o
    0x0801433c   0x0801433c   0x0000020c   Code   RO        12944    i.tcp_close_shutdown  tcp.o
    0x08014548   0x08014548   0x000000e8   Code   RO        12945    i.tcp_close_shutdown_fin  tcp.o
    0x08014630   0x08014630   0x000001d4   Code   RO        13369    i.tcp_create_segment  tcp_out.o
    0x08014804   0x08014804   0x000000d4   Code   RO        12948    i.tcp_eff_send_mss_netif  tcp.o
    0x080148d8   0x080148d8   0x000002c0   Code   RO        13370    i.tcp_enqueue_flags  tcp_out.o
    0x08014b98   0x08014b98   0x0000009c   Code   RO        12950    i.tcp_fasttmr       tcp.o
    0x08014c34   0x08014c34   0x00000094   Code   RO        12951    i.tcp_free          tcp.o
    0x08014cc8   0x08014cc8   0x0000015c   Code   RO        13276    i.tcp_free_acked_segments  tcp_in.o
    0x08014e24   0x08014e24   0x0000009c   Code   RO        12952    i.tcp_free_listen   tcp.o
    0x08014ec0   0x08014ec0   0x00000014   Code   RO        12953    i.tcp_free_ooseq    tcp.o
    0x08014ed4   0x08014ed4   0x00000048   Code   RO        13277    i.tcp_get_next_optbyte  tcp_in.o
    0x08014f1c   0x08014f1c   0x00000034   Code   RO        12954    i.tcp_handle_closepend  tcp.o
    0x08014f50   0x08014f50   0x00000018   Code   RO        12955    i.tcp_init          tcp.o
    0x08014f68   0x08014f68   0x00000818   Code   RO        13278    i.tcp_input         tcp_in.o
    0x08015780   0x08015780   0x000000e8   Code   RO        13279    i.tcp_input_delayed_close  tcp_in.o
    0x08015868   0x08015868   0x000000dc   Code   RO        13371    i.tcp_keepalive     tcp_out.o
    0x08015944   0x08015944   0x00000068   Code   RO        12956    i.tcp_kill_prio     tcp.o
    0x080159ac   0x080159ac   0x000000d0   Code   RO        12957    i.tcp_kill_state    tcp.o
    0x08015a7c   0x08015a7c   0x0000003c   Code   RO        12958    i.tcp_kill_timewait  tcp.o
    0x08015ab8   0x08015ab8   0x000000d4   Code   RO        12959    i.tcp_listen_closed  tcp.o
    0x08015b8c   0x08015b8c   0x000001f4   Code   RO        13280    i.tcp_listen_input  tcp_in.o
    0x08015d80   0x08015d80   0x0000004c   Code   RO        12962    i.tcp_netif_ip_addr_changed  tcp.o
    0x08015dcc   0x08015dcc   0x000000d0   Code   RO        12963    i.tcp_netif_ip_addr_changed_pcblist  tcp.o
    0x08015e9c   0x08015e9c   0x000000b0   Code   RO        12967    i.tcp_next_iss      tcp.o
    0x08015f4c   0x08015f4c   0x0000012c   Code   RO        13281    i.tcp_oos_insert_segment  tcp_in.o
    0x08016078   0x08016078   0x00000364   Code   RO        13372    i.tcp_output        tcp_out.o
    0x080163dc   0x080163dc   0x000000dc   Code   RO        13373    i.tcp_output_alloc_header  tcp_out.o
    0x080164b8   0x080164b8   0x00000124   Code   RO        13374    i.tcp_output_alloc_header_common  tcp_out.o
    0x080165dc   0x080165dc   0x000000fc   Code   RO        13375    i.tcp_output_control_segment  tcp_out.o
    0x080166d8   0x080166d8   0x00000124   Code   RO        13376    i.tcp_output_fill_options  tcp_out.o
    0x080167fc   0x080167fc   0x0000024c   Code   RO        13377    i.tcp_output_segment  tcp_out.o
    0x08016a48   0x08016a48   0x000000b4   Code   RO        13378    i.tcp_output_segment_busy  tcp_out.o
    0x08016afc   0x08016afc   0x00000130   Code   RO        13282    i.tcp_parseopt      tcp_in.o
    0x08016c2c   0x08016c2c   0x000000dc   Code   RO        12968    i.tcp_pcb_purge     tcp.o
    0x08016d08   0x08016d08   0x000001d8   Code   RO        12969    i.tcp_pcb_remove    tcp.o
    0x08016ee0   0x08016ee0   0x00000744   Code   RO        13283    i.tcp_process       tcp_in.o
    0x08017624   0x08017624   0x00000134   Code   RO        12971    i.tcp_process_refused_data  tcp.o
    0x08017758   0x08017758   0x00000c7c   Code   RO        13284    i.tcp_receive       tcp_in.o
    0x080183d4   0x080183d4   0x000000c4   Code   RO        12973    i.tcp_recv_null     tcp.o
    0x08018498   0x08018498   0x0000011c   Code   RO        12974    i.tcp_recved        tcp.o
    0x080185b4   0x080185b4   0x000000b4   Code   RO        12975    i.tcp_remove_listener  tcp.o
    0x08018668   0x08018668   0x00000104   Code   RO        13380    i.tcp_rexmit        tcp_out.o
    0x0801876c   0x0801876c   0x0000010c   Code   RO        13381    i.tcp_rexmit_fast   tcp_out.o
    0x08018878   0x08018878   0x000000a8   Code   RO        13382    i.tcp_rexmit_rto    tcp_out.o
    0x08018920   0x08018920   0x000000b8   Code   RO        13383    i.tcp_rexmit_rto_commit  tcp_out.o
    0x080189d8   0x080189d8   0x00000118   Code   RO        13384    i.tcp_rexmit_rto_prepare  tcp_out.o
    0x08018af0   0x08018af0   0x0000001e   Code   RO        13385    i.tcp_route         tcp_out.o
    0x08018b0e   0x08018b0e   0x00000002   PAD
    0x08018b10   0x08018b10   0x00000128   Code   RO        13386    i.tcp_rst           tcp_out.o
    0x08018c38   0x08018c38   0x000000b4   Code   RO        12976    i.tcp_seg_copy      tcp.o
    0x08018cec   0x08018cec   0x0000001a   Code   RO        12977    i.tcp_seg_free      tcp.o
    0x08018d06   0x08018d06   0x00000018   Code   RO        12978    i.tcp_segs_free     tcp.o
    0x08018d1e   0x08018d1e   0x00000002   PAD
    0x08018d20   0x08018d20   0x00000140   Code   RO        13387    i.tcp_send_empty_ack  tcp_out.o
    0x08018e60   0x08018e60   0x000000e0   Code   RO        13388    i.tcp_send_fin      tcp_out.o
    0x08018f40   0x08018f40   0x00000734   Code   RO        12982    i.tcp_slowtmr       tcp.o
    0x08019674   0x08019674   0x000002d0   Code   RO        13389    i.tcp_split_unsent_seg  tcp_out.o
    0x08019944   0x08019944   0x00000038   Code   RO        13541    i.tcp_timer_needed  timeouts.o
    0x0801997c   0x0801997c   0x00000144   Code   RO        13285    i.tcp_timewait_input  tcp_in.o
    0x08019ac0   0x08019ac0   0x00000024   Code   RO        12984    i.tcp_tmr           tcp.o
    0x08019ae4   0x08019ae4   0x00000014   Code   RO        13286    i.tcp_trigger_input_pcb_close  tcp_in.o
    0x08019af8   0x08019af8   0x00000118   Code   RO        12986    i.tcp_update_rcv_ann_wnd  tcp.o
    0x08019c10   0x08019c10   0x00000170   Code   RO        13392    i.tcp_zero_window_probe  tcp_out.o
    0x08019d80   0x08019d80   0x0000012c   Code   RO        11803    i.tcpip_init        tcpip.o
    0x08019eac   0x08019eac   0x000000cc   Code   RO        11804    i.tcpip_inpkt       tcpip.o
    0x08019f78   0x08019f78   0x00000030   Code   RO        11805    i.tcpip_input       tcpip.o
    0x08019fa8   0x08019fa8   0x00000038   Code   RO        13542    i.tcpip_tcp_timer   timeouts.o
    0x08019fe0   0x08019fe0   0x000000d0   Code   RO        11807    i.tcpip_thread      tcpip.o
    0x0801a0b0   0x0801a0b0   0x000000d4   Code   RO        11808    i.tcpip_thread_handle_msg  tcpip.o
    0x0801a184   0x0801a184   0x00000060   Code   RO        11809    i.tcpip_timeouts_mbox_fetch  tcpip.o
    0x0801a1e4   0x0801a1e4   0x000000c4   Code   RO        11810    i.tcpip_try_callback  tcpip.o
    0x0801a2a8   0x0801a2a8   0x00000018   Code   RO        13629    i.udp_init          udp.o
    0x0801a2c0   0x0801a2c0   0x0000024c   Code   RO        13630    i.udp_input         udp.o
    0x0801a50c   0x0801a50c   0x00000138   Code   RO        13631    i.udp_input_local_match  udp.o
    0x0801a644   0x0801a644   0x00000030   Code   RO        13632    i.udp_netif_ip_addr_changed  udp.o
    0x0801a674   0x0801a674   0x00000028   Code   RO         7853    i.uxListRemove      list.o
    0x0801a69c   0x0801a69c   0x00000018   Code   RO         8940    i.vApplicationGetIdleTaskMemory  cmsis_os2.o
    0x0801a6b4   0x0801a6b4   0x00000018   Code   RO         8941    i.vApplicationGetTimerTaskMemory  cmsis_os2.o
    0x0801a6cc   0x0801a6cc   0x0000001a   Code   RO         7854    i.vListInitialise   list.o
    0x0801a6e6   0x0801a6e6   0x00000006   Code   RO         7855    i.vListInitialiseItem  list.o
    0x0801a6ec   0x0801a6ec   0x00000034   Code   RO         7856    i.vListInsert       list.o
    0x0801a720   0x0801a720   0x00000018   Code   RO         7857    i.vListInsertEnd    list.o
    0x0801a738   0x0801a738   0x00000054   Code   RO         9455    i.vPortEnterCritical  port.o
    0x0801a78c   0x0801a78c   0x0000003c   Code   RO         9456    i.vPortExitCritical  port.o
    0x0801a7c8   0x0801a7c8   0x000000a4   Code   RO         9399    i.vPortFree         heap_4.o
    0x0801a86c   0x0801a86c   0x00000028   Code   RO         9457    i.vPortSetupTimerInterrupt  port.o
    0x0801a894   0x0801a894   0x00000078   Code   RO         9458    i.vPortValidateInterruptPriority  port.o
    0x0801a90c   0x0801a90c   0x0000002c   Code   RO         7906    i.vQueueAddToRegistry  queue.o
    0x0801a938   0x0801a938   0x00000032   Code   RO         7907    i.vQueueDelete      queue.o
    0x0801a96a   0x0801a96a   0x00000002   PAD
    0x0801a96c   0x0801a96c   0x00000030   Code   RO         7909    i.vQueueUnregisterQueue  queue.o
    0x0801a99c   0x0801a99c   0x0000004a   Code   RO         7910    i.vQueueWaitForMessageRestricted  queue.o
    0x0801a9e6   0x0801a9e6   0x00000002   PAD
    0x0801a9e8   0x0801a9e8   0x0000005c   Code   RO         8327    i.vTaskDelay        tasks.o
    0x0801aa44   0x0801aa44   0x00000018   Code   RO         8332    i.vTaskInternalSetTimeOutState  tasks.o
    0x0801aa5c   0x0801aa5c   0x0000000c   Code   RO         8333    i.vTaskMissedYield  tasks.o
    0x0801aa68   0x0801aa68   0x00000038   Code   RO         8335    i.vTaskPlaceOnEventList  tasks.o
    0x0801aaa0   0x0801aaa0   0x00000040   Code   RO         8336    i.vTaskPlaceOnEventListRestricted  tasks.o
    0x0801aae0   0x0801aae0   0x000000d0   Code   RO         8338    i.vTaskPriorityDisinheritAfterTimeout  tasks.o
    0x0801abb0   0x0801abb0   0x000000b8   Code   RO         8344    i.vTaskStartScheduler  tasks.o
    0x0801ac68   0x0801ac68   0x00000010   Code   RO         8346    i.vTaskSuspendAll   tasks.o
    0x0801ac78   0x0801ac78   0x00000090   Code   RO         8347    i.vTaskSwitchContext  tasks.o
    0x0801ad08   0x0801ad08   0x00000168   Code   RO         9459    i.xPortStartScheduler  port.o
    0x0801ae70   0x0801ae70   0x00000034   Code   RO         9460    i.xPortSysTickHandler  port.o
    0x0801aea4   0x0801aea4   0x0000005c   Code   RO         7911    i.xQueueCreateCountingSemaphore  queue.o
    0x0801af00   0x0801af00   0x00000064   Code   RO         7912    i.xQueueCreateCountingSemaphoreStatic  queue.o
    0x0801af64   0x0801af64   0x00000022   Code   RO         7913    i.xQueueCreateMutex  queue.o
    0x0801af86   0x0801af86   0x0000002a   Code   RO         7914    i.xQueueCreateMutexStatic  queue.o
    0x0801afb0   0x0801afb0   0x0000005a   Code   RO         7915    i.xQueueGenericCreate  queue.o
    0x0801b00a   0x0801b00a   0x000000e0   Code   RO         7916    i.xQueueGenericCreateStatic  queue.o
    0x0801b0ea   0x0801b0ea   0x00000002   PAD
    0x0801b0ec   0x0801b0ec   0x00000098   Code   RO         7917    i.xQueueGenericReset  queue.o
    0x0801b184   0x0801b184   0x000001a8   Code   RO         7918    i.xQueueGenericSend  queue.o
    0x0801b32c   0x0801b32c   0x000000fc   Code   RO         7919    i.xQueueGenericSendFromISR  queue.o
    0x0801b428   0x0801b428   0x000000e0   Code   RO         7922    i.xQueueGiveFromISR  queue.o
    0x0801b508   0x0801b508   0x00000048   Code   RO         7923    i.xQueueGiveMutexRecursive  queue.o
    0x0801b550   0x0801b550   0x00000168   Code   RO         7928    i.xQueueReceive     queue.o
    0x0801b6b8   0x0801b6b8   0x000000ca   Code   RO         7929    i.xQueueReceiveFromISR  queue.o
    0x0801b782   0x0801b782   0x00000002   PAD
    0x0801b784   0x0801b784   0x000001b8   Code   RO         7930    i.xQueueSemaphoreTake  queue.o
    0x0801b93c   0x0801b93c   0x0000004e   Code   RO         7931    i.xQueueTakeMutexRecursive  queue.o
    0x0801b98a   0x0801b98a   0x00000002   PAD
    0x0801b98c   0x0801b98c   0x0000008c   Code   RO         8349    i.xTaskCheckForTimeOut  tasks.o
    0x0801ba18   0x0801ba18   0x00000064   Code   RO         8350    i.xTaskCreate       tasks.o
    0x0801ba7c   0x0801ba7c   0x000000ba   Code   RO         8351    i.xTaskCreateStatic  tasks.o
    0x0801bb36   0x0801bb36   0x00000002   PAD
    0x0801bb38   0x0801bb38   0x0000000c   Code   RO         8354    i.xTaskGetCurrentTaskHandle  tasks.o
    0x0801bb44   0x0801bb44   0x00000020   Code   RO         8355    i.xTaskGetSchedulerState  tasks.o
    0x0801bb64   0x0801bb64   0x0000000c   Code   RO         8356    i.xTaskGetTickCount  tasks.o
    0x0801bb70   0x0801bb70   0x00000014   Code   RO         8357    i.xTaskGetTickCountFromISR  tasks.o
    0x0801bb84   0x0801bb84   0x00000144   Code   RO         8358    i.xTaskIncrementTick  tasks.o
    0x0801bcc8   0x0801bcc8   0x000000a4   Code   RO         8361    i.xTaskPriorityDisinherit  tasks.o
    0x0801bd6c   0x0801bd6c   0x000000a4   Code   RO         8362    i.xTaskPriorityInherit  tasks.o
    0x0801be10   0x0801be10   0x00000098   Code   RO         8363    i.xTaskRemoveFromEventList  tasks.o
    0x0801bea8   0x0801bea8   0x00000104   Code   RO         8364    i.xTaskResumeAll    tasks.o
    0x0801bfac   0x0801bfac   0x00000078   Code   RO         8700    i.xTimerCreateTimerTask  timers.o
    0x0801c024   0x0801c024   0x00000084   Code   RO         8701    i.xTimerGenericCommand  timers.o
    0x0801c0a8   0x0801c0a8   0x0000003c   Data   RO          442    .constdata          freertos.o
    0x0801c0e4   0x0801c0e4   0x00000008   Data   RO         3464    .constdata          stm32h7xx_hal_dma.o
    0x0801c0ec   0x0801c0ec   0x0000005c   Data   RO         5838    .constdata          stm32h7xx_hal_fdcan.o
    0x0801c148   0x0801c148   0x00000018   Data   RO         7179    .constdata          stm32h7xx_hal_uart.o
    0x0801c160   0x0801c160   0x00000010   Data   RO         7575    .constdata          stm32h7xx_hal_uart_ex.o
    0x0801c170   0x0801c170   0x00000010   Data   RO         7685    .constdata          system_stm32h7xx.o
    0x0801c180   0x0801c180   0x00000084   Data   RO         9537    .constdata          app.o
    0x0801c204   0x0801c204   0x0000000c   Data   RO         9610    .constdata          ethernetif.o
    0x0801c210   0x0801c210   0x0000000c   Data   RO        10538    .constdata          ethernet.o
    0x0801c21c   0x0801c21c   0x000000d0   Data   RO        12326    .constdata          memp.o
    0x0801c2ec   0x0801c2ec   0x00000050   Data   RO        12987    .constdata          tcp.o
    0x0801c33c   0x0801c33c   0x0000001c   Data   RO        13543    .constdata          timeouts.o
    0x0801c358   0x0801c358   0x00000008   Data   RO        14046    .constdata          ip4_addr.o
    0x0801c360   0x0801c360   0x00000018   Data   RO          443    .conststring        freertos.o
    0x0801c378   0x0801c378   0x00000030   Data   RO         9538    .conststring        app.o
    0x0801c3a8   0x0801c3a8   0x00000041   Data   RO        12151    .conststring        init.o
    0x0801c3e9   0x0801c3e9   0x00000003   PAD
    0x0801c3ec   0x0801c3ec   0x00000075   Data   RO        12988    .conststring        tcp.o
    0x0801c461   0x0801c461   0x00000003   PAD
    0x0801c464   0x0801c464   0x00000055   Data   RO        13393    .conststring        tcp_out.o
    0x0801c4b9   0x0801c4b9   0x00000003   PAD
    0x0801c4bc   0x0801c4bc   0x00000041   Data   RO        13818    .conststring        etharp.o
    0x0801c4fd   0x0801c4fd   0x00000003   PAD
    0x0801c500   0x0801c500   0x00000020   Data   RO        15208    Region$$Table       anon$$obj.o


    Execution Region RW_IRAM1 (Exec base: 0x20000000, Load base: 0x0801c520, Size: 0x00000000, Max: 0x00020000, ABSOLUTE)

    **** No section assigned to this execution region ****


    Execution Region RW_IRAM2 (Exec base: 0x24000000, Load base: 0x0801c520, Size: 0x000158e8, Max: 0x00080000, ABSOLUTE, COMPRESSED[0x00000134])

    Exec Addr    Load Addr    Size         Type   Attr      Idx    E Section Name        Object

    0x24000000   COMPRESSED   0x00004983   Data   RW         9608    .Rx_PoolSection     ethernetif.o
    0x24004983   COMPRESSED   0x00000001   PAD
    0x24004984   COMPRESSED   0x00000008   Data   RW          444    .data               freertos.o
    0x2400498c   COMPRESSED   0x00000004   Data   RW          554    .data               fdcan.o
    0x24004990   COMPRESSED   0x00000009   Data   RW         4360    .data               stm32h7xx_hal.o
    0x24004999   COMPRESSED   0x00000003   PAD
    0x2400499c   COMPRESSED   0x00000008   Data   RW         7686    .data               system_stm32h7xx.o
    0x240049a4   COMPRESSED   0x0000003c   Data   RW         8367    .data               tasks.o
    0x240049e0   COMPRESSED   0x00000014   Data   RW         8709    .data               timers.o
    0x240049f4   COMPRESSED   0x00000004   Data   RW         8943    .data               cmsis_os2.o
    0x240049f8   COMPRESSED   0x00000020   Data   RW         9405    .data               heap_4.o
    0x24004a18   COMPRESSED   0x0000000c   Data   RW         9461    .data               port.o
    0x24004a24   COMPRESSED   0x00000088   Data   RW         9539    .data               app.o
    0x24004aac   COMPRESSED   0x00000024   Data   RW         9611    .data               ethernetif.o
    0x24004ad0   COMPRESSED   0x00000018   Data   RW         9841    .data               lwip.o
    0x24004ae8   COMPRESSED   0x00000010   Data   RW        11811    .data               tcpip.o
    0x24004af8   COMPRESSED   0x00000010   Data   RW        12242    .data               mem.o
    0x24004b08   COMPRESSED   0x00000034   Data   RW        12327    .data               memp.o
    0x24004b3c   COMPRESSED   0x00000009   Data   RW        12455    .data               netif.o
    0x24004b45   COMPRESSED   0x00000001   Data   RW        12660    .data               pbuf.o
    0x24004b46   COMPRESSED   0x00000002   PAD
    0x24004b48   COMPRESSED   0x00000020   Data   RW        12989    .data               tcp.o
    0x24004b68   COMPRESSED   0x00000028   Data   RW        13288    .data               tcp_in.o
    0x24004b90   COMPRESSED   0x0000000c   Data   RW        13544    .data               timeouts.o
    0x24004b9c   COMPRESSED   0x00000008   Data   RW        13642    .data               udp.o
    0x24004ba4   COMPRESSED   0x00000001   Data   RW        13819    .data               etharp.o
    0x24004ba5   COMPRESSED   0x00000001   PAD
    0x24004ba6   COMPRESSED   0x00000002   Data   RW        13986    .data               ip4.o
    0x24004ba8   COMPRESSED   0x00000006   Data   RW        14122    .data               ip4_frag.o
    0x24004bae   COMPRESSED   0x00000002   PAD
    0x24004bb0   COMPRESSED   0x00000008   Data   RW        14438    .data               sys_arch.o
    0x24004bb8   COMPRESSED   0x00000004   Data   RW        14868    .data               mc_w.l(rand.o)
    0x24004bbc   COMPRESSED   0x00000004   Data   RW        15169    .data               mc_w.l(stdout.o)
    0x24004bc0        -       0x000000dc   Zero   RW          486    .bss                adc.o
    0x24004c9c        -       0x00000140   Zero   RW          553    .bss                fdcan.o
    0x24004ddc        -       0x00000198   Zero   RW          602    .bss                i2c.o
    0x24004f74        -       0x00000010   Zero   RW          647    .bss                iwdg.o
    0x24004f84        -       0x00000024   Zero   RW          679    .bss                rtc.o
    0x24004fa8        -       0x00000088   Zero   RW          721    .bss                spi.o
    0x24005030        -       0x00000468   Zero   RW          768    .bss                tim.o
    0x24005498        -       0x000007bc   Zero   RW          839    .bss                usart.o
    0x24005c54        -       0x000000bc   Zero   RW         1169    .bss                stm32h7xx_hal_timebase_tim.o
    0x24005d10        -       0x00000040   Zero   RW         7932    .bss                queue.o
    0x24005d50        -       0x000004c4   Zero   RW         8366    .bss                tasks.o
    0x24006214        -       0x00000118   Zero   RW         8708    .bss                timers.o
    0x2400632c        -       0x000006b8   Zero   RW         8942    .bss                cmsis_os2.o
    0x240069e4        -       0x00003c00   Zero   RW         9404    .bss                heap_4.o
    0x2400a5e4        -       0x00000108   Zero   RW         9609    .bss                ethernetif.o
    0x2400a6ec        -       0x00000058   Zero   RW         9840    .bss                lwip.o
    0x2400a744        -       0x00000018   Zero   RW        12205    .bss                ip.o
    0x2400a75c        -       0x0000308b   Zero   RW        12325    .bss                memp.o
    0x2400d7e7   COMPRESSED   0x00000001   PAD
    0x2400d7e8        -       0x00000010   Zero   RW        13287    .bss                tcp_in.o
    0x2400d7f8        -       0x000000f0   Zero   RW        13817    .bss                etharp.o
    0x2400d8e8        -       0x00008000   Zero   RW            1    STACK               startup_stm32h743xx.o



  Load Region LR$$.ARM.__AT_0x30000000 (Base: 0x30000000, Size: 0x00000000, Max: 0x00000060, ABSOLUTE)

    Execution Region ER$$.ARM.__AT_0x30000000 (Exec base: 0x30000000, Load base: 0x30000000, Size: 0x00000060, Max: 0x00000060, ABSOLUTE, UNINIT)

    Exec Addr    Load Addr    Size         Type   Attr      Idx    E Section Name        Object

    0x30000000        -       0x00000060   Zero   RW         9606    .ARM.__AT_0x30000000  ethernetif.o



  Load Region LR$$.ARM.__AT_0x30000080 (Base: 0x30000080, Size: 0x00000000, Max: 0x00000060, ABSOLUTE)

    Execution Region ER$$.ARM.__AT_0x30000080 (Exec base: 0x30000080, Load base: 0x30000080, Size: 0x00000060, Max: 0x00000060, ABSOLUTE, UNINIT)

    Exec Addr    Load Addr    Size         Type   Attr      Idx    E Section Name        Object

    0x30000080        -       0x00000060   Zero   RW         9607    .ARM.__AT_0x30000080  ethernetif.o


==============================================================================

Image component sizes


      Code (inc. data)   RO Data    RW Data    ZI Data      Debug   Object Name

       656         72          0          0        220       2291   adc.o
         0          0          0          0          0       7447   api_lib.o
         0          0          0          0          0       4567   api_msg.o
       220         74        180        136          0       3114   app.o
         0          0          0          0          0       2188   auth.o
         0          0          0          0          0       5791   bridgeif.o
      1628         54          0          4       1720      79808   cmsis_os2.o
        38          0          0          0          0       1146   def.o
       240          6          0          0          0       1006   dma.o
         0          0          0          0          0       2428   err.o
       438          0          0          0          0       2945   eth_custom_phy_interface.o
      3820       1206         65          1        240      12463   etharp.o
       456        154         12          0          0       2890   ethernet.o
      1956        254         12      18855        456      54569   ethernetif.o
         0          0          0          0          0      19428   event_groups.o
       648         42          0          4        320       2788   fdcan.o
        60         20         84          8          0       2018   freertos.o
       816         34          0          0          0       1575   gpio.o
       724         74          0         32      15360       5007   heap_4.o
         0          0          0          0        408        320   i2c.o
      1004        350          0          0          0       4890   icmp.o
       200          0          0          0          0       2984   inet_chksum.o
       160         92         65          0          0      10127   init.o
         0          0          0          0         24       3226   ip.o
      1078        184          0          2          0       5800   ip4.o
        78          0          8          0          0       8802   ip4_addr.o
      3562       1192          0          6          0      12730   ip4_frag.o
        48         10          0          0         16        705   iwdg.o
       148          0          0          0          0       3710   list.o
       610         56          0         24         88       2148   lwip.o
       818         30          0          0          0    1503917   main.o
      2652       1098          0         16          0       8726   mem.o
      1128        720        208         52      12427      12604   memp.o
         0          0          0          0          0       7952   netbuf.o
      2076        998          0          9          0      16338   netif.o
      4010       1802          0          1          0      17525   pbuf.o
      1014         92          0         12          0      11849   port.o
      3444         30          0          0         64      31124   queue.o
       212         20          0          0         36       1847   rtc.o
       332         26          0          0        136       1953   spi.o
        44         12        664          0      32768        844   startup_stm32h743xx.o
       184         44          0          9          0      23437   stm32h7xx_hal.o
      3420        246          0          0          0      74615   stm32h7xx_hal_adc.o
        10          0          0          0          0       3769   stm32h7xx_hal_adc_ex.o
       458         40          0          0          0      41576   stm32h7xx_hal_cortex.o
      8670        168          8          0          0      13997   stm32h7xx_hal_dma.o
      4348         78          0          0          0      23569   stm32h7xx_hal_eth.o
      2294         32         92          0          0      17524   stm32h7xx_hal_fdcan.o
       570         56          0          0          0       4133   stm32h7xx_hal_gpio.o
      2440         36          0          0          0      15328   stm32h7xx_hal_i2c.o
       116          0          0          0          0       1440   stm32h7xx_hal_iwdg.o
        48          6          0          0          0        950   stm32h7xx_hal_msp.o
        96          6          0          0          0        777   stm32h7xx_hal_pwr_ex.o
      3748        124          0          0          0       7729   stm32h7xx_hal_rcc.o
      8084        186          0          0          0      10999   stm32h7xx_hal_rcc_ex.o
       884         28          0          0          0       5988   stm32h7xx_hal_rtc.o
      1370         18          0          0          0       7663   stm32h7xx_hal_spi.o
      1532        148          0          0          0      13674   stm32h7xx_hal_tim.o
       212         30          0          0          0       3887   stm32h7xx_hal_tim_ex.o
       160         20          0          0        188       1671   stm32h7xx_hal_timebase_tim.o
      4312        218         24          0          0      40368   stm32h7xx_hal_uart.o
       360         10         16          0          0       5590   stm32h7xx_hal_uart_ex.o
       512        180          0          0          0      18517   stm32h7xx_it.o
         0          0          0          0          0        392   stream_buffer.o
       316         18          0          8          0      12812   sys_arch.o
       288         46         16          8          0       1909   system_stm32h7xx.o
      3244        390          0         60       1220      31518   tasks.o
      7468       3234        197         32          0      35836   tcp.o
      9228       2264          0         40         16      23187   tcp_in.o
      7202       3062         85          0          0      29554   tcp_out.o
      1264        682          0         16          0       8340   tcpip.o
       992         76          0          0       1128       5303   tim.o
      1048        492         28         12          0       7747   timeouts.o
      1318        124          0         20        280      30563   timers.o
       972        354          0          8          0       5870   udp.o
      1580        106          0          0       1980       3958   usart.o

    ----------------------------------------------------------------------
    113156      21224       1808      19384      69096    2417780   Object Totals
         0          0         32          0          0          0   (incl. Generated)
        90          0         12          9          1          0   (incl. Padding)

    ----------------------------------------------------------------------

      Code (inc. data)   RO Data    RW Data    ZI Data      Debug   Library Member Name

        86          0          0          0          0          0   __dczerorl2.o
         0          0          0          0          0          0   entry.o
         0          0          0          0          0          0   entry10a.o
         0          0          0          0          0          0   entry11a.o
         4          0          0          0          0          0   entry12b.o
         8          4          0          0          0          0   entry2.o
         4          0          0          0          0          0   entry5.o
         0          0          0          0          0          0   entry7b.o
         0          0          0          0          0          0   entry8b.o
         8          4          0          0          0          0   entry9a.o
        18          0          0          0          0         80   fputc.o
        30          0          0          0          0          0   handlers.o
        36          8          0          0          0         68   init.o
         0          0          0          0          0          0   iusesemip.o
        30          0          0          0          0         68   llshl.o
        32          0          0          0          0         68   llushr.o
        26          0          0          0          0         80   memcmp.o
        64          0          0          0          0         76   memmovea.o
        36          0          0          0          0        108   memseta.o
       472         14          0          0          0        184   printf3.o
        36         10          0          4          0        136   rand.o
         0          0          0          0          0          0   semi.o
         0          0          0          4          0          0   stdout.o
        44          0          0          0          0         80   uidiv.o
        98          0          0          0          0         92   uldiv.o

    ----------------------------------------------------------------------
      1036         40          0          8          0       1040   Library Totals
         4          0          0          0          0          0   (incl. Padding)

    ----------------------------------------------------------------------

      Code (inc. data)   RO Data    RW Data    ZI Data      Debug   Library Name

      1032         40          0          8          0       1040   mc_w.l

    ----------------------------------------------------------------------
      1036         40          0          8          0       1040   Library Totals

    ----------------------------------------------------------------------

==============================================================================


      Code (inc. data)   RO Data    RW Data    ZI Data      Debug   

    114192      21264       1808      19392      69096    2360888   Grand Totals
    114192      21264       1808        308      69096    2360888   ELF Image Totals (compressed)
    114192      21264       1808        308          0          0   ROM Totals

==============================================================================

    Total RO  Size (Code + RO Data)               116000 ( 113.28kB)
    Total RW  Size (RW Data + ZI Data)             88488 (  86.41kB)
    Total ROM Size (Code + RO Data + RW Data)     116308 ( 113.58kB)

==============================================================================

